
 Start         Length     Name                   Class
 0001:00000000 00081700H .text                   CODE
 0002:00000000 00002944H .data                   DATA
 0002:00002944 00004211H .bss                    BSS


Detailed map of segments

 0001:00000000 0000552B C=CODE     S=.text    G=(none)   M=System   ACBP=A9
 0001:0000552C 00000140 C=CODE     S=.text    G=(none)   M=SysInit  ACBP=A9
 0001:0000566C 000000BC C=CODE     S=.text    G=(none)   M=Types    ACBP=A9
 0001:00005728 00000CA0 C=CODE     S=.text    G=(none)   M=Windows  ACBP=A9
 0001:000063C8 00000038 C=CODE     S=.text    G=(none)   M=Messages ACBP=A9
 0001:00006400 00000328 C=CODE     S=.text    G=(none)   M=SysConst ACBP=A9
 0001:00006728 00006698 C=CODE     S=.text    G=(none)   M=SysUtils ACBP=A9
 0001:0000CDC0 000007FB C=CODE     S=.text    G=(none)   M=VarUtils ACBP=A9
 0001:0000D5BC 000066BA C=CODE     S=.text    G=(none)   M=Variants ACBP=A9
 0001:00013C78 00000138 C=CODE     S=.text    G=(none)   M=RTLConsts ACBP=A9
 0001:00013DB0 00000DB0 C=CODE     S=.text    G=(none)   M=TypInfo  ACBP=A9
 0001:00014B60 00000058 C=CODE     S=.text    G=(none)   M=ActiveX  ACBP=A9
 0001:00014BB8 0000CCEA C=CODE     S=.text    G=(none)   M=Classes  ACBP=A9
 0001:000218A4 000002A8 C=CODE     S=.text    G=(none)   M=Consts   ACBP=A9
 0001:00021B4C 0000746B C=CODE     S=.text    G=(none)   M=Graphics ACBP=A9
 0001:00028FB8 000001DC C=CODE     S=.text    G=(none)   M=Math     ACBP=A9
 0001:00029194 000002B8 C=CODE     S=.text    G=(none)   M=Contnrs  ACBP=A9
 0001:0002944C 000005C8 C=CODE     S=.text    G=(none)   M=CommCtrl ACBP=A9
 0001:00029A14 00000787 C=CODE     S=.text    G=(none)   M=MultiMon ACBP=A9
 0001:0002A19C 00000038 C=CODE     S=.text    G=(none)   M=Imm      ACBP=A9
 0001:0002A1D4 00000FF8 C=CODE     S=.text    G=(none)   M=HelpIntfs ACBP=A9
 0001:0002B1CC 00000038 C=CODE     S=.text    G=(none)   M=WinSpool ACBP=A9
 0001:0002B204 00000044 C=CODE     S=.text    G=(none)   M=Printers ACBP=A9
 0001:0002B248 0000031F C=CODE     S=.text    G=(none)   M=FlatSB   ACBP=A9
 0001:0002B568 00000340 C=CODE     S=.text    G=(none)   M=SyncObjs ACBP=A9
 0001:0002B8A8 000009BB C=CODE     S=.text    G=(none)   M=UxTheme  ACBP=A9
 0001:0002C264 00000038 C=CODE     S=.text    G=(none)   M=RichEdit ACBP=A9
 0001:0002C29C 00000038 C=CODE     S=.text    G=(none)   M=ToolWin  ACBP=A9
 0001:0002C2D4 00000038 C=CODE     S=.text    G=(none)   M=ShellAPI ACBP=A9
 0001:0002C30C 00000038 C=CODE     S=.text    G=(none)   M=RegStr   ACBP=A9
 0001:0002C344 00000038 C=CODE     S=.text    G=(none)   M=WinInet  ACBP=A9
 0001:0002C37C 00000038 C=CODE     S=.text    G=(none)   M=UrlMon   ACBP=A9
 0001:0002C3B4 0000006C C=CODE     S=.text    G=(none)   M=ShlObj   ACBP=A9
 0001:0002C420 00000038 C=CODE     S=.text    G=(none)   M=CommDlg  ACBP=A9
 0001:0002C458 00000038 C=CODE     S=.text    G=(none)   M=Dlgs     ACBP=A9
 0001:0002C490 0000066D C=CODE     S=.text    G=(none)   M=Dialogs  ACBP=A9
 0001:0002CB00 00002722 C=CODE     S=.text    G=(none)   M=ExtCtrls ACBP=A9
 0001:0002F224 00000048 C=CODE     S=.text    G=(none)   M=ComStrs  ACBP=A9
 0001:0002F26C 00000094 C=CODE     S=.text    G=(none)   M=Clipbrd  ACBP=A9
 0001:0002F300 00000038 C=CODE     S=.text    G=(none)   M=StrUtils ACBP=A9
 0001:0002F338 00003821 C=CODE     S=.text    G=(none)   M=Buttons  ACBP=A9
 0001:00032B5C 00000038 C=CODE     S=.text    G=(none)   M=ExtDlgs  ACBP=A9
 0001:00032B94 00000068 C=CODE     S=.text    G=(none)   M=IniFiles ACBP=A9
 0001:00032BFC 00000068 C=CODE     S=.text    G=(none)   M=Registry ACBP=A9
 0001:00032C64 0000006C C=CODE     S=.text    G=(none)   M=Mapi     ACBP=A9
 0001:00032CD0 00000058 C=CODE     S=.text    G=(none)   M=ExtActns ACBP=A9
 0001:00032D28 00001C44 C=CODE     S=.text    G=(none)   M=ListActns ACBP=A9
 0001:0003496C 0000A140 C=CODE     S=.text    G=(none)   M=ComCtrls ACBP=A9
 0001:0003EAAC 00000BC4 C=CODE     S=.text    G=(none)   M=Themes   ACBP=A9
 0001:0003F670 0000638C C=CODE     S=.text    G=(none)   M=StdCtrls ACBP=A9
 0001:000459FC 00000168 C=CODE     S=.text    G=(none)   M=StdActns ACBP=A9
 0001:00045B64 00000D1F C=CODE     S=.text    G=(none)   M=WinHelpViewer ACBP=A9
 0001:00046884 0001123B C=CODE     S=.text    G=(none)   M=Controls ACBP=A9
 0001:00057AC0 00001326 C=CODE     S=.text    G=(none)   M=ActnList ACBP=A9
 0001:00058DE8 00001B9C C=CODE     S=.text    G=(none)   M=ImgList  ACBP=A9
 0001:0005A984 00006639 C=CODE     S=.text    G=(none)   M=Menus    ACBP=A9
 0001:00060FC0 0000C484 C=CODE     S=.text    G=(none)   M=Forms    ACBP=A9
 0001:0006D444 00000A4C C=CODE     S=.text    G=(none)   M=Filters  ACBP=A9
 0001:0006DE90 00000184 C=CODE     S=.text    G=(none)   M=Packets  ACBP=A9
 0001:0006E014 00000038 C=CODE     S=.text    G=(none)   M=WinSock  ACBP=A9
 0001:0006E04C 000004D8 C=CODE     S=.text    G=(none)   M=Pcap     ACBP=A9
 0001:0006E524 00000698 C=CODE     S=.text    G=(none)   M=ThreadMessageQueue ACBP=A9
 0001:0006EBBC 00000710 C=CODE     S=.text    G=(none)   M=LabRADExceptions ACBP=A9
 0001:0006F2CC 000011B0 C=CODE     S=.text    G=(none)   M=LabRADTypeTree ACBP=A9
 0001:0007047C 00000CE1 C=CODE     S=.text    G=(none)   M=LabRADLinearUnits ACBP=A9
 0001:00071160 0000033C C=CODE     S=.text    G=(none)   M=LabRADNonLinearUnits ACBP=A9
 0001:0007149C 00000038 C=CODE     S=.text    G=(none)   M=LabRADUnitConversion ACBP=A9
 0001:000714D4 00000AC8 C=CODE     S=.text    G=(none)   M=LabRADUnflattener ACBP=A9
 0001:00071F9C 00000057 C=CODE     S=.text    G=(none)   M=LabRADTimeStamps ACBP=A9
 0001:00071FF4 00000D90 C=CODE     S=.text    G=(none)   M=LabRADFlattener ACBP=A9
 0001:00072D84 00000038 C=CODE     S=.text    G=(none)   M=LabRADPrettyPrinter ACBP=A9
 0001:00072DBC 00000290 C=CODE     S=.text    G=(none)   M=LabRADMemoryTools ACBP=A9
 0001:0007304C 00000038 C=CODE     S=.text    G=(none)   M=LabRADDataConverter ACBP=A9
 0001:00073084 00002654 C=CODE     S=.text    G=(none)   M=LabRADDataStructures ACBP=A9
 0001:000756D8 000000D0 C=CODE     S=.text    G=(none)   M=LabRADWinSock2 ACBP=A9
 0001:000757A8 000007C3 C=CODE     S=.text    G=(none)   M=LabRADWSAThreadSocket ACBP=A9
 0001:00075F6C 00000270 C=CODE     S=.text    G=(none)   M=LabRADSharedObjects ACBP=A9
 0001:000761DC 000004A0 C=CODE     S=.text    G=(none)   M=LabRADPacketQueues ACBP=A9
 0001:0007667C 000006C0 C=CODE     S=.text    G=(none)   M=LabRADSocket ACBP=A9
 0001:00076D3C 000002CC C=CODE     S=.text    G=(none)   M=LabRADAPIInfo ACBP=A9
 0001:00077008 00000390 C=CODE     S=.text    G=(none)   M=LabRADMD5 ACBP=A9
 0001:00077398 00000118 C=CODE     S=.text    G=(none)   M=LabRADAPIExceptions ACBP=A9
 0001:000774B0 000005A0 C=CODE     S=.text    G=(none)   M=LabRADManagerDialog ACBP=A9
 0001:00077A50 000002F8 C=CODE     S=.text    G=(none)   M=LabRADPasswordDialog ACBP=A9
 0001:00077D48 00000228 C=CODE     S=.text    G=(none)   M=LabRADEnvironmentVariables ACBP=A9
 0001:00077F70 000001A0 C=CODE     S=.text    G=(none)   M=LabRADPacketHandler ACBP=A9
 0001:00078110 000019C4 C=CODE     S=.text    G=(none)   M=LabRADConnection ACBP=A9
 0001:00079AD4 000003F8 C=CODE     S=.text    G=(none)   M=LabRADEnvironmentDialog ACBP=A9
 0001:00079ECC 00001370 C=CODE     S=.text    G=(none)   M=LabRADServer ACBP=A9
 0001:0007B23C 00000EF4 C=CODE     S=.text    G=(none)   M=Contexts ACBP=A9
 0001:0007C130 00000038 C=CODE     S=.text    G=(none)   M=LabRADClient ACBP=A9
 0001:0007C168 00000BD4 C=CODE     S=.text    G=(none)   M=GetMAC   ACBP=A9
 0001:0007CD3C 00002A20 C=CODE     S=.text    G=(none)   M=Main     ACBP=A9
 0001:0007F75C 000003B8 C=CODE     S=.text    G=(none)   M=ListenThread ACBP=A9
 0001:0007FB14 00001874 C=CODE     S=.text    G=(none)   M=Adapter  ACBP=A9
 0001:00081388 00000375 C=CODE     S=.text    G=(none)   M=DirectEthernet ACBP=A9
 0002:00000000 000000A0 C=DATA     S=.data    G=DGROUP   M=System   ACBP=A9
 0002:000000A0 00000020 C=DATA     S=.data    G=DGROUP   M=SysInit  ACBP=A9
 0002:000000C0 00000254 C=DATA     S=.data    G=DGROUP   M=SysUtils ACBP=A9
 0002:00000314 00000008 C=DATA     S=.data    G=DGROUP   M=VarUtils ACBP=A9
 0002:0000031C 00000136 C=DATA     S=.data    G=DGROUP   M=Variants ACBP=A9
 0002:00000454 0000000C C=DATA     S=.data    G=DGROUP   M=TypInfo  ACBP=A9
 0002:00000460 00000080 C=DATA     S=.data    G=DGROUP   M=Classes  ACBP=A9
 0002:000004E0 00000304 C=DATA     S=.data    G=DGROUP   M=Graphics ACBP=A9
 0002:000007E4 00000004 C=DATA     S=.data    G=DGROUP   M=Printers ACBP=A9
 0002:000007E8 00000010 C=DATA     S=.data    G=DGROUP   M=ShlObj   ACBP=A9
 0002:000007F8 00000074 C=DATA     S=.data    G=DGROUP   M=Dialogs  ACBP=A9
 0002:0000086C 0000018C C=DATA     S=.data    G=DGROUP   M=ExtCtrls ACBP=A9
 0002:000009F8 0000009E C=DATA     S=.data    G=DGROUP   M=Buttons  ACBP=A9
 0002:00000A98 00000008 C=DATA     S=.data    G=DGROUP   M=IniFiles ACBP=A9
 0002:00000AA0 00000008 C=DATA     S=.data    G=DGROUP   M=Registry ACBP=A9
 0002:00000AA8 00000008 C=DATA     S=.data    G=DGROUP   M=Mapi     ACBP=A9
 0002:00000AB0 000000F4 C=DATA     S=.data    G=DGROUP   M=ComCtrls ACBP=A9
 0002:00000BA4 00000068 C=DATA     S=.data    G=DGROUP   M=Themes   ACBP=A9
 0002:00000C0C 00000090 C=DATA     S=.data    G=DGROUP   M=StdCtrls ACBP=A9
 0002:00000C9C 0000013C C=DATA     S=.data    G=DGROUP   M=Controls ACBP=A9
 0002:00000DD8 00000020 C=DATA     S=.data    G=DGROUP   M=ImgList  ACBP=A9
 0002:00000DF8 000000EC C=DATA     S=.data    G=DGROUP   M=Menus    ACBP=A9
 0002:00000EE4 00000120 C=DATA     S=.data    G=DGROUP   M=Forms    ACBP=A9
 0002:00001004 00000010 C=DATA     S=.data    G=DGROUP   M=Filters  ACBP=A9
 0002:00001014 0000002C C=DATA     S=.data    G=DGROUP   M=LabRADExceptions ACBP=A9
 0002:00001040 00000068 C=DATA     S=.data    G=DGROUP   M=LabRADTypeTree ACBP=A9
 0002:000010A8 000010A1 C=DATA     S=.data    G=DGROUP   M=LabRADLinearUnits ACBP=A9
 0002:0000214C 00000060 C=DATA     S=.data    G=DGROUP   M=LabRADNonLinearUnits ACBP=A9
 0002:000021AC 00000300 C=DATA     S=.data    G=DGROUP   M=LabRADMD5 ACBP=A9
 0002:000024AC 00000020 C=DATA     S=.data    G=DGROUP   M=GetMAC   ACBP=A9
 0002:000024CC 00000010 C=DATA     S=.data    G=DGROUP   M=Adapter  ACBP=A9
 0002:00003000 00000660 C=BSS      S=.bss     G=DGROUP   M=System   ACBP=A9
 0002:00003660 00000010 C=BSS      S=.bss     G=DGROUP   M=SysInit  ACBP=A9
 0002:00003670 00000004 C=BSS      S=.bss     G=DGROUP   M=Types    ACBP=A9
 0002:00003674 00000004 C=BSS      S=.bss     G=DGROUP   M=Windows  ACBP=A9
 0002:00003678 00000004 C=BSS      S=.bss     G=DGROUP   M=Messages ACBP=A9
 0002:0000367C 00000004 C=BSS      S=.bss     G=DGROUP   M=SysConst ACBP=A9
 0002:00003680 00000120 C=BSS      S=.bss     G=DGROUP   M=SysUtils ACBP=A9
 0002:000037A0 0000005C C=BSS      S=.bss     G=DGROUP   M=VarUtils ACBP=A9
 0002:000037FC 00000040 C=BSS      S=.bss     G=DGROUP   M=Variants ACBP=A9
 0002:0000383C 00000004 C=BSS      S=.bss     G=DGROUP   M=RTLConsts ACBP=A9
 0002:00003840 00000004 C=BSS      S=.bss     G=DGROUP   M=TypInfo  ACBP=A9
 0002:00003844 00000004 C=BSS      S=.bss     G=DGROUP   M=ActiveX  ACBP=A9
 0002:00003848 00000044 C=BSS      S=.bss     G=DGROUP   M=Classes  ACBP=A9
 0002:0000388C 00000004 C=BSS      S=.bss     G=DGROUP   M=Consts   ACBP=A9
 0002:00003890 00000060 C=BSS      S=.bss     G=DGROUP   M=Graphics ACBP=A9
 0002:000038F0 00000004 C=BSS      S=.bss     G=DGROUP   M=Math     ACBP=A9
 0002:000038F4 00000004 C=BSS      S=.bss     G=DGROUP   M=Contnrs  ACBP=A9
 0002:000038F8 0000000C C=BSS      S=.bss     G=DGROUP   M=CommCtrl ACBP=A9
 0002:00003904 00000031 C=BSS      S=.bss     G=DGROUP   M=MultiMon ACBP=A9
 0002:00003938 00000004 C=BSS      S=.bss     G=DGROUP   M=Imm      ACBP=A9
 0002:0000393C 00000008 C=BSS      S=.bss     G=DGROUP   M=HelpIntfs ACBP=A9
 0002:00003944 00000004 C=BSS      S=.bss     G=DGROUP   M=WinSpool ACBP=A9
 0002:00003948 00000004 C=BSS      S=.bss     G=DGROUP   M=Printers ACBP=A9
 0002:0000394C 00000034 C=BSS      S=.bss     G=DGROUP   M=FlatSB   ACBP=A9
 0002:00003980 00000004 C=BSS      S=.bss     G=DGROUP   M=SyncObjs ACBP=A9
 0002:00003984 000000CC C=BSS      S=.bss     G=DGROUP   M=UxTheme  ACBP=A9
 0002:00003A50 00000004 C=BSS      S=.bss     G=DGROUP   M=RichEdit ACBP=A9
 0002:00003A54 00000004 C=BSS      S=.bss     G=DGROUP   M=ToolWin  ACBP=A9
 0002:00003A58 00000004 C=BSS      S=.bss     G=DGROUP   M=ShellAPI ACBP=A9
 0002:00003A5C 00000004 C=BSS      S=.bss     G=DGROUP   M=RegStr   ACBP=A9
 0002:00003A60 00000004 C=BSS      S=.bss     G=DGROUP   M=WinInet  ACBP=A9
 0002:00003A64 00000004 C=BSS      S=.bss     G=DGROUP   M=UrlMon   ACBP=A9
 0002:00003A68 00000004 C=BSS      S=.bss     G=DGROUP   M=ShlObj   ACBP=A9
 0002:00003A6C 00000004 C=BSS      S=.bss     G=DGROUP   M=CommDlg  ACBP=A9
 0002:00003A70 00000004 C=BSS      S=.bss     G=DGROUP   M=Dlgs     ACBP=A9
 0002:00003A74 0000000C C=BSS      S=.bss     G=DGROUP   M=Dialogs  ACBP=A9
 0002:00003A80 00000004 C=BSS      S=.bss     G=DGROUP   M=ExtCtrls ACBP=A9
 0002:00003A84 00000004 C=BSS      S=.bss     G=DGROUP   M=ComStrs  ACBP=A9
 0002:00003A88 0000000C C=BSS      S=.bss     G=DGROUP   M=Clipbrd  ACBP=A9
 0002:00003A94 00000004 C=BSS      S=.bss     G=DGROUP   M=StrUtils ACBP=A9
 0002:00003A98 00000030 C=BSS      S=.bss     G=DGROUP   M=Buttons  ACBP=A9
 0002:00003AC8 00000004 C=BSS      S=.bss     G=DGROUP   M=ExtDlgs  ACBP=A9
 0002:00003ACC 00000004 C=BSS      S=.bss     G=DGROUP   M=IniFiles ACBP=A9
 0002:00003AD0 00000004 C=BSS      S=.bss     G=DGROUP   M=Registry ACBP=A9
 0002:00003AD4 00000004 C=BSS      S=.bss     G=DGROUP   M=Mapi     ACBP=A9
 0002:00003AD8 00000009 C=BSS      S=.bss     G=DGROUP   M=ExtActns ACBP=A9
 0002:00003AE4 00000004 C=BSS      S=.bss     G=DGROUP   M=ListActns ACBP=A9
 0002:00003AE8 00000015 C=BSS      S=.bss     G=DGROUP   M=ComCtrls ACBP=A9
 0002:00003B00 00000008 C=BSS      S=.bss     G=DGROUP   M=Themes   ACBP=A9
 0002:00003B08 00000004 C=BSS      S=.bss     G=DGROUP   M=StdCtrls ACBP=A9
 0002:00003B0C 00000004 C=BSS      S=.bss     G=DGROUP   M=StdActns ACBP=A9
 0002:00003B10 00000014 C=BSS      S=.bss     G=DGROUP   M=WinHelpViewer ACBP=A9
 0002:00003B24 00000080 C=BSS      S=.bss     G=DGROUP   M=Controls ACBP=A9
 0002:00003BA4 00000004 C=BSS      S=.bss     G=DGROUP   M=ActnList ACBP=A9
 0002:00003BA8 0000000C C=BSS      S=.bss     G=DGROUP   M=ImgList  ACBP=A9
 0002:00003BB4 00000010 C=BSS      S=.bss     G=DGROUP   M=Menus    ACBP=A9
 0002:00003BC4 00000020 C=BSS      S=.bss     G=DGROUP   M=Forms    ACBP=A9
 0002:00003BE4 00000004 C=BSS      S=.bss     G=DGROUP   M=Filters  ACBP=A9
 0002:00003BE8 00000004 C=BSS      S=.bss     G=DGROUP   M=Packets  ACBP=A9
 0002:00003BEC 00000004 C=BSS      S=.bss     G=DGROUP   M=WinSock  ACBP=A9
 0002:00003BF0 00000069 C=BSS      S=.bss     G=DGROUP   M=Pcap     ACBP=A9
 0002:00003C5C 00000004 C=BSS      S=.bss     G=DGROUP   M=ThreadMessageQueue ACBP=A9
 0002:00003C60 00000004 C=BSS      S=.bss     G=DGROUP   M=LabRADExceptions ACBP=A9
 0002:00003C64 00000004 C=BSS      S=.bss     G=DGROUP   M=LabRADTypeTree ACBP=A9
 0002:00003C68 000032CC C=BSS      S=.bss     G=DGROUP   M=LabRADLinearUnits ACBP=A9
 0002:00006F34 00000004 C=BSS      S=.bss     G=DGROUP   M=LabRADNonLinearUnits ACBP=A9
 0002:00006F38 00000004 C=BSS      S=.bss     G=DGROUP   M=LabRADUnitConversion ACBP=A9
 0002:00006F3C 00000004 C=BSS      S=.bss     G=DGROUP   M=LabRADUnflattener ACBP=A9
 0002:00006F40 000000B4 C=BSS      S=.bss     G=DGROUP   M=LabRADTimeStamps ACBP=A9
 0002:00006FF4 00000004 C=BSS      S=.bss     G=DGROUP   M=LabRADFlattener ACBP=A9
 0002:00006FF8 00000004 C=BSS      S=.bss     G=DGROUP   M=LabRADPrettyPrinter ACBP=A9
 0002:00006FFC 00000004 C=BSS      S=.bss     G=DGROUP   M=LabRADMemoryTools ACBP=A9
 0002:00007000 00000004 C=BSS      S=.bss     G=DGROUP   M=LabRADDataConverter ACBP=A9
 0002:00007004 00000004 C=BSS      S=.bss     G=DGROUP   M=LabRADDataStructures ACBP=A9
 0002:00007008 00000004 C=BSS      S=.bss     G=DGROUP   M=LabRADWinSock2 ACBP=A9
 0002:0000700C 00000196 C=BSS      S=.bss     G=DGROUP   M=LabRADWSAThreadSocket ACBP=A9
 0002:000071A4 00000004 C=BSS      S=.bss     G=DGROUP   M=LabRADSharedObjects ACBP=A9
 0002:000071A8 00000004 C=BSS      S=.bss     G=DGROUP   M=LabRADPacketQueues ACBP=A9
 0002:000071AC 00000004 C=BSS      S=.bss     G=DGROUP   M=LabRADSocket ACBP=A9
 0002:000071B0 00000004 C=BSS      S=.bss     G=DGROUP   M=LabRADAPIInfo ACBP=A9
 0002:000071B4 00000004 C=BSS      S=.bss     G=DGROUP   M=LabRADMD5 ACBP=A9
 0002:000071B8 00000004 C=BSS      S=.bss     G=DGROUP   M=LabRADAPIExceptions ACBP=A9
 0002:000071BC 00000008 C=BSS      S=.bss     G=DGROUP   M=LabRADManagerDialog ACBP=A9
 0002:000071C4 00000008 C=BSS      S=.bss     G=DGROUP   M=LabRADPasswordDialog ACBP=A9
 0002:000071CC 00000004 C=BSS      S=.bss     G=DGROUP   M=LabRADEnvironmentVariables ACBP=A9
 0002:000071D0 00000004 C=BSS      S=.bss     G=DGROUP   M=LabRADPacketHandler ACBP=A9
 0002:000071D4 00000004 C=BSS      S=.bss     G=DGROUP   M=LabRADConnection ACBP=A9
 0002:000071D8 00000008 C=BSS      S=.bss     G=DGROUP   M=LabRADEnvironmentDialog ACBP=A9
 0002:000071E0 00000004 C=BSS      S=.bss     G=DGROUP   M=LabRADServer ACBP=A9
 0002:000071E4 00000004 C=BSS      S=.bss     G=DGROUP   M=Contexts ACBP=A9
 0002:000071E8 00000004 C=BSS      S=.bss     G=DGROUP   M=LabRADClient ACBP=A9
 0002:000071EC 00000010 C=BSS      S=.bss     G=DGROUP   M=GetMAC   ACBP=A9
 0002:000071FC 0000000C C=BSS      S=.bss     G=DGROUP   M=Main     ACBP=A9
 0002:00007208 00000004 C=BSS      S=.bss     G=DGROUP   M=ListenThread ACBP=A9
 0002:0000720C 00000004 C=BSS      S=.bss     G=DGROUP   M=Adapter  ACBP=A9


  Address         Publics by Name

 0002:00006F34       .1
 0002:00003C68       .1
 0002:00003C50       .1
 0002:00003BEC       .1
 0002:00003A94       .1
 0002:0000383C       .1
 0002:00003670       .1
 0002:00006F38       .1
 0002:0000388C       .1
 0002:00003924       .1
 0002:00003668       .1
 0002:00003A60       .1
 0002:00006F40       .1
 0002:000038F8       .1
 0002:00003A5C       .1
 0002:00003A58       .1
 0002:00003AD4       .1
 0002:00003938       .1
 0002:000071CC       .1
 0002:000071EC       .1
 0002:00006FF4       .1
 0002:00003A50       .1
 0002:000071B4       .1
 0002:00003A70       .1
 0002:00003B18       .1
 0002:00003A40       .1
 0002:00003A6C       .1
 0002:00003A68       .1
 0002:0000396C       .1
 0002:00003A84       .1
 0002:00003A64       .1
 0002:00007000       .1
 0002:00003678       .1
 0002:00006FFC       .1
 0002:0000367C       .1
 0002:00006FF8       .1
 0002:00003A74       .11
 0002:00003A80       .12
 0002:00003894       .12
 0002:00003BE8       .2
 0002:000038F0       .2
 0002:0000393C       .2
 0002:0000700C       .2
 0002:000071A4       .2
 0002:000071B0       .2
 0002:000071C0       .2
 0002:000071C8       .2
 0002:000071D0       .2
 0002:00003B00       .2
 0002:000071DC       .2
 0002:000071E8       .2
 0002:00007208       .2
 0002:00003A8C       .2
 0002:000038F4       .21
 0002:00003944       .3
 0002:00003BA8       .3
 0002:00007008       .3
 0002:00007204       .3
 0002:00003674       .3
 0002:00003844       .3
 0002:00003C64       .3
 0002:00003AC8       .3
 0002:00003C5C       .3
 0002:0000720C       .3
 0002:00003948       .3
 0002:00003790       .35
 0002:00003AE8       .36
 0002:000071AC       .4
 0002:00003A54       .4
 0002:00003A98       .4
 0002:000071A8       .4
 0002:000071E0       .4
 0002:000071E4       .4
 0002:00003BCC       .41
 0002:00003B08       .42
 0002:00003854       .45
 0002:000037F8       .5
 0002:00003AD0       .5
 0002:00006F3C       .5
 0002:000035B8       .5
 0002:000071B8       .5
 0002:00003BE4       .6
 0002:00003840       .6
 0002:00003980       .6
 0002:00003C60       .7
 0002:00003B2C       .72
 0002:00003AD8       .72
 0002:00003B0C       .73
 0002:00003AE4       .8
 0002:00003BA4       .8
 0002:00007004       .8
 0002:000071D4       .8
 0002:00003ACC       .8
 0002:0000381C       .81
 0002:00003BBC       .9
 0001:000019E8       @AbstractError
 0001:0000408C       @AddRefArray
 0001:00004044       @AddRefRecord
 0001:00002A24       @AfterConstruction
 0001:00001A68       @Append
 0001:00002830       @AsClass
 0001:00001CCC       @Assign
 0001:00001EC8       @AStrCmp
 0001:00002A34       @BeforeDestruction
 0001:000025C0       @BoundErr
 0001:0000287C       @CallDynaInst
 0001:000029CC       @ClassCreate
 0001:00002A1C       @ClassDestroy
 0001:00001D94       @Close
 0001:000018B4       @Copy
 0001:00004280       @CopyArray
 0001:00004164       @CopyRecord
 0001:00004398       @DispCallByIDError
 0001:0000E19C       @DispInvokeError
 0001:00004388       @Dispose
 0001:00002EB0       @DoneExcept
 0001:00004820       @DynArrayAddRef
 0001:000047F8       @DynArrayAsg
 0001:000047BC       @DynArrayClear
 0001:000045FC       @DynArrayHigh
 0001:000045F4       @DynArrayLength
 0001:000047B0       @DynArraySetLength
 0001:00002F98       @ExceptionHandler
 0001:0000197C       @EXP
 0001:00001F38       @FillChar
 0001:00004038       @Finalize
 0001:00003F4C       @FinalizeArray
 0001:00003F00       @FinalizeRecord
 0001:00001D88       @Flush
 0001:000025B4       @FpuInit
 0001:000024F0       @FpuMaskInit
 0001:00001994       @FRAC
 0001:0000173C       @FreeMem
 0001:0000171C       @GetMem
 0001:000055A4       @GetTls
 0001:000033E0       @Halt
 0001:00003308       @Halt0
 0001:00002B48       @HandleAnyException
 0001:00002DFC       @HandleFinally
 0001:00002C74       @HandleOnException
 0001:000055F0       @InitExe
 0001:00003EF4       @Initialize
 0001:00003E60       @InitializeArray
 0001:00003E30       @InitializeRecord
 0001:000031CC       @InitImports
 0001:000031A4       @InitResStringImports
 0001:00003180       @InitResStrings
 0001:00004EE8       @IntfAddRef
 0001:00004EB8       @IntfCast
 0001:00004E74       @IntfClear
 0001:00004E8C       @IntfCopy
 0001:0000280C       @IsClass
 0001:000024C0       @isNECWindows
 0001:0000392C       @LStrAddRef
 0001:000034A0       @LStrArrayClr
 0001:000034D0       @LStrAsg
 0001:00003744       @LStrCat
 0001:00003788       @LStrCat3
 0001:000037FC       @LStrCatN
 0001:0000347C       @LStrClr
 0001:00003888       @LStrCmp
 0001:0000399C       @LStrCopy
 0001:000039DC       @LStrDelete
 0001:000036EC       @LStrFromArray
 0001:00003664       @LStrFromChar
 0001:00003674       @LStrFromPChar
 0001:0000356C       @LStrFromPCharLen
 0001:000036A4       @LStrFromPWChar
 0001:000035D8       @LStrFromPWCharLen
 0001:000036E0       @LStrFromString
 0001:00003704       @LStrFromWStr
 0001:00003A24       @LStrInsert
 0001:00003514       @LStrLAsg
 0001:0000373C       @LStrLen
 0001:00003A80       @LStrPos
 0001:00003AC8       @LStrSetLength
 0001:0000393C       @LStrToPChar
 0001:00003718       @LStrToString
 0001:00004374       @New
 0001:00003540       @NewAnsiString
 0001:00003B5C       @NewWideString
 0001:000021D4       @Pow10
 0001:00001E44       @PStrCmp
 0001:00001E1C       @PStrCpy
 0001:00001DEC       @PStrNCat
 0001:00001E28       @PStrNCpy
 0001:00002E5C       @RaiseAgain
 0001:00002E34       @RaiseExcept
 0001:0000175C       @ReallocMem
 0001:00001A5C       @RewritText
 0001:000019B8       @ROUND
 0001:000033EC       @RunError
 0001:000021B8       @SetEq
 0001:00003140       @StartExe
 0001:000002FC       @strlen
 0001:000019C4       @TRUNC
 0001:00002EE0       @TryFinallyExit
 0001:00003994       @UniqueStringA
 0001:000043C4       @ValInt64
 0001:00001F58       @ValLong
 0001:00013248       @VarAddRef
 0001:00004074       @VarAddRef
 0001:0000EA7C       @VarCast
 0001:0000E488       @VarClear
 0001:00003F34       @VarClr
 0001:0000E49C       @VarClr
 0001:00013B44       @VarCmpEQ
 0001:0000414C       @VarCopy
 0001:0000E7B0       @VarCopy
 0001:000127E8       @VarFromBool
 0001:00012674       @VarFromByte
 0001:00012838       @VarFromCurr
 0001:00012790       @VarFromCurrency
 0001:000127BC       @VarFromDate
 0001:000128DC       @VarFromDisp
 0001:00012764       @VarFromDouble
 0001:00012618       @VarFromInt
 0001:00012714       @VarFromInt64
 0001:00012654       @VarFromInteger
 0001:000128B0       @VarFromIntf
 0001:000126B4       @VarFromLongWord
 0001:0001284C       @VarFromLStr
 0001:00012810       @VarFromReal
 0001:000126D4       @VarFromShortInt
 0001:00012740       @VarFromSingle
 0001:000126F4       @VarFromSmallInt
 0001:00012824       @VarFromTDateTime
 0001:00012694       @VarFromWord
 0001:00012878       @VarFromWStr
 0001:0000E1F0       @VarNull
 0001:00010248       @VarToBool
 0001:0000FF00       @VarToBoolean
 0001:0000F340       @VarToByte
 0001:000110EC       @VarToCurrency
 0001:00010B84       @VarToDate
 0001:0001256C       @VarToDisp
 0001:00010414       @VarToDouble
 0001:0000F904       @VarToInt64
 0001:0000EE40       @VarToInteger
 0001:000124A0       @VarToIntf
 0001:0000F5B8       @VarToLongWord
 0001:000117A0       @VarToLStr
 0001:00010790       @VarToReal
 0001:0000F290       @VarToShortInt
 0001:000107AC       @VarToSingle
 0001:0000F3E8       @VarToSmallInt
 0001:0000F4E0       @VarToWord
 0001:00011EC8       @VarToWStr
 0001:00003B2C       @Write0LString
 0001:00002070       @WriteBytes
 0001:00002140       @WriteLn
 0001:00003B34       @WriteLString
 0001:000020C4       @WriteSpaces
 0001:00003E10       @WStrAddRef
 0001:00003B9C       @WStrArrayClr
 0001:00003BC0       @WStrAsg
 0001:00003B84       @WStrClr
 0001:00003CFC       @WStrCmp
 0001:00003D80       @WStrCopy
 0001:00003CD0       @WStrFromLStr
 0001:00003BE4       @WStrFromPCharLen
 0001:00003C94       @WStrFromPWChar
 0001:00003C70       @WStrFromPWCharLen
 0001:00003CF0       @WStrLen
 0001:00003DCC       @WStrSetLength
 0001:00003CE0       @WStrToPWChar
 0001:00002194       @_CLenToPasStr
 0001:00002188       @_CToPasStr
 0001:00001884       @_IOTest
 0001:000043A0       @_llmul
 0001:00049A48       AbsMin
 0001:0000B224       AbstractErrorHandler
 0002:00003028       AbstractErrorProc
 0002:00000144       AccessMode
 0001:000017EC       AcquireExceptionObject
 0001:000172E8       ActivateClassGroup
 0001:00005C3C       ActivateKeyboardLayout
 0002:00003B60       ActiveDrag
 0001:00014BB0       ActiveX
 0001:00058DBC       ActnList
 0001:00081380       Adapter
 0001:00000428       AddBlockAfter
 0002:00000460       AddDataModule
 0001:00007368       AddExitProc
 0001:0001AE74       AddFinished
 0001:0005C5B8       AddIn
 0001:00004D08       AddModuleUnloadProc
 0001:00004D18       AddModuleUnloadProc
 0001:0001AEAC       AddNotFinished
 0001:0001B8D0       AddSubComponentsToLoaded
 0001:0001FE70       AddThread
 0001:00070FC0       AddUnit
 0001:000709A4       AddUnit
 0001:000252AC       AdjustColor
 0001:0002DFF0       AdjustColors
 0001:000075D8       AdjustLineBreaks
 0001:000635E4       Adjustment
 0001:00005C44       AdjustWindowRectEx
 0002:00000874       Alignments
 0002:00000EBC       Alignments
 0002:00000C54       Alignments
 0002:00000ECC       Alignments
 0002:00000C8C       Alignments
 0002:00000C14       Alignments
 0001:0004F0B4       AlignWork
 0001:0006A53C       AlignWork
 0002:000071F4       allmacs
 0001:00021684       AllocateHWnd
 0001:0000731C       AllocMem
 0002:000035B0       AllocMemCount
 0002:000035B4       AllocMemSize
 0001:00028DB0       AllocPatternBitmap
 0001:0000554C       AllocTlsBuffer
 0001:0001E658       AncestorIsValid
 0002:00000CA8       AnchorAlign
 0002:00000C9C       AnimateWindowProc
 0002:00000DA4       AnimationStyle
 0001:000074E0       AnsiCompareStr
 0001:00007518       AnsiCompareText
 0001:00007D08       AnsiLastChar
 0001:00005C4C       AnsiLower
 0001:0000BB24       AnsiPos
 0001:00060DCC       AnsiSameCaption
 0001:00007550       AnsiSameText
 0001:00007568       AnsiStrLIComp
 0001:0000BB5C       AnsiStrPos
 0001:0000BBFC       AnsiStrRScan
 0001:0000BC24       AnsiStrScan
 0001:000052E8       AnsiToUtf8
 0001:00012428       AnyToIntf
 0001:000091E4       AppendChars
 0001:000095A8       AppendFormat
 0001:00009248       AppendNumber
 0001:00009228       AppendString
 0002:00003BC4       Application
 0002:00000470       ApplicationHandleException
 0002:00000478       ApplicationShowException
 0002:00000FFC       AppVisible
 0002:00000AF8       Arrangements
 0001:0000B208       AssertErrorHandler
 0002:00003020       AssertErrorProc
 0001:00014228       AssignLongStr
 0001:000148A4       AssignVariant
 0002:00000B00       AutoArrange
 0002:00003608       avail
 0002:00003C58       Available
 0001:00007DFC       BackfillGetDiskFreeSpaceEx
 0001:0004C5DC       BackgroundClipped
 0001:0000D050       BackupVarBoolFromStr
 0001:0000D1B0       BackupVarBStrFromBool
 0001:0000D0D0       BackupVarBStrFromCy
 0001:0000D140       BackupVarBStrFromDate
 0001:0000CFE4       BackupVarCyFromStr
 0001:0000CF78       BackupVarDateFromStr
 0001:0000CE34       BackupVarI4FromStr
 0001:0000CDE0       BackupVariantChangeTypeEx
 0001:0000CEA0       BackupVarR4FromStr
 0001:0000CF0C       BackupVarR8FromStr
 0002:00000334       BaseTypeMap
 0002:000010A8       BasicLinearUnits
 0001:000176BC       BeginGlobalLoading
 0001:00005C54       BeginPaint
 0001:00003430       BeginThread
 0001:000252B8       BetterSize
 0001:0005D42C       BiDiDraw
 0001:00005A74       BitBlt
 0002:00000A24       BitBtnCaptions
 0002:00003A9C       BitBtnGlyphs
 0002:00000A50       BitBtnModalResults
 0002:000009F8       BitBtnResNames
 0002:00000798       BitmapCanvasList
 0002:000038AC       BitmapImageLock
 0001:0000CE1C       BiUnimplemented
 0002:000004B4       BlockCode
 0002:000035E0       blockDescBlockList
 0002:000035E4       blockDescFreeList
 0002:00000454       BooleanIdents
 0002:00000330       BooleanToStringRule
 0001:00007B28       BoolToStr
 0001:00011528       BoolToWStrViaOS
 0002:00000AD8       BorderStyles
 0002:00000C0C       BorderStyles
 0002:0000086C       BorderStyles
 0001:000165E4       Bounds
 0001:000056A8       Bounds
 0002:00000E64       Breaks
 0002:000038E4       BrushManager
 0001:0005FBE0       BuildImage
 0002:00000840       ButtonCaptions
 0002:00000A80       ButtonCount
 0002:00000814       ButtonNames
 0002:00000EE0       Buttons
 0001:00032B34       Buttons
 0002:00000C84       ButtonStyles
 0001:00024A98       BytesPerScanline
 0001:00024DF0       ByteSwapColors
 0001:0000B8D8       ByteToCharIndex
 0001:0000B8B0       ByteToCharLen
 0001:0000B874       ByteType
 0001:0000B7FC       ByteTypeTest
 0002:00003BAC       CachedComCtrlVer
 0001:000215C0       CalcJmpOffset
 0001:00056D94       CalcSplitterPos
 0001:00005C5C       CallNextHookEx
 0001:0000C2F0       CallTerminateProcs
 0001:00005C64       CallWindowProc
 0001:0004AA80       CancelDrag
 0002:000038E8       CanvasList
 0002:00003B74       CanvasList
 0002:00000800       Captions
 0002:00000D60       CaptureControl
 0002:00000E04       cBooleanToItemAutoFlag
 0002:00000364       CBooleanToRelationship
 0001:000056C4       CenterPoint
 0002:00003A8A       CF_COMPONENT
 0002:00003A88       CF_PICTURE
 0002:00003814       ChangeAnyProc
 0001:00048FAC       ChangeBiDiModeAlignment
 0002:00000C34       CharCases
 0001:0000359C       CharFromWChar
 0001:0000BAAC       CharLength
 0001:00000264       CharNext
 0001:00005C6C       CharNext
 0001:000232E4       CharsetToIdent
 0001:0000B9C0       CharToByteIndex
 0001:0000BA24       CharToByteLen
 0001:00005C74       CharToOemA
 0001:00025868       CheckBool
 0001:00037710       CheckCommonControl
 0001:00002AC4       CheckJmp
 0001:00005C7C       CheckMenuItem
 0002:00000E54       Checks
 0001:0001B90C       CheckSubComponents
 0001:0001FE88       CheckSynchronize
 0001:00063004       CheckTaskWindow
 0001:00012908       CheckType
 0001:0004A734       CheckUndock
 0001:0000B6F0       CheckWin32Version
 0001:00005C84       ChildWindowFromPoint
 0002:0000034C       CInvalidCustomVariantType
 0002:00000E08       cItemAutoFlagToBoolean
 0002:00000E00       cItemAutoFlagToMenu
 0001:00021810       Classes
 0001:000170AC       ClassNotFound
 0002:00003810       ClearAnyProc
 0001:00022B74       ClearColor
 0001:000136F8       ClearVariantTypeList
 0001:00005C8C       ClientToScreen
 0001:00054338       ClientToWindow
 0002:00000790       ClipboardFormats
 0001:0002F2A8       Clipbrd
 0001:0000580C       CloseHandle
 0001:00000204       CloseHandle
 0001:000756F0       closesocket
 0002:00003988       CloseThemeData
 0002:000007E8       CLSID_AutoComplete
 0002:0000303C       CmdLine
 0002:00003038       CmdShow
 0002:00000DFC       cMenuAutoFlagToItem
 0002:00000370       CmpTypeMap
 0001:0000CE28       CmpUnimplemented
 0001:00014B70       CoCreateInstance
 0002:00000B54       Codes
 0002:00000AC8       Codes
 0002:00003AFC       CoInitExProcLoaded
 0001:00014B60       CoInitialize
 0002:00003AF8       CoInitializeExProc
 0001:00017978       CollectionsEqual
 0002:00000510       Colors
 0001:000230DC       ColorToIdent
 0002:00000880       ColorToPretyName
 0001:000230CC       ColorToRGB
 0002:00000B28       ColumnClicks
 0002:00000B84       ComboBoxExStyles
 0002:00000B90       ComboExStyles
 0002:000038FC       ComCtl32DLL
 0002:00003AF4       ComCtlVersion
 0001:0003EAA4       ComCtrls
 0002:00003BC0       CommandPool
 0001:00029A0C       CommCtrl
 0001:0002C450       CommDlg
 0001:00000708       Commit
 0002:00003624       committedRoot
 0001:0005BB9C       CompareFront
 0001:00007448       CompareMem
 0001:00007418       CompareStr
 0001:00005814       CompareString
 0001:00007468       CompareText
 0001:00007A50       CompareWith
 0001:0001B9EC       ComponentCreated
 0001:0002F264       ComStrs
 0001:00021B44       Consts
 0001:0007C128       Contexts
 0001:00029444       Contnrs
 0002:00003B32       ControlAtom
 0002:00003B38       ControlAtomString
 0001:00067DAC       ControlHasHelp
 0001:00057A30       Controls
 0001:0000AC64       ConvertAddr
 0001:000712B4       ConvertdBmtoW
 0001:000711F8       ConvertdBWtoW
 0001:000713FC       ConvertdegCtoK
 0001:00071384       ConvertdegFtoK
 0001:00009338       ConvertEraString
 0001:000072E0       ConvertError
 0001:000072F8       ConvertErrorFmt
 0001:0003ABAC       ConvertFlags
 0001:00071424       ConvertKtodegC
 0001:000713C0       ConvertKtodegF
 0001:0003AA18       ConvertMask
 0001:0003ABD0       ConvertStates
 0001:0007132C       ConvertWtodBm
 0001:00071268       ConvertWtodBW
 0001:000094A0       ConvertYearString
 0001:00004604       CopyArray
 0001:00026340       CopyBitmap
 0001:00026A08       CopyBitmapAsMask
 0001:00031EAC       CopyImage
 0001:000328E4       CopyImage
 0001:00006154       CopyMemory
 0001:000269A4       CopyPalette
 0002:00000BA8       Copyright
 0001:0005EC8C       CopyToBest
 0001:00014B78       CoTaskMemAlloc
 0001:00014B68       CoUninitialize
 0001:0000B930       CountChars
 0002:000038C4       CounterLock
 0002:00000350       CRangeToType
 0001:0000B14C       CreateAssertException
 0001:0000B2D4       CreateAVObject
 0001:00005A7C       CreateBitmap
 0001:00005A84       CreateBrushIndirect
 0001:00005A8C       CreateCompatibleBitmap
 0001:00005A94       CreateCompatibleDC
 0001:0001BA6C       CreateComponent
 0001:00005AA4       CreateDIBitmap
 0001:00005A9C       CreateDIBSection
 0001:0000581C       CreateEvent
 0001:00005824       CreateFile
 0001:0000020C       CreateFileA
 0001:00005AAC       CreateFontIndirect
 0001:00005AB4       CreateHalftonePalette
 0001:00005C94       CreateIcon
 0001:0000B078       CreateInOutError
 0001:00005C9C       CreateMenu
 0001:00005ABC       CreatePalette
 0001:00005AC4       CreatePenIndirect
 0001:00005CA4       CreatePopupMenu
 0001:00005ACC       CreateSolidBrush
 0001:00024E48       CreateSystemPalette
 0001:0000582C       CreateThread
 0001:0000026C       CreateThread
 0001:00006240       CreateWindow
 0001:000061E8       CreateWindowEx
 0002:00000CA0       CreationControl
 0002:000007F8       CreationControl
 0002:00000440       CRelationshipToBoolean
 0002:00000314       CResult
 0002:0000013C       cSimpleBoolStrs
 0002:000003EC       CText
 0002:00000D9C       Ctl3DStyles
 0002:0000361C       curAlloc
 0001:00012B9C       CurrCompare
 0002:00003688       CurrencyDecimals
 0002:00003684       CurrencyFormat
 0002:00003680       CurrencyString
 0001:000091D0       CurrentYear
 0001:00008CA8       CurrToStr
 0001:000114B8       CurrToWStrViaOS
 0002:00000F80       CursorMap
 0002:00000CB0       Cursors
 0001:000492CC       CursorToIdent
 0002:00000F6C       cUseAlpha
 0002:00000F74       cUseColorKey
 0001:000077A4       CvtInt
 0001:00007810       CvtInt64
 0002:0000017C       CWNear
 0001:00012B74       DateCompare
 0002:00003689       DateSeparator
 0001:00009DB8       DateTimeToStr
 0001:00009D5C       DateTimeToString
 0001:00008D68       DateTimeToTimeStamp
 0001:000114F0       DateToWStrViaOS
 0001:00009158       DayOfWeek
 0002:00000178       DCon10
 0002:0000050C       DDBsOnly
 0001:00021738       DeallocateHWnd
 0002:00000028       DebugHook
 0002:00003687       DecimalSeparator
 0001:00009138       DecodeDate
 0001:00008FEC       DecodeDateFully
 0001:00008E5C       DecodeTime
 0001:0000079C       Decommit
 0001:00000DB8       DecommitFree
 0002:000035F8       decommittedRoot
 0001:00065A34       Default
 0001:0006B164       Default
 0002:00000020       Default8087CW
 0002:00000CA4       DefaultDockTreeClass
 0001:00039478       DefaultListViewSort
 0002:00000034       DefaultTextLineBreakStyle
 0002:000035BC       DefaultUserCodePage
 0002:00000760       DefBrushData
 0002:000004E0       DefFontData
 0001:00005CAC       DefFrameProc
 0002:00000208       DefLongDayNames
 0002:000001BC       DefLongMonthNames
 0001:00005CB4       DefMDIChildProc
 0002:00000740       DefPenData
 0002:000001EC       DefShortDayNames
 0002:0000018C       DefShortMonthNames
 0001:00005CBC       DefWindowProc
 0001:0000485C       DelayLoadResourceModule
 0001:00000458       DeleteBlock
 0001:000003C8       DeleteCriticalSection
 0001:00005834       DeleteCriticalSection
 0001:00005AD4       DeleteDC
 0001:00000C00       DeleteFree
 0001:00005CC4       DeleteMenu
 0001:00005ADC       DeleteObject
 0001:00025EFC       DeselectBitmap
 0001:00005CCC       DestroyCursor
 0001:00005CD4       DestroyIcon
 0001:000329F4       DestroyLocals
 0001:00005CDC       DestroyMenu
 0001:00005CE4       DestroyWindow
 0001:00046538       DialogEnumerationTester
 0001:0002CAC0       Dialogs
 0002:0000079C       DIBPalSizes
 0002:00000090       dig
 0001:000816B8       DirectEthernet
 0002:00000B40       Directions
 0001:00062E58       DisableTaskWindows
 0001:00005CEC       DispatchMessage
 0001:0006908C       DispatchShortCut
 0002:00003000       DispCallByIDProc
 0001:000072C4       DivMod
 0001:0002C488       Dlgs
 0001:0004EF44       DoAlign
 0001:0006A3F0       DoAlign
 0001:00052FF8       DoCalcConstraints
 0002:00003B68       DockSiteList
 0001:0005F8AC       DoClick
 0001:00050688       DoControlMsg
 0001:00062E08       DoDisableWindow
 0001:0004A060       DoDragOver
 0001:0000733C       DoExitProc
 0001:00055068       DoFindControlZone
 0001:00062F44       DoFindWindow
 0001:000555F4       DoFindZone
 0001:000550EC       DoForEach
 0001:000569F8       DoGetNextLimit
 0001:00062DD0       DoneApplication
 0001:00057758       DoneControls
 0001:0000B600       DoneExceptions
 0001:00067408       DoNestedActivation
 0001:0001FE24       DoneThreadSynchronization
 0001:0006A240       DoPosition
 0001:0004EB04       DoPosition
 0001:00056020       DoPrune
 0001:0002DA84       DoRect
 0001:000564F8       DoSaveZone
 0001:000566FC       DoSetNewBounds
 0002:0000045C       DotSep
 0002:00000A84       DownStyles
 0001:00018EDC       DoWrite
 0001:00025AC0       DoWrite
 0001:0005A1FC       DoWrite
 0001:0004FC70       DoWriteDesignSize
 0001:0004D6DC       DoWriteIsControl
 0002:00003B4C       DragCapture
 0002:00003B40       DragControl
 0001:0004A7A8       DragDone
 0001:0004A010       DragFindTarget
 0001:00049FE4       DragFindWindow
 0002:00003B64       DragImageList
 0001:0004A400       DragInit
 0001:0004A570       DragInitControl
 0002:00003B48       DragInternalObject
 0001:00049F2C       DragMessage
 0002:00003B44       DragObject
 0002:00003B70       DragSave
 0002:00003B58       DragSaveCursor
 0002:00003B50       DragStartPos
 0002:00003B5C       DragThreshold
 0001:0004A130       DragTo
 0001:0006B1A0       DrawAppIcon
 0001:00055B8C       DrawCloseButton
 0001:00005CF4       DrawEdge
 0001:00005CFC       DrawFocusRect
 0001:00005D04       DrawFrameControl
 0001:00055BE4       DrawGrabberLine
 0001:00005D0C       DrawIcon
 0001:00005D14       DrawIconEx
 0002:00000DD8       DrawingStyles
 0001:00005D1C       DrawMenuBar
 0001:00060BEC       DrawMenuItem
 0001:00005D24       DrawText
 0002:0000398C       DrawThemeBackground
 0002:000039B0       DrawThemeEdge
 0002:000039B4       DrawThemeIcon
 0002:00003A38       DrawThemeParentBackground
 0002:00003990       DrawThemeText
 0001:00024918       DupBits
 0001:0000461C       DynArrayClear
 0001:00004624       DynArraySetLength
 0002:00000EC4       EdgeStyle
 0002:00000D8C       EdgeStyles
 0002:00000AE0       EditStyles
 0001:0000B04C       EHeapException.FreeInstance
 0001:0006ED3C       ELabRADException.Create
 0001:0006F020       ELabRADIndexError.Create
 0001:000773F8       ELabRADNotConnected.Create
 0001:0006EDBC       ELabRADTypeError.Create
 0001:0006EEC0       ELabRADTypeTagError.Create
 0002:00000C50       Empty
 0001:00012A00       EmptyCompare
 0002:000037FC       EmptyParam
 0002:000000C0       EmptyStr
 0002:000000C4       EmptyWideStr
 0001:00005D2C       EnableMenuItem
 0002:00000E5C       Enables
 0001:00005D34       EnableScrollBar
 0001:00062F0C       EnableTaskWindows
 0002:00003A20       EnableThemeDialogTexture
 0002:00003A3C       EnableTheming
 0001:00005D3C       EnableWindow
 0001:00008FBC       EncodeDate
 0001:00008E1C       EncodeTime
 0001:00017744       EndGlobalLoading
 0001:00005D44       EndPaint
 0001:00003474       EndThread
 0001:0000583C       EnterCriticalSection
 0001:000003B8       EnterCriticalSection
 0001:00005844       EnumCalendarInfoA
 0002:00003920       EnumDisplayMonitors
 0001:0000A8D8       EnumEraNames
 0001:0000A914       EnumEraYearOffsets
 0001:00065FF8       EnumMonitorsProc
 0001:00005D4C       EnumThreadWindows
 0001:0001B21C       EnumValue
 0001:00005D54       EnumWindows
 0002:000071D8       EnvironmentDialogForm
 0001:00005D5C       EqualRect
 0002:00003750       EraNames
 0001:0000A030       EraToYear
 0002:0000376C       EraYearOffsets
 0002:00000068       errCaption
 0001:00001878       Error
 0001:00016C50       Error
 0001:0001AA00       Error
 0001:0005B8EC       Error
 0002:00000004       ErrorAddr
 0001:0000182C       ErrorAt
 0001:0000B0F8       ErrorHandler
 0002:00000224       ErrorMap
 0002:00003008       ErrorProc
 0002:000033E4       ErrOutput
 0001:000017CC       ExceptAddr
 0002:0000300C       ExceptClsProc
 0001:0000B56C       ExceptHandler
 0001:0000AEC0       Exception.Create
 0001:0000AEFC       Exception.CreateFmt
 0001:0000AF7C       Exception.CreateRes
 0001:0000AFB8       Exception.CreateResFmt
 0002:0000301C       ExceptionClass
 0001:0000AC70       ExceptionErrorMessage
 0002:0000025C       ExceptMap
 0001:000017AC       ExceptObject
 0002:00003010       ExceptObjProc
 0002:00003004       ExceptProc
 0001:00005AE4       ExcludeClipRect
 0002:00000000       ExitCode
 0001:0000324C       ExitDll
 0002:00003044       ExitProc
 0001:0000027C       ExitProcess
 0002:00003024       ExitProcessProc
 0002:00000138       ExitProcList
 0001:00000274       ExitThread
 0001:00007DC0       ExpandFileName
 0001:00032D20       ExtActns
 0001:0002F1F4       ExtCtrls
 0001:00032B8C       ExtDlgs
 0001:00007D88       ExtractFileName
 0001:00005AEC       ExtTextOut
 0002:0000378C       FalseBoolStrs
 0002:00003A90       FClipboard
 0002:0000016C       FCon1E18
 0001:00007C90       FileAge
 0001:00007C88       FileClose
 0001:00007BF0       FileCreate
 0001:00007BCC       FileCreate
 0001:00007CF8       FileExists
 0002:00000794       FileFormats
 0002:00000008       FileMode
 0001:00001AB0       FileNOPProc
 0001:00007B74       FileOpen
 0001:00007BF8       FileRead
 0002:00000488       FilerSignature
 0001:00007C50       FileSeek
 0001:0000584C       FileTimeToDosDateTime
 0001:00005854       FileTimeToLocalFileTime
 0001:00007C24       FileWrite
 0001:00000CE8       FillAfterGap
 0001:00000C94       FillBeforeGap
 0001:00000D80       FillerSizeAfterGap
 0001:00000D10       FillerSizeBeforeGap
 0001:00005D64       FillRect
 0002:00000A8C       FillStyles
 0001:0006DE88       Filters
 0001:0007C130       Finalization
 0001:0002F1AC       Finalization
 0001:0002F234       Finalization
 0001:0002F26C       Finalization
 0001:0002F300       Finalization
 0001:0007CA08       Finalization
 0001:0007042C       Finalization
 0001:0006DE58       Finalization
 0001:0006DFDC       Finalization
 0001:0006E014       Finalization
 0001:00005634       Finalization
 0001:00021760       Finalization
 0001:00021B14       Finalization
 0001:0003F624       Finalization
 0001:0003EA2C       Finalization
 0001:0002B528       Finalization
 0001:0006F27C       Finalization
 0001:00032AFC       Finalization
 0001:00032B5C       Finalization
 0001:00077478       Finalization
 0001:0006EB84       Finalization
 0001:000299DC       Finalization
 0001:00029414       Finalization
 0001:0002B870       Finalization
 0001:0006E054       Finalization
 0001:000066F0       Finalization
 0001:00032BAC       Finalization
 0001:00014B80       Finalization
 0001:00032C14       Finalization
 0001:00006390       Finalization
 0001:00005404       Finalization
 0001:00014B08       Finalization
 0001:00032C78       Finalization
 0001:00032CD0       Finalization
 0001:00013D78       Finalization
 0001:00034934       Finalization
 0001:00013B54       Finalization
 0001:000063C8       Finalization
 0001:00081388       Finalization
 0001:0002CA64       Finalization
 0001:00071050       Finalization
 0001:0002C458       Finalization
 0001:0007144C       Finalization
 0001:0007149C       Finalization
 0001:00081350       Finalization
 0001:00071F64       Finalization
 0001:0002C420       Finalization
 0001:00071F9C       Finalization
 0001:0002B204       Finalization
 0001:00072D4C       Finalization
 0001:0002B1CC       Finalization
 0001:00072D84       Finalization
 0001:0002B184       Finalization
 0001:0007C0F8       Finalization
 0001:00073014       Finalization
 0001:0007304C       Finalization
 0001:0006D3A4       Finalization
 0001:000756A0       Finalization
 0001:000459C4       Finalization
 0001:0002A19C       Finalization
 0001:00045B2C       Finalization
 0001:0002C3E8       Finalization
 0001:000467B0       Finalization
 0001:00075770       Finalization
 0001:00075EFC       Finalization
 0001:0007B204       Finalization
 0001:000761A4       Finalization
 0001:00079E94       Finalization
 0001:0002C37C       Finalization
 0001:0002C344       Finalization
 0001:00079A9C       Finalization
 0001:00076644       Finalization
 0001:0000D57C       Finalization
 0001:0002A15C       Finalization
 0001:0007F724       Finalization
 0001:000056F0       Finalization
 0001:000780D8       Finalization
 0001:00077F38       Finalization
 0001:0002C30C       Finalization
 0001:0002C2D4       Finalization
 0001:0000CBC0       Finalization
 0001:0002C29C       Finalization
 0001:000579C8       Finalization
 0001:0002C264       Finalization
 0001:0002C1F4       Finalization
 0001:00058D8C       Finalization
 0001:00077D10       Finalization
 0001:00060EC8       Finalization
 0001:00028DE8       Finalization
 0001:0005A94C       Finalization
 0001:0002915C       Finalization
 0001:00077A18       Finalization
 0001:00076D04       Finalization
 0001:0007FADC       Finalization
 0001:00076FD0       Finalization
 0001:00077360       Finalization
 0001:00004614       FinalizeArray
 0001:00003080       FinalizeUnits
 0001:0005F66C       Find
 0001:0001DD50       FindAncestor
 0001:000048CC       FindBS
 0001:0001716C       FindClass
 0001:00004854       FindClassHInstance
 0001:0000585C       FindClose
 0001:0000028C       FindClose
 0001:00000C64       FindCommitted
 0001:000490AC       FindControl
 0001:00055820       FindControlAtPos
 0001:00013A54       FindCustomVariantType
 0001:0001399C       FindCustomVariantType
 0001:0004AACC       FindDragTarget
 0001:0001BC1C       FindExistingComponent
 0001:00000294       FindFirstFile
 0001:00005864       FindFirstFile
 0001:00063050       FindGlobalComponent
 0001:000175D4       FindGlobalComponent
 0002:00003860       FindGlobalComponentProcs
 0001:0000482C       FindHInstance
 0001:0001747C       FindIdentToInt
 0001:00017400       FindIntToIdent
 0002:00003A7C       FindMsg
 0001:0001ADAC       FindNestedComponent
 0001:0005B8B4       FindPopupControl
 0001:0000D244       FindProc
 0001:0000586C       FindResource
 0001:000048A4       FindResourceHInstance
 0001:0006CBF8       FindScanline
 0001:00062FA8       FindTopMostWindow
 0001:0001CB00       FindUniqueName
 0001:00013540       FindVarData
 0001:0004AA98       FindVCLWindow
 0001:00005D6C       FindWindow
 0001:00046590       FindWinHelp
 0001:000262F4       FixupBitFields
 0002:00000ED4       Flags
 0002:0000379C       FLanguages
 0001:0002B558       FlatSB
 0002:0000394C       FlatSB_EnableScrollBar
 0002:00003958       FlatSB_GetScrollInfo
 0002:0000395C       FlatSB_GetScrollPos
 0002:00003954       FlatSB_GetScrollRange
 0002:00003964       FlatSB_SetScrollInfo
 0002:00003960       FlatSB_SetScrollPos
 0001:0002B248       FlatSB_SetScrollProp
 0002:00003968       FlatSB_SetScrollRange
 0002:00003950       FlatSB_ShowScrollBar
 0001:00008938       FloatToDecimal
 0001:00008C78       FloatToStr
 0001:00008664       FloatToText
 0001:00001D7C       Flush
 0002:00000180       FMSecsPerDay
 0001:00008560       FmtStr
 0002:00000EF0       FocusCount
 0002:00000EEC       FocusMessages
 0002:000006B0       FontCharsets
 0002:000038DC       FontManager
 0001:00063024       ForegroundTask
 0001:0000854C       Format
 0002:00000188       Format
 0001:00008154       FormatBuf
 0001:00008148       FormatClearStr
 0001:000080CC       FormatError
 0002:00000164       FormatErrorStrs
 0001:00005874       FormatMessage
 0001:00008124       FormatVarToStr
 0001:0006D400       Forms
 0001:000021CC       FPower10
 0002:000007E4       FPrinter
 0001:0002DB48       Frame3D
 0001:00005D74       FrameRect
 0001:0000C7A0       FreeAndNil
 0001:000009D0       FreeCommitted
 0001:00000EF0       FreeCurAlloc
 0001:0004AB8C       FreeDeviceContext
 0001:0004AC48       FreeDeviceContexts
 0001:0002152C       FreeIntConstList
 0001:0000029C       FreeLibrary
 0001:0000587C       FreeLibrary
 0001:00025E50       FreeMemoryContexts
 0001:000630E4       FreeObjectInstance
 0001:00021660       FreeObjectInstance
 0001:0000589C       FreeResource
 0001:00000650       FreeSpace
 0001:0000C30C       FreeTerminateProcs
 0001:0002B8A8       FreeThemeLibrary
 0002:00003AF0       FRichEditModule
 0002:00007014       fWSAData
 0001:00024908       GDICheck
 0001:00024860       GDIError
 0001:00001974       Get8087CW
 0001:000058A4       GetACP
 0001:00005D7C       GetActiveWindow
 0001:0006A8CC       GetAnimation
 0001:0002FFBC       GetBitBtnGlyph
 0001:00005AF4       GetBitmapBits
 0001:000003D0       GetBlockDesc
 0001:00005AFC       GetBrushOrgEx
 0001:00005D84       GetCapture
 0001:000493C8       GetCaptureControl
 0001:00017118       GetClass
 0001:00005D8C       GetClassInfo
 0001:00005D94       GetClassName
 0001:00005D9C       GetClientRect
 0001:00005B04       GetClipBox
 0001:0000036C       GetCmdShow
 0001:00058FE4       GetColor
 0001:00037738       GetComCtlVersion
 0001:000002A4       GetCommandLine
 0001:0000081C       GetCommitted
 0001:000008AC       GetCommittedAt
 0001:0001F108       GetComponentValue
 0001:0005023C       GetControlAtPos
 0001:00009294       GetCount
 0001:000058AC       GetCPInfo
 0001:00005B0C       GetCurrentPositionEx
 0001:000058B4       GetCurrentProcessId
 0002:00003A30       GetCurrentThemeName
 0001:0000035C       GetCurrentThreadId
 0001:000058BC       GetCurrentThreadId
 0001:0000614C       GetCurrentTime
 0001:00005DA4       GetCursor
 0001:0006CC08       GetCursorHeightMargin
 0001:00005DAC       GetCursorPos
 0001:000092C0       GetDate
 0001:000058C4       GetDateFormat
 0001:00009F48       GetDateOrder
 0001:00005DB4       GetDC
 0001:00005DBC       GetDCEx
 0001:00005B14       GetDCOrgEx
 0001:000289F8       GetDefFontCharSet
 0001:00018484       GetDesigner
 0001:00005DC4       GetDesktopWindow
 0001:00005B2C       GetDeviceCaps
 0001:00025850       GetDIB
 0001:00005B1C       GetDIBColorTable
 0001:00005B24       GetDIBits
 0001:00025798       GetDIBSizes
 0001:00024A78       GetDInColors
 0001:000058CC       GetDiskFreeSpaceA
 0002:00000134       GetDiskFreeSpaceEx
 0001:00056AD8       GetDockAlign
 0001:00049D70       GetDockSiteAtPos
 0001:0004A09C       GetDropCtl
 0001:0000284C       GetDynaMethod
 0001:00013DE8       GetEnumName
 0001:00013EC0       GetEnumNameValue
 0001:00013F0C       GetEnumValue
 0001:00077E24       GetEnvironmentInteger
 0001:00077D48       GetEnvironmentString
 0001:000058D4       GetEnvironmentVariable
 0001:0000A98C       GetEraNamesAndYearOffsets
 0001:00009FDC       GetEraYearOffset
 0001:0000B2BC       GetExceptionClass
 0001:0000B4A0       GetExceptionObject
 0001:000058DC       GetExitCodeThread
 0001:000170A0       GetFieldClassTable
 0001:0000021C       GetFileSize
 0001:00000214       GetFileType
 0001:0000B710       GetFileVersion
 0001:00005A5C       GetFileVersionInfo
 0001:00005A64       GetFileVersionInfoSize
 0001:00014594       GetFloatProp
 0001:00005DCC       GetFocus
 0001:00023304       GetFontData
 0001:00005DD4       GetForegroundWindow
 0001:0000BEC4       GetFormatSettings
 0001:000058E4       GetFullPathName
 0001:00022870       GetHashCode
 0001:00067DE4       GetHelpInfo
 0001:0002A61C       GetHelpSystem
 0001:0006A6B0       GetHint
 0001:0006A6E8       GetHintControl
 0001:000756F8       gethostbyname
 0001:00060D68       GetHotkey
 0001:00005DDC       GetIconInfo
 0001:0007C168       GetIfTable
 0001:000149B0       GetInt64Prop
 0001:00014A14       GetInterfaceProp
 0001:00005DF4       GetKeyboardLayout
 0001:00005DFC       GetKeyboardLayoutList
 0001:00005E04       GetKeyboardState
 0001:000024B8       GetKeyboardType
 0001:00005DE4       GetKeyNameText
 0001:00005DEC       GetKeyState
 0001:00005E0C       GetLastActivePopup
 0001:00054DA0       GetLastChildZone
 0001:000058EC       GetLastError
 0001:000002AC       GetLastError
 0001:000390D4       GetLength
 0001:0000A750       GetLocaleChar
 0001:000002B4       GetLocaleInfo
 0001:000058FC       GetLocaleInfo
 0001:0000A704       GetLocaleStr
 0001:000058F4       GetLocalTime
 0001:00049330       GetLongHint
 0001:0001423C       GetLongStrProp
 0001:0007CA48       GetMAC
 0001:0007C5D4       GetMACAddress
 0001:0007C1B0       GetMACAddress
 0001:00005E14       GetMenu
 0001:00067D6C       GetMenuHelpContext
 0001:00005E1C       GetMenuItemCount
 0001:00005E24       GetMenuItemID
 0001:00005E2C       GetMenuItemInfo
 0001:0005DEB8       GetMenuSize
 0001:00005E34       GetMenuState
 0001:00005E3C       GetMenuString
 0001:00005E44       GetMessagePos
 0001:00014938       GetMethodProp
 0001:00005904       GetModuleFileName
 0001:000002BC       GetModuleFileName
 0001:000002C4       GetModuleHandle
 0001:0000590C       GetModuleHandle
 0001:0000552C       GetModuleHandle
 0002:00003914       GetMonitorInfo
 0002:00003918       GetMonitorInfoA
 0002:0000391C       GetMonitorInfoW
 0001:0000A7B4       GetMonthDayNames
 0001:00005E4C       GetNextWindow
 0001:00005B34       GetObject
 0001:00014064       GetOrdProp
 0001:00005B3C       GetPaletteEntries
 0001:00005E54       GetParent
 0001:00063238       GetParentForm
 0001:00005B44       GetPixel
 0001:00005914       GetProcAddress
 0001:000002CC       GetProcAddress
 0001:00005E5C       GetProp
 0001:00013F70       GetPropInfo
 0001:00013FE0       GetPropInfos
 0001:000636F8       GetRealScrollPosition
 0001:00058FC4       GetRGBColor
 0001:00005E64       GetScrollInfo
 0001:00005E6C       GetScrollPos
 0001:00005E74       GetScrollRange
 0001:000492EC       GetShortHint
 0001:00014134       GetShortStrProp
 0001:000141CC       GetShortStrPropAsLongStr
 0001:00000574       GetSpace
 0001:000005D8       GetSpaceAt
 0001:0005B944       GetSpecialName
 0001:000002D4       GetStartupInfo
 0001:00000224       GetStdHandle
 0001:0000591C       GetStdHandle
 0001:00005B4C       GetStockObject
 0001:0007E9B8       GetString
 0001:00005924       GetStringTypeEx
 0001:0001436C       GetStrProp
 0001:00005E7C       GetSubMenu
 0001:00005E84       GetSysColor
 0001:00005E8C       GetSysColorBrush
 0001:0000592C       GetSystemInfo
 0001:00005E94       GetSystemMenu
 0002:00003904       GetSystemMetrics
 0001:00005E9C       GetSystemMetrics
 0001:00005B54       GetSystemPaletteEntries
 0001:00005B5C       GetTextExtentPoint32
 0001:00005B64       GetTextMetrics
 0002:00003A28       GetThemeAppProperties
 0002:00003994       GetThemeBackgroundContentRect
 0002:00003998       GetThemeBackgroundExtent
 0002:000039A8       GetThemeBackgroundRegion
 0002:000039CC       GetThemeBool
 0002:000039C0       GetThemeColor
 0002:00003A34       GetThemeDocumentationProperty
 0002:000039D4       GetThemeEnumValue
 0002:000039F4       GetThemeFilename
 0002:000039DC       GetThemeFont
 0002:000039D0       GetThemeInt
 0002:000039E8       GetThemeIntList
 0002:000039E4       GetThemeMargins
 0002:000039C4       GetThemeMetric
 0002:0000399C       GetThemePartSize
 0002:000039D8       GetThemePosition
 0002:000039EC       GetThemePropertyOrigin
 0002:000039E0       GetThemeRect
 0002:000039C8       GetThemeString
 0002:00003A00       GetThemeSysBool
 0002:000039F8       GetThemeSysColor
 0002:000039FC       GetThemeSysColorBrush
 0002:00003A08       GetThemeSysFont
 0002:00003A10       GetThemeSysInt
 0002:00003A04       GetThemeSysSize
 0002:00003A0C       GetThemeSysString
 0002:000039A0       GetThemeTextExtent
 0002:000039A4       GetThemeTextMetrics
 0001:00005934       GetThreadLocale
 0001:000002DC       GetThreadLocale
 0001:0000593C       GetTickCount
 0001:000092F8       GetTime
 0001:00005944       GetTimeZoneInformation
 0001:00005558       GetTlsSize
 0001:0006AE7C       GetTopMostWindows
 0001:000494D0       GetTopParent
 0001:00005EA4       GetTopWindow
 0001:00013DDC       GetTypeData
 0001:00013660       GetVarDataArrayInfo
 0001:000148B8       GetVariantProp
 0001:0000594C       GetVersion
 0001:00000364       GetVersion
 0001:00005954       GetVersionEx
 0001:000143D8       GetWideStrProp
 0001:000142BC       GetWideStrPropAsLongStr
 0001:00005EAC       GetWindow
 0001:00005EB4       GetWindowDC
 0001:00005EBC       GetWindowLong
 0001:00005B6C       GetWindowOrgEx
 0001:00005EC4       GetWindowPlacement
 0001:00005ECC       GetWindowRect
 0001:00005ED4       GetWindowText
 0002:00003A1C       GetWindowTheme
 0001:00005EE4       GetWindowThreadProcessId
 0001:00005EDC       GetWindowThreadProcessId
 0001:0000595C       GlobalAddAtom
 0001:00005964       GlobalAlloc
 0001:00006160       GlobalAllocPtr
 0001:0000596C       GlobalDeleteAtom
 0001:00005974       GlobalFindAtom
 0002:00003864       GlobalFixupList
 0001:0001AEF4       GlobalFixupReferences
 0001:0000597C       GlobalFree
 0001:0000618C       GlobalFreePtr
 0001:0000598C       GlobalHandle
 0001:00005984       GlobalLock
 0002:00003848       GlobalNameSpace
 0001:00005994       GlobalReAlloc
 0001:00006170       GlobalReAllocPtr
 0001:0000599C       GlobalUnlock
 0002:00000A7C       GlyphCache
 0001:00028EBC       Graphics
 0001:00017294       GroupDescendentsWith
 0002:00003C54       Handle
 0001:0000E118       HandleConversionException
 0001:00067FEC       HandleEdge
 0001:0001C358       HandleException
 0001:00042A08       HasPopup
 0002:00001098       HCs
 0002:000024AC       HCs
 0002:000024BC       HCs
 0002:00001004       HCs
 0002:00000024       HeapAllocFlags
 0002:000035C4       heapErrorCode
 0002:000035C8       heapLock
 0001:0002B1C4       HelpIntfs
 0002:00003940       HelpManager
 0002:00003A78       HelpMsg
 0002:00003B1C       HelpViewer
 0002:00003B20       HelpViewerIntf
 0002:000024CC       HexChars
 0002:00000130       HexDisplayPrefix
 0002:00000C40       HideSelections
 0002:00000AF0       HideSelections
 0001:00056B54       HideZone
 0002:00003664       HInstance
 0002:00003BD8       HintDoneEvent
 0001:0006A7B8       HintGetMsgHook
 0002:00003BDC       HintHook
 0001:0006A75C       HintMouseThread
 0002:00003BE0       HintThread
 0002:00003BD4       HintThreadID
 0001:0006A708       HintTimerProc
 0002:00000EE4       HintWindowClass
 0002:000039AC       HitTestThemeBackground
 0001:00006148       HiWord
 0001:0006A7FC       HookHintHooks
 0001:00075700       htons
 0001:00006298       HwndMSWheel
 0002:00000B6C       IAlignment
 0002:00000E78       IBreaks
 0002:00000E84       IChecks
 0002:00000E8C       IDefaults
 0001:000232F4       IdentToCharset
 0001:000230EC       IdentToColor
 0001:000492DC       IdentToCursor
 0001:000174F8       IdentToInt
 0002:00000E94       IEnables
 0001:0005EC5C       IfHotkeyAvailable
 0002:000071F0       IfList
 0002:00003BB0       ImageListWriteExProc
 0001:00029500       ImageList_Add
 0001:00029520       ImageList_AddIcon
 0001:00029550       ImageList_BeginDrag
 0001:000294E8       ImageList_Create
 0001:000294F0       ImageList_Destroy
 0001:00029560       ImageList_DragEnter
 0001:00029568       ImageList_DragLeave
 0001:00029570       ImageList_DragMove
 0001:00029580       ImageList_DragShowNolock
 0001:00029530       ImageList_Draw
 0001:00029540       ImageList_DrawEx
 0001:00029558       ImageList_EndDrag
 0001:00029518       ImageList_GetBkColor
 0001:00029588       ImageList_GetDragImage
 0001:000295A0       ImageList_GetIconSize
 0001:000294F8       ImageList_GetImageCount
 0001:00029590       ImageList_Read
 0001:00029548       ImageList_Remove
 0001:00029538       ImageList_Replace
 0001:00029508       ImageList_ReplaceIcon
 0001:00029510       ImageList_SetBkColor
 0001:00029578       ImageList_SetDragCursorImage
 0001:000295A8       ImageList_SetIconSize
 0001:00029598       ImageList_Write
 0002:00000DE8       Images
 0001:0005A97C       ImgList
 0001:0002A1CC       Imm
 0002:00000DCC       IMM32DLL
 0001:00057744       Imm32IsIME
 0002:00000184       IMSecsPerDay
 0001:0000E4A4       InBounds
 0001:0000E204       InBounds
 0001:0000E234       Increment
 0001:0000E4D4       Increment
 0001:0002952C       IndexToOverlayMask
 0001:000295F4       IndexToStateImageMask
 0001:00005EEC       InflateRect
 0001:00032BF4       IniFiles
 0001:00000A5C       InitAllocator
 0001:00029A14       InitAnApi
 0002:0000392C       InitApis
 0001:00029454       InitComCtl
 0001:000376E4       InitCommonControl
 0001:0002944C       InitCommonControls
 0001:000294B4       InitCommonControlsEx
 0001:000177A0       InitComponent
 0002:00003634       InitContext
 0001:000577E0       InitControls
 0001:00028A3C       InitDefFontData
 0001:0000C32C       InitDriveSpacePtr
 0001:0000B57C       InitExceptions
 0001:0002B2A4       InitFlatSB
 0001:0002C910       InitGlobals
 0001:00025650       InitializeBitmapInfoHeader
 0001:000003B0       InitializeCriticalSection
 0001:000059A4       InitializeCriticalSection
 0002:000035C0       initialized
 0001:0002B27C       InitializeFlatSB
 0001:000055E4       InitializeModule
 0001:0000D270       InitializeVarUtils
 0001:000573E4       InitIMM32
 0001:00017848       InitInheritedComponent
 0001:0000BCD8       InitLeadBytes
 0001:0002A0F0       InitMultiMonStubs
 0001:0000B680       InitPlatformId
 0002:00003040       InitProc
 0001:0006D318       InitProcs
 0001:000289C0       InitScreenLogPixels
 0001:0000BD50       InitSysLocale
 0001:0002BA68       InitThemeLibrary
 0001:0001FDF0       InitThreadSynchronization
 0001:00005560       InitThreadTLS
 0001:000030E0       InitUnits
 0001:00048FC0       InitWndProc
 0002:00000D6C       InnerStyles
 0002:0000304C       Input
 0001:0006A1E0       InsertBefore
 0001:0004EA78       InsertBefore
 0001:00000E68       InsertFree
 0001:0005ED10       InsertHotkeyFarEastFormat
 0001:00005EF4       InsertMenu
 0001:00005EFC       InsertMenuItem
 0002:00003884       InstBlockList
 0002:00003888       InstFreeList
 0001:00012B10       Int64Compare
 0001:00012AFC       IntCompare
 0002:00003858       IntConstList
 0001:0000C394       InterlockedDecrement
 0001:00000354       InterlockedDecrement
 0001:00005884       InterlockedDecrement
 0001:0000588C       InterlockedExchange
 0001:0000C3A0       InterlockedExchange
 0001:0000C3A8       InterlockedExchangeAdd
 0001:0000034C       InterlockedIncrement
 0001:0000C388       InterlockedIncrement
 0001:00005894       InterlockedIncrement
 0001:00001AF0       InternalClose
 0001:000227FC       InternalDeletePalette
 0001:00001D34       InternalFlush
 0001:00000CC4       InternalFreeMem
 0001:000257A0       InternalGetDIB
 0001:00025734       InternalGetDIBSizes
 0001:00017638       InternalReadComponentRes
 0002:00003B04       InternalServices
 0001:00003948       InternalUniqueString
 0001:00005B74       IntersectClipRect
 0001:00005F04       IntersectRect
 0001:00028FB8       IntPower
 0001:00007904       IntToHex
 0001:00017538       IntToIdent
 0001:000077F0       IntToStr
 0001:000078DC       IntToStr
 0001:00005F0C       InvalidateRect
 0001:000247F4       InvalidBitmap
 0001:000247DC       InvalidGraphic
 0001:00024800       InvalidIcon
 0001:000247C4       InvalidOperation
 0001:0001660C       InvalidPoint
 0001:00016620       InvalidPoint
 0002:00003798       InvalidPointer
 0001:00002704       InvokeImplGetter
 0001:000018F8       IOResult
 0002:00000EB4       IOwnerDraw
 0002:00000E9C       IRadios
 0002:00000EAC       IRTL
 0001:000631C8       IsAccel
 0001:0005FEC0       IsAccelChar
 0002:00003A18       IsAppThemed
 0001:00049B28       IsBeforeTargetWindow
 0001:00005F14       IsChild
 0002:00003048       IsConsole
 0001:0001E864       IsDefault
 0001:0001E6E0       IsDefaultFloatProp
 0001:0001E73C       IsDefaultInt64Prop
 0001:0001EA08       IsDefaultInterfaceProp
 0001:0001EAE4       IsDefaultMethodProp
 0001:0001E8BC       IsDefaultObjectProp
 0001:0001E688       IsDefaultOrdProp
 0001:0001EBF4       IsDefaultPropertyValue
 0001:0001E794       IsDefaultStrProp
 0001:0001E93C       IsDefaultValue
 0001:0001EB5C       IsDefaultVariantProp
 0001:00049F84       IsDelphiHandle
 0001:00005F1C       IsDialogMessage
 0002:00000EA4       ISeparators
 0001:00005F24       IsIconic
 0001:000290C0       IsInfinite
 0001:0005FF1C       IsInitialChar
 0001:00008EB8       IsLeapYear
 0002:00003034       IsLibrary
 0002:00003049       IsMultiThread
 0001:00054804       IsOrientationSet
 0001:00005F2C       IsRectEmpty
 0001:00049D2C       IsSiteChildOfClient
 0001:00014034       IsStoredProp
 0002:00003A14       IsThemeActive
 0002:000039BC       IsThemeBackgroundPartiallyTransparent
 0002:00003A24       IsThemeDialogTextureEnabled
 0002:000039B8       IsThemePartDefined
 0001:00017614       IsUniqueGlobalComponentName
 0002:0000384C       IsUniqueGlobalComponentNameProc
 0001:00007740       IsValidIdent
 0001:0000BD38       IsWesternGroup
 0001:00005F34       IsWindow
 0001:00005F3C       IsWindowEnabled
 0001:00005F44       IsWindowVisible
 0001:00005F4C       IsZoomed
 0001:0005BD10       Iterate
 0001:0005BD70       IterateMenus
 0002:0000002C       JITEnable
 0002:000021AC       k
 0001:0006317C       KeyboardStateToShiftState
 0001:00063140       KeyDataToShiftState
 0001:000630EC       KeysToShiftState
 0001:00005F54       KillTimer
 0001:000774A8       LabRADAPIExceptions
 0001:00077000       LabRADAPIInfo
 0001:0007C160       LabRADClient
 0001:00079ACC       LabRADConnection
 0001:0007307C       LabRADDataConverter
 0001:000756D0       LabRADDataStructures
 0001:00079EC4       LabRADEnvironmentDialog
 0001:00077F68       LabRADEnvironmentVariables
 0001:0006F2C4       LabRADExceptions
 0001:00072210       LabRADFlattenBigEndian
 0001:00072D7C       LabRADFlattener
 0001:00071FF4       LabRADFlattenLittleEndian
 0001:00073000       LabRADFreeData
 0001:00072E88       LabRADFreeDataInt
 0001:000710D0       LabRADLinearUnits
 0001:00077A48       LabRADManagerDialog
 0001:00077390       LabRADMD5
 0001:00073044       LabRADMemoryTools
 0002:00001040       LabRADNodeTypeName
 0001:00071494       LabRADNonLinearUnits
 0001:00078108       LabRADPacketHandler
 0001:00076674       LabRADPacketQueues
 0001:00077D40       LabRADPasswordDialog
 0001:00072DB4       LabRADPrettyPrinter
 0001:0007B234       LabRADServer
 0001:000761D4       LabRADSharedObjects
 0001:00076D34       LabRADSocket
 0001:00071FCC       LabRADTimeStamps
 0001:00070474       LabRADTypeTree
 0001:00071F94       LabRADUnflattener
 0001:000714CC       LabRADUnitConversion
 0001:000757A0       LabRADWinSock2
 0001:00075F34       LabRADWSAThreadSocket
 0001:00072DBC       LabRADZeroData
 0001:00007D38       LastDelimiter
 0001:00005390       LCIDToCodePage
 0001:0000BC64       LCIDToCodePage
 0002:00000110       LeadBytes
 0001:000003C0       LeaveCriticalSection
 0001:000059AC       LeaveCriticalSection
 0002:00000038       LibModuleList
 0002:00001FC0       LinearUnitPrefixes
 0002:00003C6C       LinearUnits
 0001:00005B7C       LineTo
 0001:00034964       ListActns
 0001:0004AB14       ListAdd
 0001:0007FB0C       ListenThread
 0001:00033B70       ListItemsCompare
 0001:0004AB3C       ListRemove
 0002:0000374E       ListSeparator
 0001:00029708       ListView_Arrange
 0001:000297B4       ListView_CreateDragImage
 0001:00029658       ListView_DeleteAllItems
 0001:00029760       ListView_DeleteColumn
 0001:00029640       ListView_DeleteItem
 0001:00029690       ListView_FindItem
 0001:00029888       ListView_GetCheckState
 0001:00029984       ListView_GetColumnOrderArray
 0001:00029778       ListView_GetColumnWidth
 0001:00029720       ListView_GetEditControl
 0001:000299CC       ListView_GetHoverTime
 0001:000295F8       ListView_GetItem
 0001:000295E4       ListView_GetItemCount
 0001:000296A0       ListView_GetItemRect
 0001:00029878       ListView_GetItemState
 0001:0002966C       ListView_GetNextItem
 0001:00029810       ListView_GetOrigin
 0001:00029940       ListView_GetSelectedCount
 0001:00029800       ListView_GetTopIndex
 0001:000296DC       ListView_HitTest
 0001:00029750       ListView_InsertColumn
 0001:00029628       ListView_InsertItem
 0001:000296EC       ListView_RedrawItems
 0001:000295B0       ListView_SetBkColor
 0001:000298A8       ListView_SetCheckState
 0001:00029734       ListView_SetColumn
 0001:00029968       ListView_SetColumnOrderArray
 0001:00029790       ListView_SetColumnWidth
 0001:00029950       ListView_SetExtendedListViewStyle
 0001:000299BC       ListView_SetHoverTime
 0001:000295C8       ListView_SetImageList
 0001:00029610       ListView_SetItem
 0001:00029904       ListView_SetItemCount
 0001:00029914       ListView_SetItemCountEx
 0001:00029848       ListView_SetItemState
 0001:000298D4       ListView_SetItemText
 0001:000297E8       ListView_SetTextBkColor
 0001:000297D0       ListView_SetTextColor
 0001:000299A0       ListView_SetWorkAreas
 0001:00029924       ListView_SortItems
 0001:00029828       ListView_Update
 0001:00005F5C       LoadBitmap
 0001:00005F64       LoadCursor
 0001:00005F6C       LoadIcon
 0001:00005F74       LoadKeyboardLayout
 0001:000059B4       LoadLibrary
 0001:000002E4       LoadLibraryEx
 0001:000059BC       LoadResource
 0001:00004A98       LoadResourceModule
 0001:00005338       LoadResString
 0001:00005F7C       LoadString
 0001:000002EC       LoadString
 0001:00000390       LocalAlloc
 0001:00005534       LocalAlloc
 0001:00000398       LocalFree
 0001:0000A778       LocalGetLocaleStr
 0002:00003A4C       Lock
 0001:000059C4       LockResource
 0001:00028FE8       Log10
 0002:00003690       LongDateFormat
 0002:00003724       LongDayNames
 0002:000036D8       LongMonthNames
 0002:000036A4       LongTimeFormat
 0001:000073DC       LowerCase
 0001:00005A4C       lstrcmp
 0001:00005A54       lstrcpy
 0001:000002F4       lstrcpyn
 0002:00003820       LVarTypes
 0002:00003824       LVarTypeSync
 0001:0006D828       MACtoStr
 0001:0007F754       Main
 0002:000071FC       MainForm
 0002:0000302C       MainInstance
 0002:00003030       MainThreadID
 0001:00000420       MakeEmpty
 0001:000031F0       MakeErrorMessage
 0002:00000DB8       MakeLast
 0001:0000613C       MakeLong
 0001:000630D0       MakeObjectInstance
 0001:000215C8       MakeObjectInstance
 0001:000061A0       MakeROP4
 0001:000061D8       MakeWParam
 0002:000071BC       ManagerDialogForm
 0001:0000B23C       MapException
 0001:00032CC8       Mapi
 0002:00000AA8       MAPIDLL
 0002:00000AAC       MAPIModule
 0001:00002EF8       MapToRunError
 0001:00005F84       MapVirtualKey
 0001:00005F8C       MapWindowPoints
 0002:00000DF0       Mask
 0001:00005B84       MaskBlt
 0001:0002918C       Math
 0001:0002910C       Max
 0001:00065A80       MaximizedChildren
 0001:00077008       MD5Digest
 0002:00000040       MemoryManager
 0002:00000E0C       MenuKeyCaps
 0001:00060F38       Menus
 0001:00000470       MergeBlockAfter
 0001:00000F3C       MergeCommit
 0001:00000284       MessageBox
 0001:00005F94       MessageBox
 0001:000063F8       Messages
 0001:00029104       Min
 0001:00018090       Min
 0001:0004E3C0       MinVar
 0002:00003934       MMAvailable
 0002:00000DD0       ModeMap
 0001:00067778       ModifySystemMenu
 0002:000000A8       Module
 0002:00003661       ModuleIsCpp
 0002:00003660       ModuleIsLib
 0001:00021598       ModuleUnload
 0002:0000003C       ModuleUnloadList
 0002:00003910       MonitorFromPoint
 0002:0000390C       MonitorFromRect
 0002:00003908       MonitorFromWindow
 0002:000000E0       MonthDays
 0002:00003B24       Mouse
 0001:00001918       Move
 0001:00005B8C       MoveToEx
 0001:0004AB5C       MoveWindowOrg
 0001:00005F9C       MsgWaitForMultipleObjects
 0001:000059CC       MulDiv
 0001:00000304       MultiByteToWideChar
 0001:0006CDBC       MultiLineWidth
 0001:0002A18C       MultiMon
 0002:00000AE8       MultiSelections
 0002:00003685       NegCurrFormat
 0001:00000FC8       NewCommit
 0001:00000FF4       NewCommitAt
 0002:00000A94       NewState
 0002:00003B28       NewStyleControls
 0001:0000BAE8       NextCharIndex
 0001:000547E8       NextVisibleZone
 0002:0000048C       NilMethod
 0002:00000030       NoErrMsg
 0002:0000214C       NonLinearUnits
 0001:0005CB24       NormalDraw
 0001:00002AB0       NotifyAnyExcept
 0001:0001851C       NotifyDesigner
 0001:00002A84       NotifyExcept
 0001:00002AE4       NotifyExceptFinally
 0001:00017714       NotifyGlobalLoading
 0001:00004D98       NotifyModuleUnload
 0001:00002A60       NotifyNonDelphiException
 0001:00002A9C       NotifyOnExcept
 0001:00002A44       NotifyReRaise
 0001:00002B0C       NotifyTerminate
 0001:00002B28       NotifyUnhandled
 0001:00009180       Now
 0001:0005F89C       NthParentOf
 0001:00013B3C       Null
 0002:00000328       NullAsStringValue
 0001:00012A14       NullCompare
 0002:0000031C       NullEqualityRule
 0002:00000320       NullMagnitudeRule
 0002:00000324       NullStrictConvert
 0002:000023AC       o
 0001:0001E824       ObjectAncestorMatch
 0001:00049078       ObjectFromHWnd
 0002:00000C48       OEMConverts
 0001:00005FA4       OemToAnsi
 0001:00005690       OffsetRect
 0001:00005FAC       OffsetRect
 0001:00001A04       OpenText
 0002:00003984       OpenThemeData
 0002:00000DB0       OrientArray
 0002:00000D7C       OuterStyles
 0002:00003794       OutOfMemory
 0001:0002480C       OutOfResources
 0002:00003218       Output
 0001:0001F0F0       OwnedBy
 0001:0006E00C       Packets
 0002:0000032C       PackVarCreation
 0002:000007A4       Pal16
 0001:00022BE0       PaletteChanged
 0001:00024FF8       PaletteFromDIBColorTable
 0001:0002509C       PaletteToDIBColorTable
 0002:000007A0       PalSize
 0001:00054BCC       ParentNotLast
 0002:000071C4       PasswordDialogForm
 0002:00000C24       Passwords
 0001:00005B94       PatBlt
 0002:000038EC       PatternManager
 0001:0006E098       Pcap
 0001:0006E04C       PCapAvailable
 0001:0007F7D0       PCapCallback
 0002:00003C08       pcap_breakloop
 0002:00003C04       pcap_close
 0002:00003C18       pcap_compile
 0002:00003C4C       pcap_dispatch
 0002:00003C28       pcap_dump
 0002:00003C2C       pcap_dump_close
 0002:00003C24       pcap_dump_open
 0002:00003BF0       pcap_findalldevs
 0002:00003BF4       pcap_findalldevs_ex
 0002:00003BF8       pcap_freealldevs
 0002:00003C20       pcap_geterr
 0002:00003C48       pcap_getevent
 0002:00003C14       pcap_lookupnet
 0002:00003C0C       pcap_loop
 0002:00003C10       pcap_next_ex
 0002:00003C00       pcap_open
 0002:00003BFC       pcap_open_live
 0002:00003C30       pcap_sendpacket
 0002:00003C38       pcap_sendqueue_alloc
 0002:00003C44       pcap_sendqueue_destroy
 0002:00003C3C       pcap_sendqueue_queue
 0002:00003C40       pcap_sendqueue_transmit
 0002:00003C1C       pcap_setfilter
 0002:00003C34       pcap_setmode
 0001:00005FB4       PeekMessage
 0002:000038E0       PenManager
 0002:00000770       PenModes
 0002:00000750       PenStyles
 0001:00049374       PerformEraseBackground
 0001:00005688       Point
 0001:00016594       Point
 0001:000169E8       PointerInModule
 0001:0004FC5C       PointsEqual
 0001:000061C0       PointToSmallPoint
 0001:00005B9C       Polyline
 0002:00003BB4       PopupList
 0001:00005FBC       PostMessage
 0001:00005FC4       PostQuitMessage
 0001:00028FF8       Power
 0001:0002B240       Printers
 0002:00000498       Priorities
 0001:00068E8C       ProcessExecute
 0001:000633F8       ProcessHorz
 0001:00068F8C       ProcessUpdate
[...]
   325 0001:00078DFF   326 0001:00078E09   327 0001:00078E0E   328 0001:00078E16
   329 0001:00078E1A   331 0001:00078E29   332 0001:00078E2E   333 0001:00078E39
   337 0001:00078E3C   338 0001:00078E41   339 0001:00078E47   341 0001:00078E59
   343 0001:00078E5C   349 0001:00078E60   350 0001:00078E7F   351 0001:00078E8C
   352 0001:00078EB3   353 0001:00078EC7   354 0001:00078ED5   355 0001:00078EE8
   356 0001:00078F00   357 0001:00078F06   358 0001:00078F10   359 0001:00078F28
   360 0001:00078F38   361 0001:00078F3F   363 0001:00078F44   365 0001:00078F5A
   366 0001:00078F70   367 0001:00078F7E   368 0001:00078FAD   370 0001:00078FC2
   372 0001:00078FEB   376 0001:00079018   377 0001:00079031   378 0001:00079050
   379 0001:00079072   380 0001:00079088   381 0001:0007909A   383 0001:000790AF
   385 0001:000790D3   388 0001:000790DC   389 0001:000790E5   390 0001:00079104
   391 0001:00079118   393 0001:00079121   395 0001:00079128   399 0001:00079130
   400 0001:0007914A   401 0001:00079155   431 0001:00079158   432 0001:00079169
   433 0001:00079183   434 0001:00079195   435 0001:000791A3   437 0001:000791C9
   438 0001:000791D7   441 0001:000791E1   442 0001:000791F6   451 0001:00079200
   452 0001:0007920E   453 0001:00079228   454 0001:0007923A   455 0001:00079248
   457 0001:0007926E   458 0001:0007927C   461 0001:00079286   462 0001:00079290
   463 0001:0007929B   464 0001:0007929E   465 0001:000792B7   482 0001:000792C0
   483 0001:000792C7   484 0001:000792C9   485 0001:000792D4   486 0001:000792D8
   487 0001:00079304   488 0001:00079339   489 0001:0007935A   490 0001:00079366
   510 0001:00079398   511 0001:000793BC   514 0001:000793C6   516 0001:000793C8
   517 0001:000793D0   518 0001:000793FC   519 0001:0007940E   520 0001:00079416
   523 0001:0007942B   527 0001:00079453   528 0001:00079469   529 0001:00079481
   530 0001:0007949F   532 0001:000794A6   531 0001:000794A9   533 0001:00079505
   534 0001:0007951F   535 0001:0007953B   538 0001:0007956D   528 0001:0007956E
   542 0001:00079577   543 0001:00079581   545 0001:00079585   546 0001:000795A0
   544 0001:000795A1   548 0001:000795B3   551 0001:000795BD   554 0001:000795D4
   555 0001:000795DA   556 0001:000795EC   558 0001:00079605   559 0001:00079617
   563 0001:0007962E   564 0001:00079646   565 0001:0007965E   566 0001:00079678
   567 0001:00079698   569 0001:000796D0   564 0001:000796D1   570 0001:000796D6
   571 0001:000796F9   572 0001:0007970D   571 0001:0007974D   575 0001:00079752
   578 0001:00079764   579 0001:0007977A   580 0001:00079788   582 0001:000797DC
   586 0001:000797EC   587 0001:000797F6   588 0001:00079815   589 0001:00079840
   590 0001:00079865   591 0001:0007988E   592 0001:00079896   593 0001:000798A2
   596 0001:000798B2   597 0001:000798B7   598 0001:000798CF   599 0001:000798ED
   600 0001:00079927   601 0001:00079979   602 0001:000799D9   603 0001:000799F5
   604 0001:00079A3A   606 0001:00079A3D   597 0001:00079A3E   610 0001:00079A47
   611 0001:00079A7A   718 0001:00079ACC   718 0001:00079AD3

Line numbers for LabRADEnvironmentDialog(LabRADEnvironmentDialog.pas) segment .text

    61 0001:00079D10    63 0001:00079D45    64 0001:00079D53    65 0001:00079D7B
    67 0001:00079DA3    69 0001:00079DB0    71 0001:00079DBE    72 0001:00079E17
    77 0001:00079E74    78 0001:00079E77    79 0001:00079E85    80 0001:00079E90
    82 0001:00079EC4    82 0001:00079ECB

Line numbers for LabRADServer(LabRADServer.pas) segment .text

    88 0001:0007A280    89 0001:0007A292    90 0001:0007A29B    91 0001:0007A2A8
    92 0001:0007A2B8    93 0001:0007A2C3    94 0001:0007A2F5   100 0001:0007A344
   102 0001:0007A360   104 0001:0007A36B   105 0001:0007A36D   106 0001:0007A37C
   107 0001:0007A384   108 0001:0007A398   109 0001:0007A3AC   110 0001:0007A3BB
   111 0001:0007A3C3   112 0001:0007A3C5   113 0001:0007A3D9   114 0001:0007A3ED
   115 0001:0007A3F8   116 0001:0007A3FE   117 0001:0007A408   118 0001:0007A41E
   119 0001:0007A434   121 0001:0007A44A   124 0001:0007A460   125 0001:0007A468
   126 0001:0007A47B   127 0001:0007A489   128 0001:0007A498   129 0001:0007A4AA
   130 0001:0007A4E0   134 0001:0007A504   135 0001:0007A50B   137 0001:0007A50F
   136 0001:0007A510   138 0001:0007A542   139 0001:0007A555   140 0001:0007A572
   141 0001:0007A594   142 0001:0007A5AA   143 0001:0007A5B9   144 0001:0007A5E7
   146 0001:0007A5F6   147 0001:0007A62A   148 0001:0007A631   149 0001:0007A661
   150 0001:0007A67A   157 0001:0007A680   158 0001:0007A6A2   160 0001:0007A6C8
   161 0001:0007A6F1   162 0001:0007A70B   163 0001:0007A74C   166 0001:0007A766
   167 0001:0007A784   168 0001:0007A792   169 0001:0007A7A3   170 0001:0007A7F2
   172 0001:0007A803   173 0001:0007A823   175 0001:0007A847   177 0001:0007A87B
   179 0001:0007A8B4   180 0001:0007A8B6   181 0001:0007A8E9   183 0001:0007A902
   184 0001:0007A904   185 0001:0007A947   165 0001:0007A963   189 0001:0007A99A
   190 0001:0007A9B7   191 0001:0007A9CC   192 0001:0007A9D4   193 0001:0007A9F7
   192 0001:0007AA43   194 0001:0007AA46   159 0001:0007AA86   196 0001:0007AAC3
   200 0001:0007AB14   201 0001:0007AB25   203 0001:0007AB29   202 0001:0007AB2A
   204 0001:0007AB5D   205 0001:0007AB70   206 0001:0007AB8A   207 0001:0007AB9E
   208 0001:0007ABE6   209 0001:0007AC2F   210 0001:0007AC5A   211 0001:0007AC63
   214 0001:0007AC6C   215 0001:0007AC96   216 0001:0007ACD1   220 0001:0007ACDC
   221 0001:0007ACE0   222 0001:0007ACF6   223 0001:0007AD04   224 0001:0007AD16
   229 0001:0007AD1C   230 0001:0007AD9F   231 0001:0007ADB5   232 0001:0007ADC6
   233 0001:0007ADDB   234 0001:0007ADF4   235 0001:0007AE0D   236 0001:0007AE29
   237 0001:0007AE43   238 0001:0007AE5C   239 0001:0007AEA9   240 0001:0007AEF8
   241 0001:0007AF5C   253 0001:0007AF80   254 0001:0007AF84   255 0001:0007AF9D
   256 0001:0007AFAE   257 0001:0007AFD0   258 0001:0007AFE8   259 0001:0007AFFB
   262 0001:0007B010   263 0001:0007B013   264 0001:0007B018   268 0001:0007B01C
   269 0001:0007B025   270 0001:0007B033   271 0001:0007B043   273 0001:0007B04A
   274 0001:0007B064   275 0001:0007B08C   276 0001:0007B0CE   278 0001:0007B0F6
   272 0001:0007B0F7   282 0001:0007B10F   285 0001:0007B113   283 0001:0007B114
   286 0001:0007B157   287 0001:0007B16A   288 0001:0007B192   289 0001:0007B1D4
   293 0001:0007B1FA   301 0001:0007B234   301 0001:0007B23B

Line numbers for Contexts(Contexts.pas) segment .text

    75 0001:0007B320    76 0001:0007B340    77 0001:0007B349    78 0001:0007B361
    79 0001:0007B379    80 0001:0007B380    81 0001:0007B386    82 0001:0007B392
    83 0001:0007B399    84 0001:0007B39D    85 0001:0007B3A1    86 0001:0007B3A8
    87 0001:0007B3AF    88 0001:0007B3BD    89 0001:0007B3CB    90 0001:0007B3D9
    91 0001:0007B3F3    92 0001:0007B424    93 0001:0007B46C    97 0001:0007B488
    98 0001:0007B494    99 0001:0007B4C3   100 0001:0007B4DA   104 0001:0007B4E0
   105 0001:0007B4E3   108 0001:0007B4E4   109 0001:0007B4EA   110 0001:0007B50A
   111 0001:0007B526   118 0001:0007B52C   119 0001:0007B54D   120 0001:0007B557
   121 0001:0007B55B   122 0001:0007B59D   123 0001:0007B5AD   124 0001:0007B5B5
   125 0001:0007B5BD   126 0001:0007B5C3   127 0001:0007B5DD   128 0001:0007B611
   129 0001:0007B631   130 0001:0007B650   131 0001:0007B661   132 0001:0007B66B
   133 0001:0007B675   134 0001:0007B688   135 0001:0007B6AF   137 0001:0007B738
   138 0001:0007B74B   140 0001:0007B770   141 0001:0007B791   142 0001:0007B7B6
   143 0001:0007B7DB   145 0001:0007B7F9   146 0001:0007B814   147 0001:0007B827
   148 0001:0007B831   149 0001:0007B843   150 0001:0007B84D   152 0001:0007B8D5
   154 0001:0007B906   155 0001:0007B934   156 0001:0007B965   157 0001:0007B996
   158 0001:0007B9AD   148 0001:0007B9AE   160 0001:0007B9B7   161 0001:0007B9BE
   162 0001:0007B9D6   163 0001:0007B9E1   164 0001:0007B9EF   166 0001:0007BA14
   167 0001:0007BA16   168 0001:0007BA30   174 0001:0007BA86   178 0001:0007BB28
   179 0001:0007BB36   180 0001:0007BB3C   181 0001:0007BB5B   182 0001:0007BB6F
   184 0001:0007BB74   185 0001:0007BB7E   186 0001:0007BB8F   187 0001:0007BBA3
   188 0001:0007BBAD   189 0001:0007BBC1   190 0001:0007BBE9   192 0001:0007BC70
   193 0001:0007BC84   195 0001:0007BCAA   196 0001:0007BCCC   197 0001:0007BCF2
   198 0001:0007BD18   200 0001:0007BD36   201 0001:0007BD52   202 0001:0007BD66
   203 0001:0007BD71   204 0001:0007BD80   205 0001:0007BD8A   207 0001:0007BE13
   209 0001:0007BE45   210 0001:0007BE74   211 0001:0007BEA6   212 0001:0007BED8
   213 0001:0007BEEF   203 0001:0007BEF0   215 0001:0007BEF7   216 0001:0007BF3A
   218 0001:0007BF5E   219 0001:0007BF6C   220 0001:0007BF71   221 0001:0007BF77
   222 0001:0007BF83   223 0001:0007BF98   225 0001:0007BFA0   228 0001:0007BFBD
   231 0001:0007C034   232 0001:0007C03A   233 0001:0007C04C   234 0001:0007C055
   235 0001:0007C05C   237 0001:0007C072   241 0001:0007C09C   242 0001:0007C0A0
   243 0001:0007C0CF   244 0001:0007C0E7   245 0001:0007C0F5   247 0001:0007C128
   247 0001:0007C12F

Line numbers for LabRADClient(LabRADClient.pas) segment .text

    74 0001:0007C160    74 0001:0007C167

Line numbers for GetMAC(GetMAC.pas) segment .text

    73 0001:0007C168    94 0001:0007C1B0    95 0001:0007C1E2    97 0001:0007C1E9
    98 0001:0007C202   104 0001:0007C592   106 0001:0007C594    96 0001:0007C595
   108 0001:0007C5A4   109 0001:0007C5C9   114 0001:0007C5D4   115 0001:0007C5ED
   117 0001:0007C5F4   118 0001:0007C604   124 0001:0007C9DF   126 0001:0007C9E1
   116 0001:0007C9E2   128 0001:0007C9F1   129 0001:0007C9F9   144 0001:0007CA48
   145 0001:0007CA6F   146 0001:0007CA80   147 0001:0007CA9A   148 0001:0007CA9C
   149 0001:0007CAA3   150 0001:0007CAB0   151 0001:0007CAC0   152 0001:0007CACC
   153 0001:0007CAE1   154 0001:0007CAF3   156 0001:0007CB34   157 0001:0007CB58
   158 0001:0007CB8A   159 0001:0007CBC6   160 0001:0007CBEF   161 0001:0007CC18
   162 0001:0007CC41   163 0001:0007CC6A   164 0001:0007CC93   165 0001:0007CCBC
   167 0001:0007CCD5   168 0001:0007CD02   153 0001:0007CD03   170 0001:0007CD0C
   172 0001:0007CD35

Line numbers for Main(Main.pas) segment .text

    86 0001:0007D0D4    87 0001:0007D0F7    88 0001:0007D0FE    89 0001:0007D10C
    90 0001:0007D115    91 0001:0007D12D    93 0001:0007D139    94 0001:0007D15B
    95 0001:0007D173    97 0001:0007D17F    98 0001:0007D182    99 0001:0007D19D
   100 0001:0007D19F   101 0001:0007D1A7   102 0001:0007D1B1   103 0001:0007D1D7
   104 0001:0007D209   105 0001:0007D230   106 0001:0007D2A9   107 0001:0007D313
   108 0001:0007D37D   109 0001:0007D3C2   110 0001:0007D41A   111 0001:0007D491
   112 0001:0007D4C7   116 0001:0007D58C   117 0001:0007D5BD   118 0001:0007D5EE
   119 0001:0007D61F   120 0001:0007D650   121 0001:0007D69C   123 0001:0007D6C3
   124 0001:0007D6C5   100 0001:0007D6C6   126 0001:0007D6CE   127 0001:0007D6DC
   128 0001:0007D754   131 0001:0007D81C   132 0001:0007D83B   133 0001:0007D847
   138 0001:0007D87C   144 0001:0007D8BF   149 0001:0007D8F1   154 0001:0007D926
   161 0001:0007D96E   168 0001:0007D9B6   173 0001:0007D9E8   179 0001:0007DA25
   184 0001:0007DA5A   190 0001:0007DA97   196 0001:0007DAD4   202 0001:0007DB14
   208 0001:0007DB54   214 0001:0007DB94   220 0001:0007DBD4   225 0001:0007DC09
   230 0001:0007DC3E   235 0001:0007DC73   240 0001:0007DCA8   246 0001:0007DCE5
   252 0001:0007DD22   253 0001:0007DD4A   257 0001:0007E9B8   258 0001:0007E9D6
   259 0001:0007E9DD   260 0001:0007E9F1   261 0001:0007E9FC   262 0001:0007EA27
   261 0001:0007EA49   263 0001:0007EA77   267 0001:0007EA80   268 0001:0007EA85
   269 0001:0007EA8C   270 0001:0007EAA2   269 0001:0007EACE   271 0001:0007EAD1
   272 0001:0007EADE   273 0001:0007EAE9   276 0001:0007EAF0   277 0001:0007EB02
   278 0001:0007EB0E   279 0001:0007EB24   283 0001:0007EB44   284 0001:0007EB4B
   285 0001:0007EB50   289 0001:0007EB54   290 0001:0007EB5B   291 0001:0007EB60
   295 0001:0007EB64   296 0001:0007EB69   300 0001:0007EB6C   301 0001:0007EB74
   302 0001:0007EB80   303 0001:0007EB83   304 0001:0007EB87   305 0001:0007EBBE
   306 0001:0007EBC5   313 0001:0007EBE4   314 0001:0007EC15   315 0001:0007EC59
   316 0001:0007EC5C   319 0001:0007ED12   320 0001:0007ED25   321 0001:0007ED39
   322 0001:0007ED56   323 0001:0007ED7B   324 0001:0007EDD3   321 0001:0007EDD6
   329 0001:0007EDE4   330 0001:0007EDF4   331 0001:0007EE08   332 0001:0007EE5C
   333 0001:0007EE93   334 0001:0007EE9D   335 0001:0007EED4   336 0001:0007EEE7
   338 0001:0007EF34   344 0001:0007EF53   345 0001:0007EF57   350 0001:0007EF6A
   351 0001:0007EF76   356 0001:0007EF89   357 0001:0007EFB2   362 0001:0007EFD6
   363 0001:0007EFDD   368 0001:0007EFF0   369 0001:0007F028   370 0001:0007F02C
   375 0001:0007F03F   376 0001:0007F069   381 0001:0007F07C   382 0001:0007F095
   383 0001:0007F09C   388 0001:0007F0AF   389 0001:0007F0C5   390 0001:0007F0DF
   391 0001:0007F0E5   392 0001:0007F0FF   393 0001:0007F137   394 0001:0007F13F
   395 0001:0007F159   396 0001:0007F18D   401 0001:0007F1A0   402 0001:0007F1B7
   403 0001:0007F1EC   404 0001:0007F1FF   409 0001:0007F20E   410 0001:0007F23D
   415 0001:0007F250   416 0001:0007F279   421 0001:0007F28C   422 0001:0007F29D
   424 0001:0007F2B2   425 0001:0007F2E0   426 0001:0007F2F6   425 0001:0007F338
   428 0001:0007F33D   429 0001:0007F375   432 0001:0007F385   434 0001:0007F441
   446 0001:0007F5A4   447 0001:0007F5BD   448 0001:0007F5C2   449 0001:0007F613
   450 0001:0007F642   454 0001:0007F668   455 0001:0007F689   456 0001:0007F69B
   457 0001:0007F6A6   458 0001:0007F6AD   459 0001:0007F6D7   463 0001:0007F6DC
   464 0001:0007F6E6   467 0001:0007F6F8   468 0001:0007F6FB   469 0001:0007F708
   470 0001:0007F715   471 0001:0007F722   473 0001:0007F754   473 0001:0007F75B

Line numbers for ListenThread(ListenThread.pas) segment .text

    43 0001:0007F7D0    44 0001:0007F7D3    45 0001:0007F7E4    46 0001:0007F80A
    47 0001:0007F81B    51 0001:0007F860    52 0001:0007F878    53 0001:0007F883
    54 0001:0007F887    55 0001:0007F88A    56 0001:0007F8A7    59 0001:0007F8B0
    60 0001:0007F8BA    61 0001:0007F8C8    63 0001:0007F904    64 0001:0007F906
    65 0001:0007F923    68 0001:0007F939    69 0001:0007F954    72 0001:0007F9D8
    73 0001:0007F9DB    74 0001:0007FA0F    78 0001:0007FA20    79 0001:0007FA38
    81 0001:0007FB0C    81 0001:0007FB13

Line numbers for Adapter(Adapter.pas) segment .text

    91 0001:0007FF20    92 0001:0007FF39   101 0001:0007FF3C   102 0001:0007FF63
   103 0001:0007FF73   104 0001:0007FF7C   105 0001:0007FF7F   106 0001:0007FF8E
   107 0001:0007FF98   108 0001:0007FFB6   109 0001:0007FFBF   110 0001:0007FFE1
   111 0001:0007FFF4   112 0001:0007FFF8   113 0001:0007FFFB   114 0001:0008000A
   115 0001:00080023   116 0001:00080026   117 0001:00080035   118 0001:0008004B
   119 0001:00080069   120 0001:00080080   121 0001:00080083   122 0001:000800BD
   123 0001:000800C5   124 0001:000800CD   125 0001:000800DB   127 0001:00080138
   128 0001:0008013A   129 0001:00080154   132 0001:0008018D   133 0001:00080196
   135 0001:000801A6   136 0001:000801B2   137 0001:000801BE   139 0001:000801CC
   140 0001:000801DB   143 0001:00080209   146 0001:0008025C   147 0001:0008025F
   148 0001:00080267   149 0001:0008026F   150 0001:00080277   151 0001:0008027E
   152 0001:00080299   153 0001:000802A6   159 0001:000802A8   160 0001:000802C2
   161 0001:000802C8   162 0001:000802CA   163 0001:000802CE   164 0001:000802D4
   165 0001:000802D8   166 0001:000802DE   167 0001:000802E9   169 0001:000802EE
   170 0001:000802F7   171 0001:00080302   174 0001:0008030A   175 0001:0008030C
   162 0001:0008030F   178 0001:00080313   179 0001:00080324   180 0001:00080350
   181 0001:00080366   180 0001:00080388   182 0001:0008038B   183 0001:000803A5
   184 0001:000803CE   187 0001:000803E4   188 0001:000803E7   189 0001:000803F5
   193 0001:000803F8   194 0001:00080436   195 0001:00080460   196 0001:00080493
   197 0001:0008049D   198 0001:000804AD   199 0001:000804DB   200 0001:00080509
   201 0001:00080537   202 0001:00080575   203 0001:000805C0   207 0001:000805E4
   208 0001:000805FF   209 0001:00080610   210 0001:0008061E   212 0001:00080653
   213 0001:00080655   214 0001:0008066F   217 0001:000806C5   221 0001:0008072C
   222 0001:0008074A   223 0001:0008075B   224 0001:00080781   225 0001:000807A3
   226 0001:000807B6   227 0001:000807C0   228 0001:00080800   229 0001:0008080A
   230 0001:00080814   231 0001:0008081E   232 0001:00080828   233 0001:00080832
   234 0001:0008083C   235 0001:00080847   236 0001:00080850   237 0001:0008086A
   238 0001:00080893   242 0001:000808C0   243 0001:000808C8   245 0001:000808CF
   246 0001:000808E8   247 0001:000808FF   246 0001:00080936   248 0001:00080939
   250 0001:00080961   244 0001:00080962   253 0001:00080975   254 0001:00080989
   255 0001:0008099A   263 0001:000809BC   264 0001:000809E2   265 0001:000809FB
   267 0001:00080A03   268 0001:00080A11   269 0001:00080A2B   270 0001:00080A37
   271 0001:00080A4B   273 0001:00080A55   276 0001:00080A62   277 0001:00080A70
   278 0001:00080A8D   279 0001:00080A99   280 0001:00080AAD   282 0001:00080AB7
   285 0001:00080AC7   286 0001:00080AD5   287 0001:00080AF2   288 0001:00080AFE
   289 0001:00080B12   291 0001:00080B1C   294 0001:00080B2C   295 0001:00080B3F
   296 0001:00080B4C   297 0001:00080B69   298 0001:00080B75   299 0001:00080B89
   301 0001:00080B93   304 0001:00080BA3   305 0001:00080BB6   306 0001:00080BC3
   307 0001:00080BE0   308 0001:00080BEC   309 0001:00080C00   311 0001:00080C0A
   314 0001:00080C1A   315 0001:00080C24   317 0001:00080C33   319 0001:00080C4D
   320 0001:00080C6A   321 0001:00080C76   322 0001:00080C8A   324 0001:00080C94
   327 0001:00080CA4   328 0001:00080CA6   329 0001:00080CC0   330 0001:00080CE8
   331 0001:00080CFD   332 0001:00080D03   333 0001:00080D06   335 0001:00080D1B
   336 0001:00080D20   337 0001:00080D2C   338 0001:00080D40   340 0001:00080D4A
   342 0001:00080D7F   345 0001:00080DD4   346 0001:00080DD7   347 0001:00080E0B
   354 0001:00080E10   355 0001:00080E34   356 0001:00080E48   357 0001:00080E76
   358 0001:00080EAE   359 0001:00080ED2   360 0001:00080EDF   361 0001:00080EE1
   362 0001:00080F03   363 0001:00080F14   364 0001:00080F4C   365 0001:00080F89
   366 0001:00080FD2   360 0001:00080FD3   367 0001:00080FDC   368 0001:00080FF3
   358 0001:00080FF6   369 0001:00080FFF   370 0001:00081017   371 0001:00081024
   372 0001:00081045   373 0001:00081067   374 0001:00081078   375 0001:000810B0
   376 0001:000810ED   377 0001:00081136   371 0001:00081137   378 0001:00081140
   379 0001:00081157   380 0001:00081188   385 0001:00081254   386 0001:00081275
   387 0001:000812AC   388 0001:000812B5   389 0001:000812CB   388 0001:000812F1
   390 0001:00081316   392 0001:00081380   392 0001:00081387

Line numbers for DirectEthernet(E:\SourceForge\Modules\Delphi\DirectEthernetServer\trunk\DirectEthernet.dpr) segment .text

    29 0001:000816B8    30 0001:000816C8    31 0001:000816D4    32 0001:000816EC
    33 0001:000816F8

Bound resource files

c:\program files\borland\delphi7\Lib\Buttons.res
c:\program files\borland\delphi7\Lib\ExtDlgs.res
c:\program files\borland\delphi7\Lib\Controls.res
E:\SourceForge\Modules\Delphi\DirectEthernetServer\trunk\Thread Message Queue\ThreadMessageQueue.res
M:\Packages\LabRAD\API\LabRADManagerDialog.dfm
M:\Packages\LabRAD\API\LabRADPasswordDialog.dfm
M:\Packages\LabRAD\API\LabRADIcons.res
M:\Packages\LabRAD\API\LabRADEnvironmentDialog.dfm
Main.dfm
Adapter.dfm
DirectEthernet.res
DirectEthernet.drf


Program entry point at 0001:000816B8
