
 Start         Length     Name                   Class
 0001:00000000 0007DA1CH .text                   CODE
 0002:00000000 00002928H .data                   DATA
 0002:00002928 00004209H .bss                    BSS


Detailed map of segments

 0001:00000000 0000502B C=CODE     S=.text    G=(none)   M=System   ACBP=A9
 0001:0000502C 00000140 C=CODE     S=.text    G=(none)   M=SysInit  ACBP=A9
 0001:0000516C 000000BC C=CODE     S=.text    G=(none)   M=Types    ACBP=A9
 0001:00005228 00000C80 C=CODE     S=.text    G=(none)   M=Windows  ACBP=A9
 0001:00005EA8 00000038 C=CODE     S=.text    G=(none)   M=Messages ACBP=A9
 0001:00005EE0 00000328 C=CODE     S=.text    G=(none)   M=SysConst ACBP=A9
 0001:00006208 00006620 C=CODE     S=.text    G=(none)   M=SysUtils ACBP=A9
 0001:0000C828 000007FB C=CODE     S=.text    G=(none)   M=VarUtils ACBP=A9
 0001:0000D024 000066BA C=CODE     S=.text    G=(none)   M=Variants ACBP=A9
 0001:000136E0 00000138 C=CODE     S=.text    G=(none)   M=RTLConsts ACBP=A9
 0001:00013818 00000DB0 C=CODE     S=.text    G=(none)   M=TypInfo  ACBP=A9
 0001:000145C8 00000058 C=CODE     S=.text    G=(none)   M=ActiveX  ACBP=A9
 0001:00014620 0000CCEA C=CODE     S=.text    G=(none)   M=Classes  ACBP=A9
 0001:0002130C 000002A8 C=CODE     S=.text    G=(none)   M=Consts   ACBP=A9
 0001:000215B4 0000746B C=CODE     S=.text    G=(none)   M=Graphics ACBP=A9
 0001:00028A20 000001DC C=CODE     S=.text    G=(none)   M=Math     ACBP=A9
 0001:00028BFC 000002B8 C=CODE     S=.text    G=(none)   M=Contnrs  ACBP=A9
 0001:00028EB4 000005C8 C=CODE     S=.text    G=(none)   M=CommCtrl ACBP=A9
 0001:0002947C 00000787 C=CODE     S=.text    G=(none)   M=MultiMon ACBP=A9
 0001:00029C04 00000038 C=CODE     S=.text    G=(none)   M=Imm      ACBP=A9
 0001:00029C3C 00000FF8 C=CODE     S=.text    G=(none)   M=HelpIntfs ACBP=A9
 0001:0002AC34 00000038 C=CODE     S=.text    G=(none)   M=WinSpool ACBP=A9
 0001:0002AC6C 00000044 C=CODE     S=.text    G=(none)   M=Printers ACBP=A9
 0001:0002ACB0 0000031F C=CODE     S=.text    G=(none)   M=FlatSB   ACBP=A9
 0001:0002AFD0 00000340 C=CODE     S=.text    G=(none)   M=SyncObjs ACBP=A9
 0001:0002B310 000009BB C=CODE     S=.text    G=(none)   M=UxTheme  ACBP=A9
 0001:0002BCCC 00000038 C=CODE     S=.text    G=(none)   M=RichEdit ACBP=A9
 0001:0002BD04 00000038 C=CODE     S=.text    G=(none)   M=ToolWin  ACBP=A9
 0001:0002BD3C 00000038 C=CODE     S=.text    G=(none)   M=ShellAPI ACBP=A9
 0001:0002BD74 00000038 C=CODE     S=.text    G=(none)   M=RegStr   ACBP=A9
 0001:0002BDAC 00000038 C=CODE     S=.text    G=(none)   M=WinInet  ACBP=A9
 0001:0002BDE4 00000038 C=CODE     S=.text    G=(none)   M=UrlMon   ACBP=A9
 0001:0002BE1C 0000006C C=CODE     S=.text    G=(none)   M=ShlObj   ACBP=A9
 0001:0002BE88 00000038 C=CODE     S=.text    G=(none)   M=CommDlg  ACBP=A9
 0001:0002BEC0 00000038 C=CODE     S=.text    G=(none)   M=Dlgs     ACBP=A9
 0001:0002BEF8 0000066D C=CODE     S=.text    G=(none)   M=Dialogs  ACBP=A9
 0001:0002C568 00002722 C=CODE     S=.text    G=(none)   M=ExtCtrls ACBP=A9
 0001:0002EC8C 00000048 C=CODE     S=.text    G=(none)   M=ComStrs  ACBP=A9
 0001:0002ECD4 00000094 C=CODE     S=.text    G=(none)   M=Clipbrd  ACBP=A9
 0001:0002ED68 00000038 C=CODE     S=.text    G=(none)   M=StrUtils ACBP=A9
 0001:0002EDA0 00003821 C=CODE     S=.text    G=(none)   M=Buttons  ACBP=A9
 0001:000325C4 00000038 C=CODE     S=.text    G=(none)   M=ExtDlgs  ACBP=A9
 0001:000325FC 00000068 C=CODE     S=.text    G=(none)   M=IniFiles ACBP=A9
 0001:00032664 00000068 C=CODE     S=.text    G=(none)   M=Registry ACBP=A9
 0001:000326CC 0000006C C=CODE     S=.text    G=(none)   M=Mapi     ACBP=A9
 0001:00032738 00000058 C=CODE     S=.text    G=(none)   M=ExtActns ACBP=A9
 0001:00032790 00001C44 C=CODE     S=.text    G=(none)   M=ListActns ACBP=A9
 0001:000343D4 0000A140 C=CODE     S=.text    G=(none)   M=ComCtrls ACBP=A9
 0001:0003E514 00000BC4 C=CODE     S=.text    G=(none)   M=Themes   ACBP=A9
 0001:0003F0D8 0000638C C=CODE     S=.text    G=(none)   M=StdCtrls ACBP=A9
 0001:00045464 00000168 C=CODE     S=.text    G=(none)   M=StdActns ACBP=A9
 0001:000455CC 00000D1F C=CODE     S=.text    G=(none)   M=WinHelpViewer ACBP=A9
 0001:000462EC 0001123B C=CODE     S=.text    G=(none)   M=Controls ACBP=A9
 0001:00057528 00001326 C=CODE     S=.text    G=(none)   M=ActnList ACBP=A9
 0001:00058850 00001B9C C=CODE     S=.text    G=(none)   M=ImgList  ACBP=A9
 0001:0005A3EC 00006639 C=CODE     S=.text    G=(none)   M=Menus    ACBP=A9
 0001:00060A28 0000C484 C=CODE     S=.text    G=(none)   M=Forms    ACBP=A9
 0001:0006CEAC 000004E0 C=CODE     S=.text    G=(none)   M=Filters  ACBP=A9
 0001:0006D38C 00000068 C=CODE     S=.text    G=(none)   M=Packets  ACBP=A9
 0001:0006D3F4 00000038 C=CODE     S=.text    G=(none)   M=WinSock  ACBP=A9
 0001:0006D42C 000004D8 C=CODE     S=.text    G=(none)   M=Pcap     ACBP=A9
 0001:0006D904 00000538 C=CODE     S=.text    G=(none)   M=ThreadMessageQueue ACBP=A9
 0001:0006DE3C 000000D0 C=CODE     S=.text    G=(none)   M=LabRADWinSock2 ACBP=A9
 0001:0006DF0C 00000777 C=CODE     S=.text    G=(none)   M=LabRADWSAThreadSocket ACBP=A9
 0001:0006E684 000006E0 C=CODE     S=.text    G=(none)   M=LabRADExceptions ACBP=A9
 0001:0006ED64 00000F64 C=CODE     S=.text    G=(none)   M=LabRADTypeTree ACBP=A9
 0001:0006FCC8 00000AA1 C=CODE     S=.text    G=(none)   M=LabRADLinearUnits ACBP=A9
 0001:0007076C 0000033C C=CODE     S=.text    G=(none)   M=LabRADNonLinearUnits ACBP=A9
 0001:00070AA8 00000038 C=CODE     S=.text    G=(none)   M=LabRADUnitConversion ACBP=A9
 0001:00070AE0 000008C4 C=CODE     S=.text    G=(none)   M=LabRADUnflattener ACBP=A9
 0001:000713A4 00000057 C=CODE     S=.text    G=(none)   M=LabRADTimeStamps ACBP=A9
 0001:000713FC 000006B8 C=CODE     S=.text    G=(none)   M=LabRADFlattener ACBP=A9
 0001:00071AB4 00000038 C=CODE     S=.text    G=(none)   M=LabRADPrettyPrinter ACBP=A9
 0001:00071AEC 00000270 C=CODE     S=.text    G=(none)   M=LabRADMemoryTools ACBP=A9
 0001:00071D5C 00000038 C=CODE     S=.text    G=(none)   M=LabRADDataConverter ACBP=A9
 0001:00071D94 00001F0C C=CODE     S=.text    G=(none)   M=LabRADDataStructures ACBP=A9
 0001:00073CA0 00000270 C=CODE     S=.text    G=(none)   M=LabRADSharedObjects ACBP=A9
 0001:00073F10 000004A0 C=CODE     S=.text    G=(none)   M=LabRADPacketQueues ACBP=A9
 0001:000743B0 00000684 C=CODE     S=.text    G=(none)   M=LabRADSocket ACBP=A9
 0001:00074A34 000002CC C=CODE     S=.text    G=(none)   M=LabRADAPIInfo ACBP=A9
 0001:00074D00 00000304 C=CODE     S=.text    G=(none)   M=LabRADMD5 ACBP=A9
 0001:00075004 00000118 C=CODE     S=.text    G=(none)   M=LabRADAPIExceptions ACBP=A9
 0001:0007511C 00000590 C=CODE     S=.text    G=(none)   M=LabRADManagerDialog ACBP=A9
 0001:000756AC 000002F8 C=CODE     S=.text    G=(none)   M=LabRADPasswordDialog ACBP=A9
 0001:000759A4 000001B0 C=CODE     S=.text    G=(none)   M=LabRADEnvironmentVariables ACBP=A9
 0001:00075B54 000001A0 C=CODE     S=.text    G=(none)   M=LabRADPacketHandler ACBP=A9
 0001:00075CF4 00001854 C=CODE     S=.text    G=(none)   M=LabRADConnection ACBP=A9
 0001:00077548 00000038 C=CODE     S=.text    G=(none)   M=LabRADClient ACBP=A9
 0001:00077580 000003F8 C=CODE     S=.text    G=(none)   M=LabRADEnvironmentDialog ACBP=A9
 0001:00077978 000012E8 C=CODE     S=.text    G=(none)   M=LabRADServer ACBP=A9
 0001:00078C60 000009FC C=CODE     S=.text    G=(none)   M=Contexts ACBP=A9
 0001:0007965C 00000A50 C=CODE     S=.text    G=(none)   M=GetMAC   ACBP=A9
 0001:0007A0AC 00002848 C=CODE     S=.text    G=(none)   M=Main     ACBP=A9
 0001:0007C8F4 00000DB8 C=CODE     S=.text    G=(none)   M=Adapter  ACBP=A9
 0001:0007D6AC 0000036D C=CODE     S=.text    G=(none)   M=DirectEthernet ACBP=A9
 0002:00000000 0000009C C=DATA     S=.data    G=DGROUP   M=System   ACBP=A9
 0002:0000009C 00000020 C=DATA     S=.data    G=DGROUP   M=SysInit  ACBP=A9
 0002:000000BC 00000254 C=DATA     S=.data    G=DGROUP   M=SysUtils ACBP=A9
 0002:00000310 00000008 C=DATA     S=.data    G=DGROUP   M=VarUtils ACBP=A9
 0002:00000318 00000136 C=DATA     S=.data    G=DGROUP   M=Variants ACBP=A9
 0002:00000450 0000000C C=DATA     S=.data    G=DGROUP   M=TypInfo  ACBP=A9
 0002:0000045C 00000080 C=DATA     S=.data    G=DGROUP   M=Classes  ACBP=A9
 0002:000004DC 00000304 C=DATA     S=.data    G=DGROUP   M=Graphics ACBP=A9
 0002:000007E0 00000004 C=DATA     S=.data    G=DGROUP   M=Printers ACBP=A9
 0002:000007E4 00000010 C=DATA     S=.data    G=DGROUP   M=ShlObj   ACBP=A9
 0002:000007F4 00000074 C=DATA     S=.data    G=DGROUP   M=Dialogs  ACBP=A9
 0002:00000868 0000018C C=DATA     S=.data    G=DGROUP   M=ExtCtrls ACBP=A9
 0002:000009F4 0000009E C=DATA     S=.data    G=DGROUP   M=Buttons  ACBP=A9
 0002:00000A94 00000008 C=DATA     S=.data    G=DGROUP   M=IniFiles ACBP=A9
 0002:00000A9C 00000008 C=DATA     S=.data    G=DGROUP   M=Registry ACBP=A9
 0002:00000AA4 00000008 C=DATA     S=.data    G=DGROUP   M=Mapi     ACBP=A9
 0002:00000AAC 000000F4 C=DATA     S=.data    G=DGROUP   M=ComCtrls ACBP=A9
 0002:00000BA0 00000068 C=DATA     S=.data    G=DGROUP   M=Themes   ACBP=A9
 0002:00000C08 00000090 C=DATA     S=.data    G=DGROUP   M=StdCtrls ACBP=A9
 0002:00000C98 0000013C C=DATA     S=.data    G=DGROUP   M=Controls ACBP=A9
 0002:00000DD4 00000020 C=DATA     S=.data    G=DGROUP   M=ImgList  ACBP=A9
 0002:00000DF4 000000EC C=DATA     S=.data    G=DGROUP   M=Menus    ACBP=A9
 0002:00000EE0 00000120 C=DATA     S=.data    G=DGROUP   M=Forms    ACBP=A9
 0002:00001000 0000002C C=DATA     S=.data    G=DGROUP   M=LabRADExceptions ACBP=A9
 0002:0000102C 00000068 C=DATA     S=.data    G=DGROUP   M=LabRADTypeTree ACBP=A9
 0002:00001094 000010A1 C=DATA     S=.data    G=DGROUP   M=LabRADLinearUnits ACBP=A9
 0002:00002138 00000060 C=DATA     S=.data    G=DGROUP   M=LabRADNonLinearUnits ACBP=A9
 0002:00002198 00000300 C=DATA     S=.data    G=DGROUP   M=LabRADMD5 ACBP=A9
 0002:00002498 00000020 C=DATA     S=.data    G=DGROUP   M=GetMAC   ACBP=A9
 0002:000024B8 00000010 C=DATA     S=.data    G=DGROUP   M=Adapter  ACBP=A9
 0002:00003000 00000660 C=BSS      S=.bss     G=DGROUP   M=System   ACBP=A9
 0002:00003660 00000010 C=BSS      S=.bss     G=DGROUP   M=SysInit  ACBP=A9
 0002:00003670 00000004 C=BSS      S=.bss     G=DGROUP   M=Types    ACBP=A9
 0002:00003674 00000004 C=BSS      S=.bss     G=DGROUP   M=Windows  ACBP=A9
 0002:00003678 00000004 C=BSS      S=.bss     G=DGROUP   M=Messages ACBP=A9
 0002:0000367C 00000004 C=BSS      S=.bss     G=DGROUP   M=SysConst ACBP=A9
 0002:00003680 00000120 C=BSS      S=.bss     G=DGROUP   M=SysUtils ACBP=A9
 0002:000037A0 0000005C C=BSS      S=.bss     G=DGROUP   M=VarUtils ACBP=A9
 0002:000037FC 00000040 C=BSS      S=.bss     G=DGROUP   M=Variants ACBP=A9
 0002:0000383C 00000004 C=BSS      S=.bss     G=DGROUP   M=RTLConsts ACBP=A9
 0002:00003840 00000004 C=BSS      S=.bss     G=DGROUP   M=TypInfo  ACBP=A9
 0002:00003844 00000004 C=BSS      S=.bss     G=DGROUP   M=ActiveX  ACBP=A9
 0002:00003848 00000044 C=BSS      S=.bss     G=DGROUP   M=Classes  ACBP=A9
 0002:0000388C 00000004 C=BSS      S=.bss     G=DGROUP   M=Consts   ACBP=A9
 0002:00003890 00000060 C=BSS      S=.bss     G=DGROUP   M=Graphics ACBP=A9
 0002:000038F0 00000004 C=BSS      S=.bss     G=DGROUP   M=Math     ACBP=A9
 0002:000038F4 00000004 C=BSS      S=.bss     G=DGROUP   M=Contnrs  ACBP=A9
 0002:000038F8 0000000C C=BSS      S=.bss     G=DGROUP   M=CommCtrl ACBP=A9
 0002:00003904 00000031 C=BSS      S=.bss     G=DGROUP   M=MultiMon ACBP=A9
 0002:00003938 00000004 C=BSS      S=.bss     G=DGROUP   M=Imm      ACBP=A9
 0002:0000393C 00000008 C=BSS      S=.bss     G=DGROUP   M=HelpIntfs ACBP=A9
 0002:00003944 00000004 C=BSS      S=.bss     G=DGROUP   M=WinSpool ACBP=A9
 0002:00003948 00000004 C=BSS      S=.bss     G=DGROUP   M=Printers ACBP=A9
 0002:0000394C 00000034 C=BSS      S=.bss     G=DGROUP   M=FlatSB   ACBP=A9
 0002:00003980 00000004 C=BSS      S=.bss     G=DGROUP   M=SyncObjs ACBP=A9
 0002:00003984 000000CC C=BSS      S=.bss     G=DGROUP   M=UxTheme  ACBP=A9
 0002:00003A50 00000004 C=BSS      S=.bss     G=DGROUP   M=RichEdit ACBP=A9
 0002:00003A54 00000004 C=BSS      S=.bss     G=DGROUP   M=ToolWin  ACBP=A9
 0002:00003A58 00000004 C=BSS      S=.bss     G=DGROUP   M=ShellAPI ACBP=A9
 0002:00003A5C 00000004 C=BSS      S=.bss     G=DGROUP   M=RegStr   ACBP=A9
 0002:00003A60 00000004 C=BSS      S=.bss     G=DGROUP   M=WinInet  ACBP=A9
 0002:00003A64 00000004 C=BSS      S=.bss     G=DGROUP   M=UrlMon   ACBP=A9
 0002:00003A68 00000004 C=BSS      S=.bss     G=DGROUP   M=ShlObj   ACBP=A9
 0002:00003A6C 00000004 C=BSS      S=.bss     G=DGROUP   M=CommDlg  ACBP=A9
 0002:00003A70 00000004 C=BSS      S=.bss     G=DGROUP   M=Dlgs     ACBP=A9
 0002:00003A74 0000000C C=BSS      S=.bss     G=DGROUP   M=Dialogs  ACBP=A9
 0002:00003A80 00000004 C=BSS      S=.bss     G=DGROUP   M=ExtCtrls ACBP=A9
 0002:00003A84 00000004 C=BSS      S=.bss     G=DGROUP   M=ComStrs  ACBP=A9
 0002:00003A88 0000000C C=BSS      S=.bss     G=DGROUP   M=Clipbrd  ACBP=A9
 0002:00003A94 00000004 C=BSS      S=.bss     G=DGROUP   M=StrUtils ACBP=A9
 0002:00003A98 00000030 C=BSS      S=.bss     G=DGROUP   M=Buttons  ACBP=A9
 0002:00003AC8 00000004 C=BSS      S=.bss     G=DGROUP   M=ExtDlgs  ACBP=A9
 0002:00003ACC 00000004 C=BSS      S=.bss     G=DGROUP   M=IniFiles ACBP=A9
 0002:00003AD0 00000004 C=BSS      S=.bss     G=DGROUP   M=Registry ACBP=A9
 0002:00003AD4 00000004 C=BSS      S=.bss     G=DGROUP   M=Mapi     ACBP=A9
 0002:00003AD8 00000009 C=BSS      S=.bss     G=DGROUP   M=ExtActns ACBP=A9
 0002:00003AE4 00000004 C=BSS      S=.bss     G=DGROUP   M=ListActns ACBP=A9
 0002:00003AE8 00000015 C=BSS      S=.bss     G=DGROUP   M=ComCtrls ACBP=A9
 0002:00003B00 00000008 C=BSS      S=.bss     G=DGROUP   M=Themes   ACBP=A9
 0002:00003B08 00000004 C=BSS      S=.bss     G=DGROUP   M=StdCtrls ACBP=A9
 0002:00003B0C 00000004 C=BSS      S=.bss     G=DGROUP   M=StdActns ACBP=A9
 0002:00003B10 00000014 C=BSS      S=.bss     G=DGROUP   M=WinHelpViewer ACBP=A9
 0002:00003B24 00000080 C=BSS      S=.bss     G=DGROUP   M=Controls ACBP=A9
 0002:00003BA4 00000004 C=BSS      S=.bss     G=DGROUP   M=ActnList ACBP=A9
 0002:00003BA8 0000000C C=BSS      S=.bss     G=DGROUP   M=ImgList  ACBP=A9
 0002:00003BB4 00000010 C=BSS      S=.bss     G=DGROUP   M=Menus    ACBP=A9
 0002:00003BC4 00000020 C=BSS      S=.bss     G=DGROUP   M=Forms    ACBP=A9
 0002:00003BE4 00000004 C=BSS      S=.bss     G=DGROUP   M=Filters  ACBP=A9
 0002:00003BE8 00000004 C=BSS      S=.bss     G=DGROUP   M=Packets  ACBP=A9
 0002:00003BEC 00000004 C=BSS      S=.bss     G=DGROUP   M=WinSock  ACBP=A9
 0002:00003BF0 00000069 C=BSS      S=.bss     G=DGROUP   M=Pcap     ACBP=A9
 0002:00003C5C 00000004 C=BSS      S=.bss     G=DGROUP   M=ThreadMessageQueue ACBP=A9
 0002:00003C60 00000004 C=BSS      S=.bss     G=DGROUP   M=LabRADWinSock2 ACBP=A9
 0002:00003C64 00000196 C=BSS      S=.bss     G=DGROUP   M=LabRADWSAThreadSocket ACBP=A9
 0002:00003DFC 00000004 C=BSS      S=.bss     G=DGROUP   M=LabRADExceptions ACBP=A9
 0002:00003E00 00000004 C=BSS      S=.bss     G=DGROUP   M=LabRADTypeTree ACBP=A9
 0002:00003E04 000032CC C=BSS      S=.bss     G=DGROUP   M=LabRADLinearUnits ACBP=A9
 0002:000070D0 00000004 C=BSS      S=.bss     G=DGROUP   M=LabRADNonLinearUnits ACBP=A9
 0002:000070D4 00000004 C=BSS      S=.bss     G=DGROUP   M=LabRADUnitConversion ACBP=A9
 0002:000070D8 00000004 C=BSS      S=.bss     G=DGROUP   M=LabRADUnflattener ACBP=A9
 0002:000070DC 000000B4 C=BSS      S=.bss     G=DGROUP   M=LabRADTimeStamps ACBP=A9
 0002:00007190 00000004 C=BSS      S=.bss     G=DGROUP   M=LabRADFlattener ACBP=A9
 0002:00007194 00000004 C=BSS      S=.bss     G=DGROUP   M=LabRADPrettyPrinter ACBP=A9
 0002:00007198 00000004 C=BSS      S=.bss     G=DGROUP   M=LabRADMemoryTools ACBP=A9
 0002:0000719C 00000004 C=BSS      S=.bss     G=DGROUP   M=LabRADDataConverter ACBP=A9
 0002:000071A0 00000004 C=BSS      S=.bss     G=DGROUP   M=LabRADDataStructures ACBP=A9
 0002:000071A4 00000004 C=BSS      S=.bss     G=DGROUP   M=LabRADSharedObjects ACBP=A9
 0002:000071A8 00000004 C=BSS      S=.bss     G=DGROUP   M=LabRADPacketQueues ACBP=A9
 0002:000071AC 00000004 C=BSS      S=.bss     G=DGROUP   M=LabRADSocket ACBP=A9
 0002:000071B0 00000004 C=BSS      S=.bss     G=DGROUP   M=LabRADAPIInfo ACBP=A9
 0002:000071B4 00000004 C=BSS      S=.bss     G=DGROUP   M=LabRADMD5 ACBP=A9
 0002:000071B8 00000004 C=BSS      S=.bss     G=DGROUP   M=LabRADAPIExceptions ACBP=A9
 0002:000071BC 00000008 C=BSS      S=.bss     G=DGROUP   M=LabRADManagerDialog ACBP=A9
 0002:000071C4 00000008 C=BSS      S=.bss     G=DGROUP   M=LabRADPasswordDialog ACBP=A9
 0002:000071CC 00000004 C=BSS      S=.bss     G=DGROUP   M=LabRADEnvironmentVariables ACBP=A9
 0002:000071D0 00000004 C=BSS      S=.bss     G=DGROUP   M=LabRADPacketHandler ACBP=A9
 0002:000071D4 00000004 C=BSS      S=.bss     G=DGROUP   M=LabRADConnection ACBP=A9
 0002:000071D8 00000004 C=BSS      S=.bss     G=DGROUP   M=LabRADClient ACBP=A9
 0002:000071DC 00000008 C=BSS      S=.bss     G=DGROUP   M=LabRADEnvironmentDialog ACBP=A9
 0002:000071E4 00000004 C=BSS      S=.bss     G=DGROUP   M=LabRADServer ACBP=A9
 0002:000071E8 00000004 C=BSS      S=.bss     G=DGROUP   M=Contexts ACBP=A9
 0002:000071EC 00000010 C=BSS      S=.bss     G=DGROUP   M=GetMAC   ACBP=A9
 0002:000071FC 00000008 C=BSS      S=.bss     G=DGROUP   M=Main     ACBP=A9
 0002:00007204 00000004 C=BSS      S=.bss     G=DGROUP   M=Adapter  ACBP=A9


  Address         Publics by Name

 0002:00003A5C       .1
 0002:00003A50       .1
 0002:00003A40       .1
 0002:00003A60       .1
 0002:0000383C       .1
 0002:000071EC       .1
 0002:00003B18       .1
 0002:0000396C       .1
 0002:00003A64       .1
 0002:00003BE8       .1
 0002:00003BEC       .1
 0002:00003C50       .1
 0002:00003A68       .1
 0002:00003AD4       .1
 0002:0000388C       .1
 0002:00003A6C       .1
 0002:00003A70       .1
 0002:000071CC       .1
 0002:00003E04       .1
 0002:000070D0       .1
 0002:00003938       .1
 0002:000071B4       .1
 0002:00003924       .1
 0002:000038F8       .1
 0002:00003668       .1
 0002:00003A84       .1
 0002:00003A94       .1
 0002:0000719C       .1
 0002:00007198       .1
 0002:00007194       .1
 0002:00007190       .1
 0002:000070DC       .1
 0002:00003678       .1
 0002:00003670       .1
 0002:0000367C       .1
 0002:000070D4       .1
 0002:00003A58       .1
 0002:00003A74       .11
 0002:00003A80       .12
 0002:00003894       .12
 0002:00003B00       .2
 0002:00007204       .2
 0002:000038F0       .2
 0002:000071E0       .2
 0002:000071D8       .2
 0002:000071B0       .2
 0002:00003C64       .2
 0002:000071C0       .2
 0002:0000393C       .2
 0002:000071C8       .2
 0002:000071A4       .2
 0002:00003A8C       .2
 0002:000071D0       .2
 0002:000038F4       .21
 0002:00003E00       .3
 0002:00003BA8       .3
 0002:00007200       .3
 0002:00003AC8       .3
 0002:00003C60       .3
 0002:00003C5C       .3
 0002:00003948       .3
 0002:00003844       .3
 0002:00003674       .3
 0002:00003944       .3
 0002:00003790       .35
 0002:00003AE8       .36
 0002:000071E8       .4
 0002:00003A98       .4
 0002:000071A8       .4
 0002:00003A54       .4
 0002:000071AC       .4
 0002:000071E4       .4
 0002:00003BCC       .41
 0002:00003B08       .42
 0002:00003854       .45
 0002:000070D8       .5
 0002:000071B8       .5
 0002:00003AD0       .5
 0002:000037F8       .5
 0002:000035B8       .5
 0002:00003BE4       .6
 0002:00003840       .6
 0002:00003980       .6
 0002:00003DFC       .7
 0002:00003AD8       .72
 0002:00003B2C       .72
 0002:00003B0C       .73
 0002:000071D4       .8
 0002:00003ACC       .8
 0002:00003BA4       .8
 0002:00003AE4       .8
 0002:000071A0       .8
 0002:0000381C       .81
 0002:00003BBC       .9
 0001:000019A8       @AbstractError
 0001:00003B8C       @AddRefArray
 0001:00003B44       @AddRefRecord
 0001:0000254C       @AfterConstruction
 0001:00002358       @AsClass
 0001:00001B4C       @AStrCmp
 0001:0000255C       @BeforeDestruction
 0001:000020E8       @BoundErr
 0001:000023A4       @CallDynaInst
 0001:000024F4       @ClassCreate
 0001:00002544       @ClassDestroy
 0001:00001A18       @Close
 0001:00001874       @Copy
 0001:00003D80       @CopyArray
 0001:00003C64       @CopyRecord
 0001:00003E98       @DispCallByIDError
 0001:0000DC04       @DispInvokeError
 0001:00003E88       @Dispose
 0001:000029D8       @DoneExcept
 0001:00004320       @DynArrayAddRef
 0001:000042F8       @DynArrayAsg
 0001:000042BC       @DynArrayClear
 0001:000040FC       @DynArrayHigh
 0001:000040F4       @DynArrayLength
 0001:000042B0       @DynArraySetLength
 0001:00002AC0       @ExceptionHandler
 0001:0000193C       @EXP
 0001:00001BBC       @FillChar
 0001:00003B38       @Finalize
 0001:00003A4C       @FinalizeArray
 0001:00003A00       @FinalizeRecord
 0001:000020DC       @FpuInit
 0001:00002018       @FpuMaskInit
 0001:00001954       @FRAC
 0001:000016FC       @FreeMem
 0001:000016DC       @GetMem
 0001:000050A4       @GetTls
 0001:00002F08       @Halt
 0001:00002E30       @Halt0
 0001:00002670       @HandleAnyException
 0001:00002924       @HandleFinally
 0001:0000279C       @HandleOnException
 0001:000050F0       @InitExe
 0001:000039F4       @Initialize
 0001:00003960       @InitializeArray
 0001:00003930       @InitializeRecord
 0001:00002CF4       @InitImports
 0001:00002CCC       @InitResStringImports
 0001:00002CA8       @InitResStrings
 0001:000049E8       @IntfAddRef
 0001:000049B8       @IntfCast
 0001:00004974       @IntfClear
 0001:0000498C       @IntfCopy
 0001:00002334       @IsClass
 0001:00001FE8       @isNECWindows
 0001:00003454       @LStrAddRef
 0001:00002FC8       @LStrArrayClr
 0001:00002FF8       @LStrAsg
 0001:0000326C       @LStrCat
 0001:000032B0       @LStrCat3
 0001:00003324       @LStrCatN
 0001:00002FA4       @LStrClr
 0001:000033B0       @LStrCmp
 0001:000034C4       @LStrCopy
 0001:00003504       @LStrDelete
 0001:00003214       @LStrFromArray
 0001:0000318C       @LStrFromChar
 0001:0000319C       @LStrFromPChar
 0001:00003094       @LStrFromPCharLen
 0001:000031CC       @LStrFromPWChar
 0001:00003100       @LStrFromPWCharLen
 0001:00003208       @LStrFromString
 0001:0000322C       @LStrFromWStr
 0001:0000354C       @LStrInsert
 0001:0000303C       @LStrLAsg
 0001:00003264       @LStrLen
 0001:000035A8       @LStrPos
 0001:000035F0       @LStrSetLength
 0001:00003464       @LStrToPChar
 0001:00003240       @LStrToString
 0001:00003E74       @New
 0001:00003068       @NewAnsiString
 0001:0000365C       @NewWideString
 0001:00001CFC       @Pow10
 0001:00001AC8       @PStrCmp
 0001:00001AA0       @PStrCpy
 0001:00001A70       @PStrNCat
 0001:00001AAC       @PStrNCpy
 0001:00002984       @RaiseAgain
 0001:0000295C       @RaiseExcept
 0001:0000171C       @ReallocMem
 0001:00001978       @ROUND
 0001:00002F14       @RunError
 0001:00001CE0       @SetEq
 0001:00002C68       @StartExe
 0001:000002BC       @strlen
 0001:00001984       @TRUNC
 0001:00002A08       @TryFinallyExit
 0001:000034BC       @UniqueStringA
 0001:00003EC4       @ValInt64
 0001:00001BDC       @ValLong
 0001:00012CB0       @VarAddRef
 0001:00003B74       @VarAddRef
 0001:0000E4E4       @VarCast
 0001:0000DEF0       @VarClear
 0001:0000DF04       @VarClr
 0001:00003A34       @VarClr
 0001:000135AC       @VarCmpEQ
 0001:0000E218       @VarCopy
 0001:00003C4C       @VarCopy
 0001:00012250       @VarFromBool
 0001:000120DC       @VarFromByte
 0001:000122A0       @VarFromCurr
 0001:000121F8       @VarFromCurrency
 0001:00012224       @VarFromDate
 0001:00012344       @VarFromDisp
 0001:000121CC       @VarFromDouble
 0001:00012080       @VarFromInt
 0001:0001217C       @VarFromInt64
 0001:000120BC       @VarFromInteger
 0001:00012318       @VarFromIntf
 0001:0001211C       @VarFromLongWord
 0001:000122B4       @VarFromLStr
 0001:00012278       @VarFromReal
 0001:0001213C       @VarFromShortInt
 0001:000121A8       @VarFromSingle
 0001:0001215C       @VarFromSmallInt
 0001:0001228C       @VarFromTDateTime
 0001:000120FC       @VarFromWord
 0001:000122E0       @VarFromWStr
 0001:0000DC58       @VarNull
 0001:0000FCB0       @VarToBool
 0001:0000F968       @VarToBoolean
 0001:0000EDA8       @VarToByte
 0001:00010B54       @VarToCurrency
 0001:000105EC       @VarToDate
 0001:00011FD4       @VarToDisp
 0001:0000FE7C       @VarToDouble
 0001:0000F36C       @VarToInt64
 0001:0000E8A8       @VarToInteger
 0001:00011F08       @VarToIntf
 0001:0000F020       @VarToLongWord
 0001:00011208       @VarToLStr
 0001:000101F8       @VarToReal
 0001:0000ECF8       @VarToShortInt
 0001:00010214       @VarToSingle
 0001:0000EE50       @VarToSmallInt
 0001:0000EF48       @VarToWord
 0001:00011930       @VarToWStr
 0001:00003910       @WStrAddRef
 0001:0000369C       @WStrArrayClr
 0001:000036C0       @WStrAsg
 0001:00003684       @WStrClr
 0001:000037FC       @WStrCmp
 0001:00003880       @WStrCopy
 0001:000037D0       @WStrFromLStr
 0001:000036E4       @WStrFromPCharLen
 0001:00003794       @WStrFromPWChar
 0001:00003770       @WStrFromPWCharLen
 0001:000037F0       @WStrLen
 0001:000038CC       @WStrSetLength
 0001:000037E0       @WStrToPWChar
 0001:00001CBC       @_CLenToPasStr
 0001:00001CB0       @_CToPasStr
 0001:00001844       @_IOTest
 0001:00003EA0       @_llmul
 0001:000494B0       AbsMin
 0001:0000AC8C       AbstractErrorHandler
 0002:00003028       AbstractErrorProc
 0002:00000140       AccessMode
 0001:000017AC       AcquireExceptionObject
 0001:00016D50       ActivateClassGroup
 0001:0000571C       ActivateKeyboardLayout
 0002:00003B60       ActiveDrag
 0001:00014618       ActiveX
 0001:00058824       ActnList
 0001:0007D6A4       Adapter
 0001:000003E8       AddBlockAfter
 0002:0000045C       AddDataModule
 0001:00006E48       AddExitProc
 0001:0001A8DC       AddFinished
 0001:0005C020       AddIn
 0001:00004818       AddModuleUnloadProc
 0001:00004808       AddModuleUnloadProc
 0001:0001A914       AddNotFinished
 0001:0001B338       AddSubComponentsToLoaded
 0001:0001F8D8       AddThread
 0001:000705CC       AddUnit
 0001:000701F0       AddUnit
 0001:00024D14       AdjustColor
 0001:0002DA58       AdjustColors
 0001:000070B8       AdjustLineBreaks
 0001:0006304C       Adjustment
 0001:00005724       AdjustWindowRectEx
 0002:00000870       Alignments
 0002:00000EC8       Alignments
 0002:00000EB8       Alignments
 0002:00000C88       Alignments
 0002:00000C50       Alignments
 0002:00000C10       Alignments
 0001:00069FA4       AlignWork
 0001:0004EB1C       AlignWork
 0002:000071F4       allmacs
 0001:000210EC       AllocateHWnd
 0001:00006DFC       AllocMem
 0002:000035B0       AllocMemCount
 0002:000035B4       AllocMemSize
 0001:00028818       AllocPatternBitmap
 0001:0000504C       AllocTlsBuffer
 0001:0001E0C0       AncestorIsValid
 0002:00000CA4       AnchorAlign
 0002:00000C98       AnimateWindowProc
 0002:00000DA0       AnimationStyle
 0001:00006FC0       AnsiCompareStr
 0001:00006FF8       AnsiCompareText
 0001:00007770       AnsiLastChar
 0001:0000572C       AnsiLower
 0001:0000B58C       AnsiPos
 0001:00060834       AnsiSameCaption
 0001:00007030       AnsiSameText
 0001:00007048       AnsiStrLIComp
 0001:0000B5C4       AnsiStrPos
 0001:0000B664       AnsiStrRScan
 0001:0000B68C       AnsiStrScan
 0001:00004DE8       AnsiToUtf8
 0001:00011E90       AnyToIntf
 0001:00008C4C       AppendChars
 0001:00009010       AppendFormat
 0001:00008CB0       AppendNumber
 0001:00008C90       AppendString
 0002:00003BC4       Application
 0002:0000046C       ApplicationHandleException
 0002:00000474       ApplicationShowException
 0002:00000FF8       AppVisible
 0002:00000AF4       Arrangements
 0001:0000AC70       AssertErrorHandler
 0002:00003020       AssertErrorProc
 0001:00013C90       AssignLongStr
 0001:0001430C       AssignVariant
 0002:00000AFC       AutoArrange
 0002:00003608       avail
 0002:00003C58       Available
 0001:00007864       BackfillGetDiskFreeSpaceEx
 0001:0004C044       BackgroundClipped
 0001:0000CAB8       BackupVarBoolFromStr
 0001:0000CC18       BackupVarBStrFromBool
 0001:0000CB38       BackupVarBStrFromCy
 0001:0000CBA8       BackupVarBStrFromDate
 0001:0000CA4C       BackupVarCyFromStr
 0001:0000C9E0       BackupVarDateFromStr
 0001:0000C89C       BackupVarI4FromStr
 0001:0000C848       BackupVariantChangeTypeEx
 0001:0000C908       BackupVarR4FromStr
 0001:0000C974       BackupVarR8FromStr
 0002:00000330       BaseTypeMap
 0002:00001094       BasicLinearUnits
 0001:00017124       BeginGlobalLoading
 0001:00005734       BeginPaint
 0001:00002F58       BeginThread
 0001:00024D20       BetterSize
 0001:0005CE94       BiDiDraw
 0001:00005554       BitBlt
 0002:00000A20       BitBtnCaptions
 0002:00003A9C       BitBtnGlyphs
 0002:00000A4C       BitBtnModalResults
 0002:000009F4       BitBtnResNames
 0002:00000794       BitmapCanvasList
 0002:000038AC       BitmapImageLock
 0001:0000C884       BiUnimplemented
 0002:000004B0       BlockCode
 0002:000035E0       blockDescBlockList
 0002:000035E4       blockDescFreeList
 0002:00000450       BooleanIdents
 0002:0000032C       BooleanToStringRule
 0001:00007608       BoolToStr
 0001:00010F90       BoolToWStrViaOS
 0002:00000C08       BorderStyles
 0002:00000AD4       BorderStyles
 0002:00000868       BorderStyles
 0001:000051A8       Bounds
 0001:0001604C       Bounds
 0002:00000E60       Breaks
 0002:000038E4       BrushManager
 0001:0005F648       BuildImage
 0002:0000083C       ButtonCaptions
 0002:00000A7C       ButtonCount
 0002:00000810       ButtonNames
 0002:00000EDC       Buttons
 0001:0003259C       Buttons
 0002:00000C80       ButtonStyles
 0001:00024500       BytesPerScanline
 0001:00024858       ByteSwapColors
 0001:0000B340       ByteToCharIndex
 0001:0000B318       ByteToCharLen
 0001:0000B2DC       ByteType
 0001:0000B264       ByteTypeTest
 0002:00003BAC       CachedComCtrlVer
 0001:00021028       CalcJmpOffset
 0001:000567FC       CalcSplitterPos
 0001:0000573C       CallNextHookEx
 0001:0000BD58       CallTerminateProcs
 0001:00005744       CallWindowProc
 0001:0004A4E8       CancelDrag
 0002:000038E8       CanvasList
 0002:00003B74       CanvasList
 0002:000007FC       Captions
 0002:00000D5C       CaptureControl
 0002:00000E00       cBooleanToItemAutoFlag
 0002:00000360       CBooleanToRelationship
 0001:000051C4       CenterPoint
 0002:00003A8A       CF_COMPONENT
 0002:00003A88       CF_PICTURE
 0002:00003814       ChangeAnyProc
 0001:00048A14       ChangeBiDiModeAlignment
 0002:00000C30       CharCases
 0001:000030C4       CharFromWChar
 0001:0000B514       CharLength
 0001:0000022C       CharNext
 0001:0000574C       CharNext
 0001:00022D4C       CharsetToIdent
 0001:0000B428       CharToByteIndex
 0001:0000B48C       CharToByteLen
 0001:00005754       CharToOemA
 0001:000252D0       CheckBool
 0001:00037178       CheckCommonControl
 0001:000025EC       CheckJmp
 0001:0000575C       CheckMenuItem
 0002:00000E50       Checks
 0001:0001B374       CheckSubComponents
 0001:0001F8F0       CheckSynchronize
 0001:00062A6C       CheckTaskWindow
 0001:00012370       CheckType
 0001:0004A19C       CheckUndock
 0001:0000B158       CheckWin32Version
 0001:00005764       ChildWindowFromPoint
 0002:00000348       CInvalidCustomVariantType
 0002:00000E04       cItemAutoFlagToBoolean
 0002:00000DFC       cItemAutoFlagToMenu
 0001:00021278       Classes
 0001:00016B14       ClassNotFound
 0002:00003810       ClearAnyProc
 0001:000225DC       ClearColor
 0001:00013160       ClearVariantTypeList
 0001:0000576C       ClientToScreen
 0001:00053DA0       ClientToWindow
 0002:0000078C       ClipboardFormats
 0001:0002ED10       Clipbrd
 0001:0000530C       CloseHandle
 0001:0006DE54       closesocket
 0002:00003988       CloseThemeData
 0002:000007E4       CLSID_AutoComplete
 0002:0000303C       CmdLine
 0002:00003038       CmdShow
 0002:00000DF8       cMenuAutoFlagToItem
 0002:0000036C       CmpTypeMap
 0001:0000C890       CmpUnimplemented
 0001:000145D8       CoCreateInstance
 0002:00000AC4       Codes
 0002:00000B50       Codes
 0002:00003AFC       CoInitExProcLoaded
 0001:000145C8       CoInitialize
 0002:00003AF8       CoInitializeExProc
 0001:000173E0       CollectionsEqual
 0002:0000050C       Colors
 0001:00022B44       ColorToIdent
 0002:0000087C       ColorToPretyName
 0001:00022B34       ColorToRGB
 0002:00000B24       ColumnClicks
 0002:00000B80       ComboBoxExStyles
 0002:00000B8C       ComboExStyles
 0002:000038FC       ComCtl32DLL
 0002:00003AF4       ComCtlVersion
 0001:0003E50C       ComCtrls
 0002:00003BC0       CommandPool
 0001:00029474       CommCtrl
 0001:0002BEB8       CommDlg
 0001:000006C8       Commit
 0002:00003624       committedRoot
 0001:0005B604       CompareFront
 0001:00006F28       CompareMem
 0001:00006EF8       CompareStr
 0001:00005314       CompareString
 0001:00006F48       CompareText
 0001:00007530       CompareWith
 0001:0001B454       ComponentCreated
 0001:0002ECCC       ComStrs
 0001:000215AC       Consts
 0001:00079654       Contexts
 0001:00028EAC       Contnrs
 0002:00003B32       ControlAtom
 0002:00003B38       ControlAtomString
 0001:00067814       ControlHasHelp
 0001:00057498       Controls
 0001:0000A6CC       ConvertAddr
 0001:000708C0       ConvertdBmtoW
 0001:00070804       ConvertdBWtoW
 0001:00070A08       ConvertdegCtoK
 0001:00070990       ConvertdegFtoK
 0001:00008DA0       ConvertEraString
 0001:00006DC0       ConvertError
 0001:00006DD8       ConvertErrorFmt
 0001:0003A614       ConvertFlags
 0001:00070A30       ConvertKtodegC
 0001:000709CC       ConvertKtodegF
 0001:0003A480       ConvertMask
 0001:0003A638       ConvertStates
 0001:00070938       ConvertWtodBm
 0001:00070874       ConvertWtodBW
 0001:00008F08       ConvertYearString
 0001:00004104       CopyArray
 0001:00025DA8       CopyBitmap
 0001:00026470       CopyBitmapAsMask
 0001:00031914       CopyImage
 0001:0003234C       CopyImage
 0001:00005C34       CopyMemory
 0001:0002640C       CopyPalette
 0002:00000BA4       Copyright
 0001:0005E6F4       CopyToBest
 0001:000145E0       CoTaskMemAlloc
 0001:000145D0       CoUninitialize
 0001:0000B398       CountChars
 0002:000038C4       CounterLock
 0002:0000034C       CRangeToType
 0001:0000ABB4       CreateAssertException
 0001:0000AD3C       CreateAVObject
 0001:0000555C       CreateBitmap
 0001:00005564       CreateBrushIndirect
 0001:0000556C       CreateCompatibleBitmap
 0001:00005574       CreateCompatibleDC
 0001:0001B4D4       CreateComponent
 0001:00005584       CreateDIBitmap
 0001:0000557C       CreateDIBSection
 0001:0000531C       CreateEvent
 0001:00005324       CreateFile
 0001:0000558C       CreateFontIndirect
 0001:00005594       CreateHalftonePalette
 0001:00005774       CreateIcon
 0001:0000AAE0       CreateInOutError
 0001:0000577C       CreateMenu
 0001:0000559C       CreatePalette
 0001:000055A4       CreatePenIndirect
 0001:00005784       CreatePopupMenu
 0001:000055AC       CreateSolidBrush
 0001:000248B0       CreateSystemPalette
 0001:0000532C       CreateThread
 0001:00000234       CreateThread
 0001:00005D20       CreateWindow
 0001:00005CC8       CreateWindowEx
 0002:000007F4       CreationControl
 0002:00000C9C       CreationControl
 0002:0000043C       CRelationshipToBoolean
 0002:00000310       CResult
 0002:00000138       cSimpleBoolStrs
 0002:000003E8       CText
 0002:00000D98       Ctl3DStyles
 0002:0000361C       curAlloc
 0001:00012604       CurrCompare
 0002:00003688       CurrencyDecimals
 0002:00003684       CurrencyFormat
 0002:00003680       CurrencyString
 0001:00008C38       CurrentYear
 0001:00008710       CurrToStr
 0001:00010F20       CurrToWStrViaOS
 0002:00000F7C       CursorMap
 0002:00000CAC       Cursors
 0001:00048D34       CursorToIdent
 0002:00000F68       cUseAlpha
 0002:00000F70       cUseColorKey
 0001:00007284       CvtInt
 0001:000072F0       CvtInt64
 0002:00000178       CWNear
 0001:000125DC       DateCompare
 0002:00003689       DateSeparator
 0001:00009820       DateTimeToStr
 0001:000097C4       DateTimeToString
 0001:000087D0       DateTimeToTimeStamp
 0001:00010F58       DateToWStrViaOS
 0001:00008BC0       DayOfWeek
 0002:00000174       DCon10
 0002:00000508       DDBsOnly
 0001:000211A0       DeallocateHWnd
 0002:00000028       DebugHook
 0002:00003687       DecimalSeparator
 0001:00008BA0       DecodeDate
 0001:00008A54       DecodeDateFully
 0001:000088C4       DecodeTime
 0001:0000075C       Decommit
 0001:00000D78       DecommitFree
 0002:000035F8       decommittedRoot
 0001:0006549C       Default
 0001:0006ABCC       Default
 0002:00000020       Default8087CW
 0002:00000CA0       DefaultDockTreeClass
 0001:00038EE0       DefaultListViewSort
 0002:000035BC       DefaultUserCodePage
 0002:0000075C       DefBrushData
 0002:000004DC       DefFontData
 0001:0000578C       DefFrameProc
 0002:00000204       DefLongDayNames
 0002:000001B8       DefLongMonthNames
 0001:00005794       DefMDIChildProc
 0002:0000073C       DefPenData
 0002:000001E8       DefShortDayNames
 0002:00000188       DefShortMonthNames
 0001:0000579C       DefWindowProc
 0001:0000435C       DelayLoadResourceModule
 0001:00000418       DeleteBlock
 0001:00005334       DeleteCriticalSection
 0001:00000388       DeleteCriticalSection
 0001:000055B4       DeleteDC
 0001:00000BC0       DeleteFree
 0001:000057A4       DeleteMenu
 0001:000055BC       DeleteObject
 0001:00025964       DeselectBitmap
 0001:000057AC       DestroyCursor
 0001:000057B4       DestroyIcon
 0001:0003245C       DestroyLocals
 0001:000057BC       DestroyMenu
 0001:000057C4       DestroyWindow
 0001:00045FA0       DialogEnumerationTester
 0001:0002C528       Dialogs
 0002:00000798       DIBPalSizes
 0002:0000008C       dig
 0001:0007D9D4       DirectEthernet
 0002:00000B3C       Directions
 0001:000628C0       DisableTaskWindows
 0001:000057CC       DispatchMessage
 0001:00068AF4       DispatchShortCut
 0002:00003000       DispCallByIDProc
 0001:00006DA4       DivMod
 0001:0002BEF0       Dlgs
 0001:00069E58       DoAlign
 0001:0004E9AC       DoAlign
 0001:00052A60       DoCalcConstraints
 0002:00003B68       DockSiteList
 0001:0005F314       DoClick
 0001:000500F0       DoControlMsg
 0001:00062870       DoDisableWindow
 0001:00049AC8       DoDragOver
 0001:00006E1C       DoExitProc
 0001:00054AD0       DoFindControlZone
 0001:000629AC       DoFindWindow
 0001:0005505C       DoFindZone
 0001:00054B54       DoForEach
 0001:00056460       DoGetNextLimit
 0001:00062838       DoneApplication
 0001:000571C0       DoneControls
 0001:0000B068       DoneExceptions
 0001:00066E70       DoNestedActivation
 0001:0001F88C       DoneThreadSynchronization
 0001:00069CA8       DoPosition
 0001:0004E56C       DoPosition
 0001:00055A88       DoPrune
 0001:0002D4EC       DoRect
 0001:00055F60       DoSaveZone
 0001:00056164       DoSetNewBounds
 0002:00000458       DotSep
 0002:00000A80       DownStyles
 0001:00018944       DoWrite
 0001:00025528       DoWrite
 0001:00059C64       DoWrite
 0001:0004F6D8       DoWriteDesignSize
 0001:0004D144       DoWriteIsControl
 0002:00003B4C       DragCapture
 0002:00003B40       DragControl
 0001:0004A210       DragDone
 0001:00049A78       DragFindTarget
 0001:00049A4C       DragFindWindow
 0002:00003B64       DragImageList
 0001:00049E68       DragInit
 0001:00049FD8       DragInitControl
 0002:00003B48       DragInternalObject
 0001:00049994       DragMessage
 0002:00003B44       DragObject
 0002:00003B70       DragSave
 0002:00003B58       DragSaveCursor
 0002:00003B50       DragStartPos
 0002:00003B5C       DragThreshold
 0001:00049B98       DragTo
 0001:0006AC08       DrawAppIcon
 0001:000555F4       DrawCloseButton
 0001:000057D4       DrawEdge
 0001:000057DC       DrawFocusRect
 0001:000057E4       DrawFrameControl
 0001:0005564C       DrawGrabberLine
 0001:000057EC       DrawIcon
 0001:000057F4       DrawIconEx
 0002:00000DD4       DrawingStyles
 0001:000057FC       DrawMenuBar
 0001:00060654       DrawMenuItem
 0001:00005804       DrawText
 0002:0000398C       DrawThemeBackground
 0002:000039B0       DrawThemeEdge
 0002:000039B4       DrawThemeIcon
 0002:00003A38       DrawThemeParentBackground
 0002:00003990       DrawThemeText
 0001:00024380       DupBits
 0001:0000411C       DynArrayClear
 0001:00004124       DynArraySetLength
 0002:00000EC0       EdgeStyle
 0002:00000D88       EdgeStyles
 0002:00000ADC       EditStyles
 0001:0000AAB4       EHeapException.FreeInstance
 0001:0006E804       ELabRADException.Create
 0001:0006EAE8       ELabRADIndexError.Create
 0001:00075064       ELabRADNotConnected.Create
 0001:0006E884       ELabRADTypeError.Create
 0001:0006E988       ELabRADTypeTagError.Create
 0002:00000C4C       Empty
 0001:00012468       EmptyCompare
 0002:000037FC       EmptyParam
 0002:000000BC       EmptyStr
 0002:000000C0       EmptyWideStr
 0001:0000580C       EnableMenuItem
 0002:00000E58       Enables
 0001:00005814       EnableScrollBar
 0001:00062974       EnableTaskWindows
 0002:00003A20       EnableThemeDialogTexture
 0002:00003A3C       EnableTheming
 0001:0000581C       EnableWindow
 0001:00008A24       EncodeDate
 0001:00008884       EncodeTime
 0001:000171AC       EndGlobalLoading
 0001:00005824       EndPaint
 0001:00002F9C       EndThread
 0001:0000533C       EnterCriticalSection
 0001:00000378       EnterCriticalSection
 0001:00005344       EnumCalendarInfoA
 0002:00003920       EnumDisplayMonitors
 0001:0000A340       EnumEraNames
 0001:0000A37C       EnumEraYearOffsets
 0001:00065A60       EnumMonitorsProc
 0001:0000582C       EnumThreadWindows
 0001:0001AC84       EnumValue
 0001:00005834       EnumWindows
 0002:000071DC       EnvironmentDialogForm
 0001:0000583C       EqualRect
 0002:00003750       EraNames
 0001:00009A98       EraToYear
 0002:0000376C       EraYearOffsets
 0002:00000064       errCaption
 0001:0005B354       Error
 0001:000166B8       Error
 0001:00001838       Error
 0001:0001A468       Error
 0002:00000004       ErrorAddr
 0001:000017EC       ErrorAt
 0001:0000AB60       ErrorHandler
 0002:00000220       ErrorMap
 0002:00003008       ErrorProc
 0002:000033E4       ErrOutput
 0001:0000178C       ExceptAddr
 0002:0000300C       ExceptClsProc
 0001:0000AFD4       ExceptHandler
 0001:0000A928       Exception.Create
 0001:0000A964       Exception.CreateFmt
 0001:0000A9E4       Exception.CreateRes
 0001:0000AA20       Exception.CreateResFmt
 0002:0000301C       ExceptionClass
 0001:0000A6D8       ExceptionErrorMessage
 0002:00000258       ExceptMap
 0001:0000176C       ExceptObject
 0002:00003010       ExceptObjProc
 0002:00003004       ExceptProc
 0001:000055C4       ExcludeClipRect
 0002:00000000       ExitCode
 0001:00002D74       ExitDll
 0002:00003044       ExitProc
 0001:00000244       ExitProcess
 0002:00003024       ExitProcessProc
 0002:00000134       ExitProcList
 0001:0000023C       ExitThread
 0001:00007828       ExpandFileName
 0001:00032788       ExtActns
 0001:0002EC5C       ExtCtrls
 0001:000325F4       ExtDlgs
 0001:000077F0       ExtractFileName
 0001:000055CC       ExtTextOut
 0002:0000378C       FalseBoolStrs
 0002:00003A90       FClipboard
 0002:00000168       FCon1E18
 0001:00007768       FileClose
 0001:000076AC       FileCreate
 0001:000076D0       FileCreate
 0002:00000790       FileFormats
 0002:00000008       FileMode
 0001:00007654       FileOpen
 0001:000076D8       FileRead
 0002:00000484       FilerSignature
 0001:00007730       FileSeek
 0001:00007704       FileWrite
 0001:00000CA8       FillAfterGap
 0001:00000C54       FillBeforeGap
 0001:00000D40       FillerSizeAfterGap
 0001:00000CD0       FillerSizeBeforeGap
 0001:00005844       FillRect
 0002:00000A88       FillStyles
 0001:0006D384       Filters
 0001:00077940       Finalization
 0001:00077548       Finalization
 0001:00077510       Finalization
 0001:00075CBC       Finalization
 0001:00075B1C       Finalization
 0001:0007596C       Finalization
 0001:0000C628       Finalization
 0001:00075674       Finalization
 0001:000750E4       Finalization
 0001:00074FCC       Finalization
 0001:00004F04       Finalization
 0001:00074CC8       Finalization
 0001:00078C28       Finalization
 0001:000749FC       Finalization
 0001:00074378       Finalization
 0001:00073ED8       Finalization
 0001:00079624       Finalization
 0001:00073C68       Finalization
 0001:0000CFE4       Finalization
 0001:0002BC5C       Finalization
 0001:0002BCCC       Finalization
 0001:0002BD04       Finalization
 0001:0002BD3C       Finalization
 0001:0002BD74       Finalization
 0001:00071D5C       Finalization
 0001:00071D24       Finalization
 0001:0002B2D8       Finalization
 0001:00071AB4       Finalization
 0001:0002AF90       Finalization
 0001:00071A7C       Finalization
 0001:000713A4       Finalization
 0001:0002BDAC       Finalization
 0001:0007136C       Finalization
 0001:00070AA8       Finalization
 0001:0002BDE4       Finalization
 0001:00070A58       Finalization
 0001:0007065C       Finalization
 0001:0002AC6C       Finalization
 0001:0002AC34       Finalization
 0001:0006FC78       Finalization
 0001:0006ED14       Finalization
 0001:0006E614       Finalization
 0001:0002ABEC       Finalization
 0001:0006DED4       Finalization
 0001:0002BE50       Finalization
 0001:0002BE88       Finalization
 0001:0002BEC0       Finalization
 0001:0002C4CC       Finalization
 0001:0002EC14       Finalization
 0001:0002EC9C       Finalization
 0001:0006DE04       Finalization
 0001:0002ECD4       Finalization
 0001:0002ED68       Finalization
 0001:0006D434       Finalization
 0001:00032564       Finalization
 0001:000325C4       Finalization
 0001:00032614       Finalization
 0001:0003267C       Finalization
 0001:000326E0       Finalization
 0001:00032738       Finalization
 0001:0003439C       Finalization
 0001:00079DF0       Finalization
 0001:000135BC       Finalization
 0001:00029C04       Finalization
 0001:00029BC4       Finalization
 0001:000137E0       Finalization
 0001:00028850       Finalization
 0001:00005134       Finalization
 0001:00014570       Finalization
 0001:000145E8       Finalization
 0001:000051F0       Finalization
 0001:0002157C       Finalization
 0001:00028BC4       Finalization
 0001:000211C8       Finalization
 0001:0006D3F4       Finalization
 0001:0007C8BC       Finalization
 0001:0006D3BC       Finalization
 0001:0006D354       Finalization
 0001:000061D0       Finalization
 0001:0006CE0C       Finalization
 0001:00005EA8       Finalization
 0001:0003E494       Finalization
 0001:0003F08C       Finalization
 0001:00005E70       Finalization
 0001:00029444       Finalization
 0001:0004542C       Finalization
 0001:00045594       Finalization
 0001:00028E7C       Finalization
 0001:00046218       Finalization
 0001:0007D674       Finalization
 0001:0007D6AC       Finalization
 0001:00060930       Finalization
 0001:00057430       Finalization
 0001:000587F4       Finalization
 0001:0005A3B4       Finalization
 0001:00004114       FinalizeArray
 0001:00002BA8       FinalizeUnits
 0001:0005F0D4       Find
 0001:0001D7B8       FindAncestor
 0001:000043CC       FindBS
 0001:00016BD4       FindClass
 0001:00004354       FindClassHInstance
 0001:00000254       FindClose
 0001:00000C24       FindCommitted
 0001:00048B14       FindControl
 0001:00055288       FindControlAtPos
 0001:000134BC       FindCustomVariantType
 0001:00013404       FindCustomVariantType
 0001:0004A534       FindDragTarget
 0001:0001B684       FindExistingComponent
 0001:0000025C       FindFirstFile
 0001:00062AB8       FindGlobalComponent
 0001:0001703C       FindGlobalComponent
 0002:00003860       FindGlobalComponentProcs
 0001:0000432C       FindHInstance
 0001:00016EE4       FindIdentToInt
 0001:00016E68       FindIntToIdent
 0002:00003A7C       FindMsg
 0001:0001A814       FindNestedComponent
 0001:0005B31C       FindPopupControl
 0001:0000CCAC       FindProc
 0001:0000534C       FindResource
 0001:000043A4       FindResourceHInstance
 0001:0006C660       FindScanline
 0001:00062A10       FindTopMostWindow
 0001:0001C568       FindUniqueName
 0001:00012FA8       FindVarData
 0001:0004A500       FindVCLWindow
 0001:0000584C       FindWindow
 0001:00045FF8       FindWinHelp
 0001:00025D5C       FixupBitFields
 0002:00000ED0       Flags
 0002:0000379C       FLanguages
 0001:0002AFC0       FlatSB
 0002:0000394C       FlatSB_EnableScrollBar
 0002:00003958       FlatSB_GetScrollInfo
 0002:0000395C       FlatSB_GetScrollPos
 0002:00003954       FlatSB_GetScrollRange
 0002:00003964       FlatSB_SetScrollInfo
 0002:00003960       FlatSB_SetScrollPos
 0001:0002ACB0       FlatSB_SetScrollProp
 0002:00003968       FlatSB_SetScrollRange
 0002:00003950       FlatSB_ShowScrollBar
 0001:000083A0       FloatToDecimal
 0001:000086E0       FloatToStr
 0001:000080CC       FloatToText
 0001:00001A0C       Flush
 0002:0000017C       FMSecsPerDay
 0001:00007FC8       FmtStr
 0002:00000EEC       FocusCount
 0002:00000EE8       FocusMessages
 0002:000006AC       FontCharsets
 0002:000038DC       FontManager
 0001:00062A8C       ForegroundTask
 0002:00000184       Format
 0001:00007FB4       Format
 0001:00007BBC       FormatBuf
 0001:00007BB0       FormatClearStr
 0001:00007B34       FormatError
 0002:00000160       FormatErrorStrs
 0001:00005354       FormatMessage
 0001:00007B8C       FormatVarToStr
 0001:0006CE68       Forms
 0001:00001CF4       FPower10
 0002:000007E0       FPrinter
 0001:0002D5B0       Frame3D
 0001:00005854       FrameRect
 0001:0000C208       FreeAndNil
 0001:00000990       FreeCommitted
 0001:00000EB0       FreeCurAlloc
 0001:0004A5F4       FreeDeviceContext
 0001:0004A6B0       FreeDeviceContexts
 0001:00020F94       FreeIntConstList
 0001:0000535C       FreeLibrary
 0001:00000264       FreeLibrary
 0001:000258B8       FreeMemoryContexts
 0001:00062B4C       FreeObjectInstance
 0001:000210C8       FreeObjectInstance
 0001:0000537C       FreeResource
 0001:00000610       FreeSpace
 0001:0000BD74       FreeTerminateProcs
 0001:0002B310       FreeThemeLibrary
 0002:00003AF0       FRichEditModule
 0002:00003C6C       fWSAData
 0001:00024370       GDICheck
 0001:000242C8       GDIError
 0001:00001934       Get8087CW
 0001:00005384       GetACP
 0001:0000585C       GetActiveWindow
 0001:0006A334       GetAnimation
 0001:0002FA24       GetBitBtnGlyph
 0001:000055D4       GetBitmapBits
 0001:00000390       GetBlockDesc
 0001:000055DC       GetBrushOrgEx
 0001:00005864       GetCapture
 0001:00048E30       GetCaptureControl
 0001:00016B80       GetClass
 0001:0000586C       GetClassInfo
 0001:00005874       GetClassName
 0001:0000587C       GetClientRect
 0001:000055E4       GetClipBox
 0001:0000032C       GetCmdShow
 0001:00058A4C       GetColor
 0001:000371A0       GetComCtlVersion
 0001:0000026C       GetCommandLine
 0001:000007DC       GetCommitted
 0001:0000086C       GetCommittedAt
 0001:0001EB70       GetComponentValue
 0001:0004FCA4       GetControlAtPos
 0001:00008CFC       GetCount
 0001:0000538C       GetCPInfo
 0001:000055EC       GetCurrentPositionEx
 0001:00005394       GetCurrentProcessId
 0002:00003A30       GetCurrentThemeName
 0001:0000031C       GetCurrentThreadId
 0001:0000539C       GetCurrentThreadId
 0001:00005C2C       GetCurrentTime
 0001:00005884       GetCursor
 0001:0006C670       GetCursorHeightMargin
 0001:0000588C       GetCursorPos
 0001:00008D28       GetDate
 0001:000053A4       GetDateFormat
 0001:000099B0       GetDateOrder
 0001:00005894       GetDC
 0001:0000589C       GetDCEx
 0001:000055F4       GetDCOrgEx
 0001:00028460       GetDefFontCharSet
 0001:00017EEC       GetDesigner
 0001:000058A4       GetDesktopWindow
 0001:0000560C       GetDeviceCaps
 0001:000252B8       GetDIB
 0001:000055FC       GetDIBColorTable
 0001:00005604       GetDIBits
 0001:00025200       GetDIBSizes
 0001:000244E0       GetDInColors
 0001:000053AC       GetDiskFreeSpaceA
 0002:00000130       GetDiskFreeSpaceEx
 0001:00056540       GetDockAlign
 0001:000497D8       GetDockSiteAtPos
 0001:00049B04       GetDropCtl
 0001:00002374       GetDynaMethod
 0001:00013850       GetEnumName
 0001:00013928       GetEnumNameValue
 0001:00013974       GetEnumValue
 0001:00075A44       GetEnvironmentInteger
 0001:000759A4       GetEnvironmentString
 0001:000053B4       GetEnvironmentVariable
 0001:0000A3F4       GetEraNamesAndYearOffsets
 0001:00009A44       GetEraYearOffset
 0001:0000AD24       GetExceptionClass
 0001:0000AF08       GetExceptionObject
 0001:000053BC       GetExitCodeThread
 0001:00016B08       GetFieldClassTable
 0001:0000B178       GetFileVersion
 0001:0000553C       GetFileVersionInfo
 0001:00005544       GetFileVersionInfoSize
 0001:00013FFC       GetFloatProp
 0001:000058AC       GetFocus
 0001:00022D6C       GetFontData
 0001:000058B4       GetForegroundWindow
 0001:0000B92C       GetFormatSettings
 0001:000053C4       GetFullPathName
 0001:000222D8       GetHashCode
 0001:0006784C       GetHelpInfo
 0001:0002A084       GetHelpSystem
 0001:0006A118       GetHint
 0001:0006A150       GetHintControl
 0001:0006DE5C       gethostbyname
 0001:000607D0       GetHotkey
 0001:000058BC       GetIconInfo
 0001:0007965C       GetIfTable
 0001:00014418       GetInt64Prop
 0001:0001447C       GetInterfaceProp
 0001:000058D4       GetKeyboardLayout
 0001:000058DC       GetKeyboardLayoutList
 0001:000058E4       GetKeyboardState
 0001:00001FE0       GetKeyboardType
 0001:000058C4       GetKeyNameText
 0001:000058CC       GetKeyState
 0001:000058EC       GetLastActivePopup
 0001:00054808       GetLastChildZone
 0001:000053CC       GetLastError
 0001:00038B3C       GetLength
 0001:0000A1B8       GetLocaleChar
 0001:000053DC       GetLocaleInfo
 0001:00000274       GetLocaleInfo
 0001:0000A16C       GetLocaleStr
 0001:000053D4       GetLocalTime
 0001:00048D98       GetLongHint
 0001:00013CA4       GetLongStrProp
 0001:00079E30       GetMAC
 0001:00079A48       GetMACAddress
 0001:000796A4       GetMACAddress
 0001:000058F4       GetMenu
 0001:000677D4       GetMenuHelpContext
 0001:000058FC       GetMenuItemCount
 0001:00005904       GetMenuItemID
 0001:0000590C       GetMenuItemInfo
 0001:0005D920       GetMenuSize
 0001:00005914       GetMenuState
 0001:0000591C       GetMenuString
 0001:00005924       GetMessagePos
 0001:000143A0       GetMethodProp
 0001:000053E4       GetModuleFileName
 0001:0000027C       GetModuleFileName
 0001:000053EC       GetModuleHandle
 0001:00000284       GetModuleHandle
 0001:0000502C       GetModuleHandle
 0002:00003914       GetMonitorInfo
 0002:00003918       GetMonitorInfoA
 0002:0000391C       GetMonitorInfoW
 0001:0000A21C       GetMonthDayNames
 0001:0000592C       GetNextWindow
 0001:00005614       GetObject
 0001:00013ACC       GetOrdProp
 0001:0000561C       GetPaletteEntries
 0001:00005934       GetParent
 0001:00062CA0       GetParentForm
 0001:00005624       GetPixel
 0001:0000028C       GetProcAddress
 0001:000053F4       GetProcAddress
 0001:0000593C       GetProp
 0001:000139D8       GetPropInfo
 0001:00013A48       GetPropInfos
 0001:00063160       GetRealScrollPosition
 0001:00058A2C       GetRGBColor
 0001:00005944       GetScrollInfo
 0001:0000594C       GetScrollPos
 0001:00005954       GetScrollRange
 0001:00048D54       GetShortHint
 0001:00013B9C       GetShortStrProp
 0001:00013C34       GetShortStrPropAsLongStr
 0001:00000534       GetSpace
 0001:00000598       GetSpaceAt
 0001:0005B3AC       GetSpecialName
 0001:00000294       GetStartupInfo
 0001:000053FC       GetStdHandle
 0001:00000204       GetStdHandle
 0001:0000562C       GetStockObject
 0001:0007BC10       GetString
 0001:00005404       GetStringTypeEx
 0001:00013DD4       GetStrProp
 0001:0000595C       GetSubMenu
 0001:00005964       GetSysColor
 0001:0000596C       GetSysColorBrush
 0001:0000540C       GetSystemInfo
 0001:00005974       GetSystemMenu
 0002:00003904       GetSystemMetrics
 0001:0000597C       GetSystemMetrics
 0001:00005634       GetSystemPaletteEntries
 0001:0000563C       GetTextExtentPoint32
 0001:00005644       GetTextMetrics
 0002:00003A28       GetThemeAppProperties
 0002:00003994       GetThemeBackgroundContentRect
 0002:00003998       GetThemeBackgroundExtent
 0002:000039A8       GetThemeBackgroundRegion
 0002:000039CC       GetThemeBool
 0002:000039C0       GetThemeColor
 0002:00003A34       GetThemeDocumentationProperty
 0002:000039D4       GetThemeEnumValue
 0002:000039F4       GetThemeFilename
 0002:000039DC       GetThemeFont
 0002:000039D0       GetThemeInt
 0002:000039E8       GetThemeIntList
 0002:000039E4       GetThemeMargins
 0002:000039C4       GetThemeMetric
 0002:0000399C       GetThemePartSize
 0002:000039D8       GetThemePosition
 0002:000039EC       GetThemePropertyOrigin
 0002:000039E0       GetThemeRect
 0002:000039C8       GetThemeString
 0002:00003A00       GetThemeSysBool
 0002:000039F8       GetThemeSysColor
 0002:000039FC       GetThemeSysColorBrush
 0002:00003A08       GetThemeSysFont
 0002:00003A10       GetThemeSysInt
 0002:00003A04       GetThemeSysSize
 0002:00003A0C       GetThemeSysString
 0002:000039A0       GetThemeTextExtent
 0002:000039A4       GetThemeTextMetrics
 0001:0000029C       GetThreadLocale
 0001:00005414       GetThreadLocale
 0001:0000541C       GetTickCount
 0001:00008D60       GetTime
 0001:00005424       GetTimeZoneInformation
 0001:00005058       GetTlsSize
 0001:0006A8E4       GetTopMostWindows
 0001:00048F38       GetTopParent
 0001:00005984       GetTopWindow
 0001:00013844       GetTypeData
 0001:000130C8       GetVarDataArrayInfo
 0001:00014320       GetVariantProp
 0001:0000542C       GetVersion
 0001:00000324       GetVersion
 0001:00005434       GetVersionEx
 0001:00013E40       GetWideStrProp
 0001:00013D24       GetWideStrPropAsLongStr
 0001:0000598C       GetWindow
 0001:00005994       GetWindowDC
 0001:0000599C       GetWindowLong
 0001:0000564C       GetWindowOrgEx
 0001:000059A4       GetWindowPlacement
 0001:000059AC       GetWindowRect
 0001:000059B4       GetWindowText
 0002:00003A1C       GetWindowTheme
 0001:000059C4       GetWindowThreadProcessId
 0001:000059BC       GetWindowThreadProcessId
 0001:0000543C       GlobalAddAtom
 0001:00005444       GlobalAlloc
 0001:00005C40       GlobalAllocPtr
 0001:0000544C       GlobalDeleteAtom
 0001:00005454       GlobalFindAtom
 0002:00003864       GlobalFixupList
 0001:0001A95C       GlobalFixupReferences
 0001:0000545C       GlobalFree
 0001:00005C6C       GlobalFreePtr
 0001:0000546C       GlobalHandle
 0001:00005464       GlobalLock
 0002:00003848       GlobalNameSpace
 0001:00005474       GlobalReAlloc
 0001:00005C50       GlobalReAllocPtr
 0001:0000547C       GlobalUnlock
 0002:00000A78       GlyphCache
 0001:00028924       Graphics
 0001:00016CFC       GroupDescendentsWith
 0002:00003C54       Handle
 0001:0000DB80       HandleConversionException
 0001:00067A54       HandleEdge
 0001:0001BDC0       HandleException
 0001:00042470       HasPopup
 0002:00001084       HCs
 0002:00002498       HCs
 0002:000024A8       HCs
 0002:000024B8       HCs
 0002:00000024       HeapAllocFlags
 0002:000035C4       heapErrorCode
 0002:000035C8       heapLock
 0001:0002AC2C       HelpIntfs
 0002:00003940       HelpManager
 0002:00003A78       HelpMsg
 0002:00003B1C       HelpViewer
 0002:00003B20       HelpViewerIntf
 0002:0000012C       HexDisplayPrefix
 0002:00000AEC       HideSelections
 0002:00000C3C       HideSelections
 0001:000565BC       HideZone
 0002:00003664       HInstance
 0002:00003BD8       HintDoneEvent
 0001:0006A220       HintGetMsgHook
 0002:00003BDC       HintHook
 0001:0006A1C4       HintMouseThread
 0002:00003BE0       HintThread
 0002:00003BD4       HintThreadID
 0001:0006A170       HintTimerProc
 0002:00000EE0       HintWindowClass
 0002:000039AC       HitTestThemeBackground
 0001:00005C28       HiWord
 0001:0006A264       HookHintHooks
 0001:0006DE64       htons
 0001:00005D78       HwndMSWheel
 0002:00000B68       IAlignment
 0002:00000E74       IBreaks
 0002:00000E80       IChecks
 0002:00000E88       IDefaults
 0001:00022D5C       IdentToCharset
 0001:00022B54       IdentToColor
 0001:00048D44       IdentToCursor
 0001:00016F60       IdentToInt
 0002:00000E90       IEnables
 0001:0005E6C4       IfHotkeyAvailable
 0002:000071F0       IfList
 0002:00003BB0       ImageListWriteExProc
 0001:00028F68       ImageList_Add
 0001:00028F88       ImageList_AddIcon
 0001:00028FB8       ImageList_BeginDrag
 0001:00028F50       ImageList_Create
 0001:00028F58       ImageList_Destroy
 0001:00028FC8       ImageList_DragEnter
 0001:00028FD0       ImageList_DragLeave
 0001:00028FD8       ImageList_DragMove
 0001:00028FE8       ImageList_DragShowNolock
 0001:00028F98       ImageList_Draw
 0001:00028FA8       ImageList_DrawEx
 0001:00028FC0       ImageList_EndDrag
 0001:00028F80       ImageList_GetBkColor
 0001:00028FF0       ImageList_GetDragImage
 0001:00029008       ImageList_GetIconSize
 0001:00028F60       ImageList_GetImageCount
 0001:00028FF8       ImageList_Read
 0001:00028FB0       ImageList_Remove
 0001:00028FA0       ImageList_Replace
 0001:00028F70       ImageList_ReplaceIcon
 0001:00028F78       ImageList_SetBkColor
 0001:00028FE0       ImageList_SetDragCursorImage
 0001:00029010       ImageList_SetIconSize
 0001:00029000       ImageList_Write
 0002:00000DE4       Images
 0001:0005A3E4       ImgList
 0001:00029C34       Imm
 0002:00000DC8       IMM32DLL
 0001:000571AC       Imm32IsIME
 0002:00000180       IMSecsPerDay
 0001:0000DC6C       InBounds
 0001:0000DF0C       InBounds
 0001:0000DC9C       Increment
 0001:0000DF3C       Increment
 0001:00028F94       IndexToOverlayMask
 0001:0002905C       IndexToStateImageMask
 0001:000059CC       InflateRect
 0001:0003265C       IniFiles
 0001:00000A1C       InitAllocator
 0001:0002947C       InitAnApi
 0002:0000392C       InitApis
 0001:00028EBC       InitComCtl
 0001:0003714C       InitCommonControl
 0001:00028EB4       InitCommonControls
 0001:00028F1C       InitCommonControlsEx
 0001:00017208       InitComponent
 0002:00003634       InitContext
 0001:00057248       InitControls
 0001:000284A4       InitDefFontData
 0001:0000BD94       InitDriveSpacePtr
 0001:0000AFE4       InitExceptions
 0001:0002AD0C       InitFlatSB
 0001:0002C378       InitGlobals
 0001:000250B8       InitializeBitmapInfoHeader
 0001:00000370       InitializeCriticalSection
 0001:00005484       InitializeCriticalSection
 0002:000035C0       initialized
 0001:0002ACE4       InitializeFlatSB
 0001:000050E4       InitializeModule
 0001:0000CCD8       InitializeVarUtils
 0001:00056E4C       InitIMM32
 0001:000172B0       InitInheritedComponent
 0001:0000B740       InitLeadBytes
 0001:00029B58       InitMultiMonStubs
 0001:0000B0E8       InitPlatformId
 0002:00003040       InitProc
 0001:0006CD80       InitProcs
 0001:00028428       InitScreenLogPixels
 0001:0000B7B8       InitSysLocale
 0001:0002B4D0       InitThemeLibrary
 0001:0001F858       InitThreadSynchronization
 0001:00005060       InitThreadTLS
 0001:00002C08       InitUnits
 0001:00048A28       InitWndProc
 0002:00000D68       InnerStyles
 0002:0000304C       Input
 0001:00069C48       InsertBefore
 0001:0004E4E0       InsertBefore
 0001:00000E28       InsertFree
 0001:0005E778       InsertHotkeyFarEastFormat
 0001:000059D4       InsertMenu
 0001:000059DC       InsertMenuItem
 0002:00003884       InstBlockList
 0002:00003888       InstFreeList
 0001:00012578       Int64Compare
 0001:00012564       IntCompare
 0002:00003858       IntConstList
 0001:00000314       InterlockedDecrement
 0001:0000BDFC       InterlockedDecrement
 0001:00005364       InterlockedDecrement
 0001:0000BE08       InterlockedExchange
 0001:0000536C       InterlockedExchange
 0001:0000BE10       InterlockedExchangeAdd
 0001:00005374       InterlockedIncrement
 0001:0000BDF0       InterlockedIncrement
 0001:0000030C       InterlockedIncrement
 0001:00022264       InternalDeletePalette
 0001:000019C4       InternalFlush
 0001:00000C84       InternalFreeMem
 0001:00025208       InternalGetDIB
 0001:0002519C       InternalGetDIBSizes
 0001:000170A0       InternalReadComponentRes
 0002:00003B04       InternalServices
 0001:00003470       InternalUniqueString
 0001:00005654       IntersectClipRect
 0001:000059E4       IntersectRect
 0001:00028A20       IntPower
 0001:000073E4       IntToHex
 0001:00016FA0       IntToIdent
 0001:000073BC       IntToStr
 0001:000072D0       IntToStr
 0001:000059EC       InvalidateRect
 0001:0002425C       InvalidBitmap
 0001:00024244       InvalidGraphic
 0001:00024268       InvalidIcon
 0001:0002422C       InvalidOperation
 0001:00016088       InvalidPoint
 0001:00016074       InvalidPoint
 0002:00003798       InvalidPointer
 0001:0000222C       InvokeImplGetter
 0001:000018B8       IOResult
 0002:00000EB0       IOwnerDraw
 0002:00000E98       IRadios
 0002:00000EA8       IRTL
 0001:00062C30       IsAccel
 0001:0005F928       IsAccelChar
 0002:00003A18       IsAppThemed
 0001:00049590       IsBeforeTargetWindow
 0001:000059F4       IsChild
 0002:00003048       IsConsole
 0001:0001E2CC       IsDefault
 0001:0001E148       IsDefaultFloatProp
 0001:0001E1A4       IsDefaultInt64Prop
 0001:0001E470       IsDefaultInterfaceProp
 0001:0001E54C       IsDefaultMethodProp
 0001:0001E324       IsDefaultObjectProp
 0001:0001E0F0       IsDefaultOrdProp
 0001:0001E65C       IsDefaultPropertyValue
 0001:0001E1FC       IsDefaultStrProp
 0001:0001E3A4       IsDefaultValue
 0001:0001E5C4       IsDefaultVariantProp
 0001:000499EC       IsDelphiHandle
 0001:000059FC       IsDialogMessage
 0002:00000EA0       ISeparators
 0001:00005A04       IsIconic
 0001:00028B28       IsInfinite
 0001:0005F984       IsInitialChar
 0001:00008920       IsLeapYear
 0002:00003034       IsLibrary
 0002:00003049       IsMultiThread
 0001:0005426C       IsOrientationSet
 0001:00005A0C       IsRectEmpty
 0001:00049794       IsSiteChildOfClient
 0001:00013A9C       IsStoredProp
 0002:00003A14       IsThemeActive
 0002:000039BC       IsThemeBackgroundPartiallyTransparent
 0002:00003A24       IsThemeDialogTextureEnabled
 0002:000039B8       IsThemePartDefined
 0001:0001707C       IsUniqueGlobalComponentName
 0002:0000384C       IsUniqueGlobalComponentNameProc
 0001:00007220       IsValidIdent
 0001:0000B7A0       IsWesternGroup
 0001:00005A14       IsWindow
 0001:00005A1C       IsWindowEnabled
 0001:00005A24       IsWindowVisible
 0001:00005A2C       IsZoomed
 0001:0005B778       Iterate
 0001:0005B7D8       IterateMenus
 0002:0000002C       JITEnable
 0002:00002198       k
 0001:00062BE4       KeyboardStateToShiftState
 0001:00062BA8       KeyDataToShiftState
 0001:00062B54       KeysToShiftState
 0001:00005A34       KillTimer
 0001:00075114       LabRADAPIExceptions
 0001:00074CF8       LabRADAPIInfo
 0001:00077578       LabRADClient
 0001:00077540       LabRADConnection
 0001:00071D8C       LabRADDataConverter
 0001:00073C98       LabRADDataStructures
 0001:00077970       LabRADEnvironmentDialog
 0001:00075B4C       LabRADEnvironmentVariables
 0001:0006ED5C       LabRADExceptions
 0001:000715D4       LabRADFlattenBigEndian
 0001:00071AAC       LabRADFlattener
 0001:000713FC       LabRADFlattenLittleEndian
 0001:00071D10       LabRADFreeData
 0001:00071BB8       LabRADFreeDataInt
 0001:000706DC       LabRADLinearUnits
 0001:000756A4       LabRADManagerDialog
 0001:00074FFC       LabRADMD5
 0001:00071D54       LabRADMemoryTools
 0002:0000102C       LabRADNodeTypeName
 0001:00070AA0       LabRADNonLinearUnits
 0001:00075CEC       LabRADPacketHandler
 0001:000743A8       LabRADPacketQueues
 0001:0007599C       LabRADPasswordDialog
 0001:00071AE4       LabRADPrettyPrinter
 0001:00078C58       LabRADServer
 0001:00073F08       LabRADSharedObjects
 0001:00074A2C       LabRADSocket
 0001:000713D4       LabRADTimeStamps
 0001:0006FCC0       LabRADTypeTree
 0001:0007139C       LabRADUnflattener
 0001:00070AD8       LabRADUnitConversion
 0001:0006DF04       LabRADWinSock2
 0001:0006E64C       LabRADWSAThreadSocket
 0001:00071AEC       LabRADZeroData
 0001:000077A0       LastDelimiter
 0001:0000B6CC       LCIDToCodePage
 0001:00004E90       LCIDToCodePage
 0002:0000010C       LeadBytes
 0001:0000548C       LeaveCriticalSection
 0001:00000380       LeaveCriticalSection
 0002:00000034       LibModuleList
 0002:00001FAC       LinearUnitPrefixes
 0002:00003E08       LinearUnits
 0001:0000565C       LineTo
 0001:000343CC       ListActns
 0001:0004A57C       ListAdd
 0001:000335D8       ListItemsCompare
 0001:0004A5A4       ListRemove
 0002:0000374E       ListSeparator
 0001:00029170       ListView_Arrange
 0001:0002921C       ListView_CreateDragImage
 0001:000290C0       ListView_DeleteAllItems
 0001:000291C8       ListView_DeleteColumn
 0001:000290A8       ListView_DeleteItem
 0001:000290F8       ListView_FindItem
 0001:000292F0       ListView_GetCheckState
 0001:000293EC       ListView_GetColumnOrderArray
 0001:000291E0       ListView_GetColumnWidth
 0001:00029188       ListView_GetEditControl
 0001:00029434       ListView_GetHoverTime
 0001:00029060       ListView_GetItem
 0001:0002904C       ListView_GetItemCount
 0001:00029108       ListView_GetItemRect
 0001:000292E0       ListView_GetItemState
 0001:000290D4       ListView_GetNextItem
 0001:00029278       ListView_GetOrigin
 0001:000293A8       ListView_GetSelectedCount
 0001:00029268       ListView_GetTopIndex
 0001:00029144       ListView_HitTest
 0001:000291B8       ListView_InsertColumn
 0001:00029090       ListView_InsertItem
 0001:00029154       ListView_RedrawItems
 0001:00029018       ListView_SetBkColor
 0001:00029310       ListView_SetCheckState
 0001:0002919C       ListView_SetColumn
 0001:000293D0       ListView_SetColumnOrderArray
 0001:000291F8       ListView_SetColumnWidth
 0001:000293B8       ListView_SetExtendedListViewStyle
 0001:00029424       ListView_SetHoverTime
 0001:00029030       ListView_SetImageList
 0001:00029078       ListView_SetItem
 0001:0002936C       ListView_SetItemCount
 0001:0002937C       ListView_SetItemCountEx
 0001:000292B0       ListView_SetItemState
 0001:0002933C       ListView_SetItemText
 0001:00029250       ListView_SetTextBkColor
 0001:00029238       ListView_SetTextColor
 0001:00029408       ListView_SetWorkAreas
 0001:0002938C       ListView_SortItems
 0001:00029290       ListView_Update
 0001:00005A3C       LoadBitmap
 0001:00005A44       LoadCursor
 0001:00005A4C       LoadIcon
 0001:00005A54       LoadKeyboardLayout
 0001:00005494       LoadLibrary
 0001:000002A4       LoadLibraryEx
 0001:0000549C       LoadResource
 0001:00004598       LoadResourceModule
 0001:00004E38       LoadResString
 0001:000002AC       LoadString
 0001:00005A5C       LoadString
 0001:00005034       LocalAlloc
 0001:00000350       LocalAlloc
 0001:00000358       LocalFree
 0001:0000A1E0       LocalGetLocaleStr
 0002:00003A4C       Lock
 0001:000054A4       LockResource
 0001:00028A50       Log10
 0002:00003690       LongDateFormat
 0002:00003724       LongDayNames
 0002:000036D8       LongMonthNames
 0002:000036A4       LongTimeFormat
 0001:00006EBC       LowerCase
 0001:0000552C       lstrcmp
 0001:00005534       lstrcpy
 0001:000002B4       lstrcpyn
 0002:00003820       LVarTypes
 0002:00003824       LVarTypeSync
 0001:0007CDFC       MACtoStr
 0001:0007C8EC       Main
 0002:000071FC       MainForm
 0002:0000302C       MainInstance
 0002:00003030       MainThreadID
 0001:000003E0       MakeEmpty
 0001:00002D18       MakeErrorMessage
 0002:00000DB4       MakeLast
 0001:00005C1C       MakeLong
 0001:00062B38       MakeObjectInstance
 0001:00021030       MakeObjectInstance
 0001:00005C80       MakeROP4
 0001:00005CB8       MakeWParam
 0002:000071BC       ManagerDialogForm
 0001:0000ACA4       MapException
 0001:00032730       Mapi
 0002:00000AA4       MAPIDLL
 0002:00000AA8       MAPIModule
 0001:00002A20       MapToRunError
 0001:00005A64       MapVirtualKey
 0001:00005A6C       MapWindowPoints
 0002:00000DEC       Mask
 0001:00005664       MaskBlt
 0001:00028BF4       Math
 0001:00028B74       Max
 0001:000654E8       MaximizedChildren
 0001:00074D00       MD5Digest
 0002:0000003C       MemoryManager
 0002:00000E08       MenuKeyCaps
 0001:000609A0       Menus
 0001:00000430       MergeBlockAfter
 0001:00000EFC       MergeCommit
 0001:0000024C       MessageBox
 0001:00005A74       MessageBox
 0001:00005ED8       Messages
 0001:00017AF8       Min
 0001:00028B6C       Min
 0001:0004DE28       MinVar
 0002:00003934       MMAvailable
 0002:00000DCC       ModeMap
 0001:000671E0       ModifySystemMenu
 0002:000000A4       Module
 0002:00003661       ModuleIsCpp
 0002:00003660       ModuleIsLib
 0001:00021000       ModuleUnload
 0002:00000038       ModuleUnloadList
 0002:00003910       MonitorFromPoint
 0002:0000390C       MonitorFromRect
 0002:00003908       MonitorFromWindow
 0002:000000DC       MonthDays
 0002:00003B24       Mouse
 0001:000018D8       Move
 0001:0000566C       MoveToEx
 0001:0004A5C4       MoveWindowOrg
 0001:00005A7C       MsgWaitForMultipleObjects
 0001:000054AC       MulDiv
 0001:000002C4       MultiByteToWideChar
 0001:0006C824       MultiLineWidth
 0001:00029BF4       MultiMon
 0002:00000AE4       MultiSelections
 0002:00003685       NegCurrFormat
 0001:00000F88       NewCommit
 0001:00000FB4       NewCommitAt
 0002:00000A90       NewState
 0002:00003B28       NewStyleControls
 0001:0000B550       NextCharIndex
 0001:00054250       NextVisibleZone
 0002:00000488       NilMethod
 0002:00000030       NoErrMsg
 0002:00002138       NonLinearUnits
 0001:0005C58C       NormalDraw
 0001:000025D8       NotifyAnyExcept
 0001:00017F84       NotifyDesigner
 0001:000025AC       NotifyExcept
 0001:0000260C       NotifyExceptFinally
 0001:0001717C       NotifyGlobalLoading
 0001:00004898       NotifyModuleUnload
 0001:00002588       NotifyNonDelphiException
 0001:000025C4       NotifyOnExcept
 0001:0000256C       NotifyReRaise
 0001:00002634       NotifyTerminate
 0001:00002650       NotifyUnhandled
 0001:00008BE8       Now
 0001:0005F304       NthParentOf
 0001:000135A4       Null
 0002:00000324       NullAsStringValue
 0001:0001247C       NullCompare
 0002:00000318       NullEqualityRule
 0002:0000031C       NullMagnitudeRule
 0002:00000320       NullStrictConvert
 0002:00002398       o
 0001:0001E28C       ObjectAncestorMatch
 0001:00048AE0       ObjectFromHWnd
 0002:00000C44       OEMConverts
 0001:00005A84       OemToAnsi
 0001:00005190       OffsetRect
 0001:00005A8C       OffsetRect
 0002:00003984       OpenThemeData
 0002:00000DAC       OrientArray
 0002:00000D78       OuterStyles
 0002:00003794       OutOfMemory
 0001:00024274       OutOfResources
 0002:00003218       Output
 0001:0001EB58       OwnedBy
 0001:0006D3EC       Packets
 0002:00000328       PackVarCreation
 0002:000007A0       Pal16
 0001:00022648       PaletteChanged
 0001:00024A60       PaletteFromDIBColorTable
 0001:00024B04       PaletteToDIBColorTable
 0002:0000079C       PalSize
 0001:00054634       ParentNotLast
 0002:000071C4       PasswordDialogForm
 0002:00000C20       Passwords
 0001:00005674       PatBlt
 0002:000038EC       PatternManager
 0001:0006D478       Pcap
 0001:0006D42C       PCapAvailable
 0001:0007D138       PCapCallback
 0002:00003C08       pcap_breakloop
 0002:00003C04       pcap_close
 0002:00003C18       pcap_compile
 0002:00003C4C       pcap_dispatch
 0002:00003C28       pcap_dump
 0002:00003C2C       pcap_dump_close
 0002:00003C24       pcap_dump_open
 0002:00003BF0       pcap_findalldevs
 0002:00003BF4       pcap_findalldevs_ex
 0002:00003BF8       pcap_freealldevs
 0002:00003C20       pcap_geterr
 0002:00003C48       pcap_getevent
 0002:00003C14       pcap_lookupnet
 0002:00003C0C       pcap_loop
 0002:00003C10       pcap_next_ex
 0002:00003C00       pcap_open
 0002:00003BFC       pcap_open_live
 0002:00003C30       pcap_sendpacket
 0002:00003C38       pcap_sendqueue_alloc
 0002:00003C44       pcap_sendqueue_destroy
 0002:00003C3C       pcap_sendqueue_queue
 0002:00003C40       pcap_sendqueue_transmit
 0002:00003C1C       pcap_setfilter
 0002:00003C34       pcap_setmode
 0001:00005A94       PeekMessage
 0002:000038E0       PenManager
 0002:0000076C       PenModes
 0002:0000074C       PenStyles
 0001:00048DDC       PerformEraseBackground
 0001:00005188       Point
 0001:00015FFC       Point
 0001:00016450       PointerInModule
 0001:0004F6C4       PointsEqual
 0001:00005CA0       PointToSmallPoint
 0001:0000567C       Polyline
 0002:00003BB4       PopupList
 0001:00005A9C       PostMessage
 0001:00005AA4       PostQuitMessage
 0001:00028A60       Power
 0001:0002ACA8       Printers
 0002:00000494       Priorities
 0001:000688F4       ProcessExecute
 0001:00062E60       ProcessHorz
 0001:000689F4       ProcessUpdate
 0001:00062ECC       ProcessVert
 0001:0001AC58       PropertyNotFound
 0001:0001BEC0       PropPathError
 0002:00000F10       Props
 0001:0001AC4C       PropValueError
 0001:00005AAC       PtInRect
 0002:000000A0       PtrToNil
 0001:00008088       PutExponent
 0002:00003B6C       QualifyingSites
 0002:00002298       r
 0001:0000AC60       RaiseAssertException
 0001:00019C08       RaiseException
 0001:0000020C       RaiseException
 0002:00003014       RaiseExceptionProc
 0001:0000BCAC       RaiseLastOSError
 0001:00039360       ReadCols
 0001:000553A4       ReadControlName
 0001:0001D100       ReadCustomVariant
 0001:0001AC34       ReadError
 0001:000054B4       ReadFile
 0001:00024DB0       ReadIcon
 0002:00000C28       ReadOnlys
 0001:000125B4       RealCompare
 0001:00005684       RealizePalette
 0001:0001B474       Recover
 0001:0000516C       Rect
 0001:00016024       Rect
 0001:00005694       Rectangle
 0001:0000568C       RectVisible
 0001:0006DE4C       recv
 0001:00005AB4       RedrawWindow
 0002:00003818       RefAnyProc
 0002:00003A48       ReferenceCount
 0001:000052F4       RegCloseKey
 0001:000002CC       RegCloseKey
 0002:0000385C       RegGroups
[...]
    65 0001:00075946    70 0001:0007594C    71 0001:0007594F    72 0001:0007595D
    73 0001:00075968    75 0001:0007599C    75 0001:000759A3

Line numbers for LabRADEnvironmentVariables(LabRADEnvironmentVariables.pas) segment .text

    38 0001:000759A4    39 0001:000759C4    40 0001:000759D1    41 0001:000759DD
    42 0001:000759F8    43 0001:00075A33    50 0001:00075A44    51 0001:00075A6B
    52 0001:00075A78    53 0001:00075A85    54 0001:00075A9E    55 0001:00075AA3
    56 0001:00075AAB    57 0001:00075AB9    58 0001:00075AC2    60 0001:00075ADC
    62 0001:00075B09    65 0001:00075B4C    65 0001:00075B53

Line numbers for LabRADPacketHandler(LabRADPacketHandler.pas) segment .text

    62 0001:00075BC0    63 0001:00075BD9    64 0001:00075BE4    65 0001:00075BF3
    66 0001:00075BF6    67 0001:00075C02    68 0001:00075C06    69 0001:00075C26
    74 0001:00075C30    76 0001:00075C33    77 0001:00075C3B    78 0001:00075C42
    83 0001:00075C44    86 0001:00075C4A    87 0001:00075C5B    89 0001:00075C61
    90 0001:00075C7D    93 0001:00075C84    84 0001:00075C8B    96 0001:00075C91
   101 0001:00075C94   102 0001:00075C95   103 0001:00075CB7   105 0001:00075CEC
   105 0001:00075CF3

Line numbers for LabRADConnection(LabRADConnection.pas) segment .text

   184 0001:00076418   185 0001:0007642A   186 0001:00076433   187 0001:0007643B
   188 0001:00076441   189 0001:00076460   192 0001:00076464   193 0001:0007646B
   194 0001:0007647C   195 0001:00076496   196 0001:000764AB   198 0001:000764C5
   200 0001:000764CE   205 0001:000764D4   206 0001:000764EB   207 0001:000764F4
   208 0001:000764F8   209 0001:00076507   210 0001:00076516   211 0001:0007651E
   212 0001:00076523   213 0001:0007652E   214 0001:0007653B   215 0001:00076558
   216 0001:0007655F   217 0001:00076567   218 0001:00076571   219 0001:0007658C
   220 0001:000765C0   223 0001:000765E4   224 0001:000765EF   225 0001:000765FE
   226 0001:00076609   227 0001:00076614   228 0001:0007661C   229 0001:00076624
   230 0001:0007663B   240 0001:00076640   241 0001:00076648   245 0001:0007664C
   246 0001:00076654   251 0001:00076658   252 0001:00076666   253 0001:00076674
   254 0001:0007667E   255 0001:00076684   257 0001:000766A1   258 0001:000766A4
   259 0001:000766AB   261 0001:000766BB   263 0001:000766D1   266 0001:000766E2
   267 0001:000766EA   268 0001:00076704   269 0001:00076713   270 0001:00076734
   272 0001:00076774   274 0001:000767B0   267 0001:000767B3   276 0001:000767BE
   280 0001:000767D5   282 0001:000767E5   285 0001:000767F0   286 0001:000767F1
   287 0001:0007680C   290 0001:00076810   291 0001:00076813   292 0001:00076817
   293 0001:0007681F   294 0001:00076824   295 0001:0007682F   296 0001:0007683E
   302 0001:00076840   303 0001:00076857   304 0001:00076864   305 0001:00076872
   306 0001:00076876   307 0001:00076889   308 0001:0007689A   309 0001:000768A5
   310 0001:000768AF   311 0001:000768C5   312 0001:000768DE   313 0001:000768F4
   315 0001:00076902   316 0001:00076907   317 0001:00076912   318 0001:00076935
   319 0001:00076949   320 0001:0007695C   321 0001:0007697D   324 0001:000769AC
   325 0001:000769AF   326 0001:000769B9   327 0001:000769BE   328 0001:000769C6
   329 0001:000769CA   331 0001:000769D9   332 0001:000769DE   333 0001:000769E9
   337 0001:000769EC   338 0001:000769F1   339 0001:000769F7   341 0001:00076A09
   343 0001:00076A0C   349 0001:00076A10   350 0001:00076A2F   351 0001:00076A3C
   352 0001:00076A63   353 0001:00076A77   354 0001:00076A85   355 0001:00076A98
   356 0001:00076AB0   357 0001:00076AB6   358 0001:00076AC0   359 0001:00076AD8
   360 0001:00076AE8   361 0001:00076AEF   363 0001:00076AF4   365 0001:00076B0A
   366 0001:00076B20   367 0001:00076B2E   368 0001:00076B5D   370 0001:00076B72
   372 0001:00076B9B   376 0001:00076BC8   377 0001:00076BE1   378 0001:00076C00
   379 0001:00076C22   380 0001:00076C38   381 0001:00076C4A   383 0001:00076C5F
   385 0001:00076C83   388 0001:00076C8C   389 0001:00076C95   390 0001:00076CB4
   391 0001:00076CC8   393 0001:00076CD1   395 0001:00076CD8   399 0001:00076CE0
   400 0001:00076CFA   401 0001:00076D05   431 0001:00076D08   432 0001:00076D19
   433 0001:00076D33   434 0001:00076D45   435 0001:00076D53   437 0001:00076D79
   438 0001:00076D87   441 0001:00076D91   442 0001:00076DA6   451 0001:00076DB0
   452 0001:00076DBE   453 0001:00076DD8   454 0001:00076DEA   455 0001:00076DF8
   457 0001:00076E1E   458 0001:00076E2C   461 0001:00076E36   462 0001:00076E40
   463 0001:00076E4B   464 0001:00076E4E   465 0001:00076E67   482 0001:00076E70
   483 0001:00076E77   484 0001:00076E79   485 0001:00076E80   486 0001:00076E84
   487 0001:00076EA2   488 0001:00076ED7   489 0001:00076EEA   490 0001:00076EED
   510 0001:00076F20   511 0001:00076F44   514 0001:00076F4E   516 0001:00076F50
   517 0001:00076F58   518 0001:00076F84   519 0001:00076F96   520 0001:00076F9E
   523 0001:00076FB3   527 0001:00076FDB   528 0001:00076FF1   529 0001:00077009
   530 0001:00077017   532 0001:0007701E   531 0001:00077021   533 0001:0007705F
   534 0001:00077079   535 0001:00077085   538 0001:000770A9   528 0001:000770AA
   542 0001:000770B3   543 0001:000770BD   545 0001:000770C1   546 0001:000770CE
   544 0001:000770CF   548 0001:000770E1   551 0001:000770EB   554 0001:00077102
   555 0001:00077108   556 0001:0007711A   558 0001:00077133   559 0001:00077145
   563 0001:0007715C   564 0001:00077174   565 0001:00077188   566 0001:00077192
   567 0001:000771B2   569 0001:000771CC   564 0001:000771CD   570 0001:000771D2
   571 0001:000771F5   572 0001:00077209   571 0001:00077239   575 0001:0007723E
   578 0001:00077250   579 0001:00077266   580 0001:00077274   582 0001:000772C8
   586 0001:000772D8   587 0001:000772E2   588 0001:000772F8   589 0001:00077323
   590 0001:00077348   591 0001:00077366   592 0001:0007736E   593 0001:00077371
   596 0001:00077381   597 0001:00077386   598 0001:0007739E   599 0001:000773AC
   600 0001:000773E6   601 0001:0007741A   602 0001:0007746C   603 0001:00077478
   604 0001:000774AF   606 0001:000774B2   597 0001:000774B3   610 0001:000774BC
   611 0001:000774EF   718 0001:00077540   718 0001:00077547

Line numbers for LabRADClient(LabRADClient.pas) segment .text

    74 0001:00077578    74 0001:0007757F

Line numbers for LabRADEnvironmentDialog(LabRADEnvironmentDialog.pas) segment .text

    61 0001:000777BC    63 0001:000777F1    64 0001:000777FF    65 0001:00077827
    67 0001:0007784F    69 0001:0007785C    71 0001:0007786A    72 0001:000778C3
    77 0001:00077920    78 0001:00077923    79 0001:00077931    80 0001:0007793C
    82 0001:00077970    82 0001:00077977

Line numbers for LabRADServer(LabRADServer.pas) segment .text

    88 0001:00077D68    89 0001:00077D7A    90 0001:00077D83    91 0001:00077D90
    92 0001:00077DA0    93 0001:00077DAB    94 0001:00077DDD   100 0001:00077E2C
   102 0001:00077E48   104 0001:00077E53   105 0001:00077E55   106 0001:00077E64
   107 0001:00077E6C   108 0001:00077E80   109 0001:00077E94   110 0001:00077EA3
   111 0001:00077EAB   112 0001:00077EAD   113 0001:00077EC1   114 0001:00077ED5
   115 0001:00077EE0   116 0001:00077EE6   117 0001:00077EF0   118 0001:00077F06
   119 0001:00077F1C   121 0001:00077F32   124 0001:00077F48   125 0001:00077F50
   126 0001:00077F63   127 0001:00077F71   128 0001:00077F80   129 0001:00077F92
   130 0001:00077FC8   134 0001:00077FEC   135 0001:00077FF4   137 0001:00077FF8
   136 0001:00077FF9   138 0001:00078028   139 0001:0007803B   140 0001:00078058
   141 0001:0007807A   142 0001:00078090   143 0001:0007809F   144 0001:000780CD
   146 0001:000780DC   147 0001:0007810D   148 0001:00078114   149 0001:00078133
   150 0001:00078149   157 0001:00078150   158 0001:00078172   160 0001:00078198
   161 0001:000781AA   162 0001:000781BE   163 0001:000781F3   166 0001:00078207
   167 0001:0007821F   168 0001:0007822D   169 0001:0007823E   170 0001:00078281
   172 0001:00078292   173 0001:000782AC   175 0001:000782CA   177 0001:000782F8
   179 0001:0007832B   180 0001:0007832D   181 0001:00078360   183 0001:00078373
   184 0001:00078375   185 0001:000783B8   165 0001:000783CE   189 0001:000783F5
   190 0001:00078412   191 0001:00078421   192 0001:00078429   193 0001:00078446
   192 0001:00078474   194 0001:00078477   159 0001:000784B1   196 0001:000784EE
   200 0001:00078540   201 0001:00078552   203 0001:00078556   202 0001:00078557
   204 0001:00078587   205 0001:0007859A   206 0001:000785B4   207 0001:000785C5
   208 0001:000785F5   209 0001:00078624   210 0001:00078649   211 0001:00078652
   214 0001:0007865C   215 0001:00078686   216 0001:000786C1   220 0001:000786CC
   221 0001:000786D0   222 0001:000786E6   223 0001:000786F4   224 0001:00078706
   229 0001:0007870C   230 0001:0007878F   231 0001:000787A5   232 0001:000787B6
   233 0001:000787CB   234 0001:000787E4   235 0001:000787FD   236 0001:00078819
   237 0001:00078833   238 0001:0007884C   239 0001:0007888D   240 0001:000788D2
   241 0001:00078936   245 0001:0007895C   246 0001:00078963   247 0001:00078984
   248 0001:0007899A   247 0001:000789AE   249 0001:000789B1   253 0001:000789B8
   254 0001:000789BC   255 0001:000789D5   256 0001:000789E6   257 0001:00078A08
   258 0001:00078A20   259 0001:00078A33   262 0001:00078A48   263 0001:00078A4B
   264 0001:00078A50   268 0001:00078A54   269 0001:00078A5D   270 0001:00078A6B
   271 0001:00078A7B   273 0001:00078A82   274 0001:00078A9C   275 0001:00078ABE
   276 0001:00078AFE   278 0001:00078B26   272 0001:00078B27   282 0001:00078B3F
   285 0001:00078B43   283 0001:00078B44   286 0001:00078B84   287 0001:00078B97
   288 0001:00078BBC   289 0001:00078BF9   293 0001:00078C1F   301 0001:00078C58
   301 0001:00078C5F

Line numbers for Contexts(Contexts.pas) segment .text

    53 0001:00078D50    54 0001:00078D62    55 0001:00078D6B    56 0001:00078D83
    57 0001:00078D9B    58 0001:00078DA2    59 0001:00078DA7    60 0001:00078DAE
    61 0001:00078DB2    62 0001:00078DB6    63 0001:00078DD4    67 0001:00078DD8
    68 0001:00078DE3    69 0001:00078E02    70 0001:00078E19    74 0001:00078E1C
    75 0001:00078E1F    78 0001:00078E20    79 0001:00078E26    80 0001:00078E46
    81 0001:00078E54    86 0001:00078E58    87 0001:00078E63    88 0001:00078E6D
    89 0001:00078E71    90 0001:00078E9A    91 0001:00078EAA    92 0001:00078EAD
    93 0001:00078ECD    94 0001:00078EDB    95 0001:00078EEC    96 0001:00078EF6
    97 0001:00078EFC    98 0001:00078F0F    99 0001:00078F25   101 0001:00078F73
   102 0001:00078F86   104 0001:00078F9A   105 0001:00078FAA   106 0001:00078FBE
   107 0001:00078FD2   109 0001:00078FDF   110 0001:00078FFA   111 0001:0007900D
   112 0001:00079017   113 0001:00079029   114 0001:0007902F   116 0001:00079085
   118 0001:000790AB   119 0001:000790CE   120 0001:000790F4   121 0001:0007911A
   122 0001:00079123   112 0001:00079124   124 0001:0007912D   125 0001:00079134
   126 0001:0007914C   129 0001:0007915D   133 0001:000791AC   134 0001:000791C1
   135 0001:000791C7   136 0001:000791E6   137 0001:000791FA   139 0001:000791FF
   140 0001:00079210   141 0001:00079224   142 0001:0007922A   143 0001:0007923E
   144 0001:00079255   146 0001:000792A6   147 0001:000792BA   149 0001:000792CF
   150 0001:000792E0   151 0001:000792F5   152 0001:0007930A   154 0001:00079317
   155 0001:00079333   156 0001:00079347   157 0001:00079352   158 0001:00079361
   159 0001:00079367   161 0001:000793C0   163 0001:000793E4   164 0001:00079405
   165 0001:00079429   166 0001:0007944D   167 0001:00079456   157 0001:00079457
   169 0001:0007945E   170 0001:00079485   172 0001:000794A9   173 0001:000794B7
   174 0001:000794BC   175 0001:000794C8   176 0001:000794CE   177 0001:000794DA
   178 0001:000794EF   180 0001:000794F7   183 0001:00079514   186 0001:0007958C
   187 0001:00079591   188 0001:000795A2   189 0001:000795A9   191 0001:000795BF
   195 0001:000795E8   196 0001:000795EB   197 0001:0007960A   198 0001:00079622
   200 0001:00079654   200 0001:0007965B

Line numbers for GetMAC(GetMAC.pas) segment .text

    73 0001:0007965C    94 0001:000796A4    95 0001:000796D1    97 0001:000796D8
    98 0001:000796F1   104 0001:00079A05   106 0001:00079A07    96 0001:00079A08
   108 0001:00079A17   109 0001:00079A3C   114 0001:00079A48   115 0001:00079A5C
   117 0001:00079A63   118 0001:00079A73   124 0001:00079DC6   126 0001:00079DC8
   116 0001:00079DC9   128 0001:00079DD8   129 0001:00079DE0   144 0001:00079E30
   145 0001:00079E57   146 0001:00079E68   147 0001:00079E82   148 0001:00079E84
   149 0001:00079E8B   150 0001:00079E98   151 0001:00079EA8   152 0001:00079EB4
   153 0001:00079EC9   154 0001:00079EDB   156 0001:00079F04   157 0001:00079F28
   158 0001:00079F4E   159 0001:00079F8A   160 0001:00079FA7   161 0001:00079FC4
   162 0001:00079FE1   163 0001:00079FFE   164 0001:0007A01B   165 0001:0007A038
   167 0001:0007A051   168 0001:0007A072   153 0001:0007A073   170 0001:0007A07C
   172 0001:0007A0A5

Line numbers for Main(Main.pas) segment .text

    69 0001:0007A420    70 0001:0007A443    71 0001:0007A451    72 0001:0007A45A
    73 0001:0007A472    75 0001:0007A47E    76 0001:0007A4A0    77 0001:0007A4B8
    79 0001:0007A4C4    80 0001:0007A4C7    81 0001:0007A4E2    82 0001:0007A4E4
    83 0001:0007A4EC    84 0001:0007A4F6    85 0001:0007A51C    86 0001:0007A540
    87 0001:0007A559    88 0001:0007A5C4    89 0001:0007A620    90 0001:0007A67C
    91 0001:0007A6B3    92 0001:0007A6FD    93 0001:0007A758    94 0001:0007A780
    98 0001:0007A837    99 0001:0007A85A   100 0001:0007A87D   101 0001:0007A8A0
   102 0001:0007A8C3   103 0001:0007A901   105 0001:0007A91A   106 0001:0007A91C
    82 0001:0007A91D   108 0001:0007A925   109 0001:0007A933   110 0001:0007A9AB
   113 0001:0007AA74   114 0001:0007AA93   115 0001:0007AA9F   120 0001:0007AAD4
   126 0001:0007AB17   131 0001:0007AB49   136 0001:0007AB7E   143 0001:0007ABC6
   150 0001:0007AC0E   155 0001:0007AC40   161 0001:0007AC7D   166 0001:0007ACB2
   172 0001:0007ACEF   178 0001:0007AD2C   184 0001:0007AD6C   190 0001:0007ADAC
   196 0001:0007ADEC   202 0001:0007AE2C   207 0001:0007AE61   212 0001:0007AE96
   217 0001:0007AECB   222 0001:0007AF00   228 0001:0007AF3D   234 0001:0007AF7A
   235 0001:0007AFA2   239 0001:0007BC10   240 0001:0007BC2E   241 0001:0007BC35
   242 0001:0007BC49   243 0001:0007BC54   244 0001:0007BC6E   243 0001:0007BC90
   245 0001:0007BCBE   248 0001:0007BCC8   249 0001:0007BCCB   250 0001:0007BCD8
   251 0001:0007BCE3   254 0001:0007BCE8   255 0001:0007BCEE   256 0001:0007BCFA
   257 0001:0007BD06   258 0001:0007BD0F   263 0001:0007BD28   264 0001:0007BD4B
   265 0001:0007BD6F   266 0001:0007BD7D   267 0001:0007BD90   268 0001:0007BD9C
   269 0001:0007BDA4   266 0001:0007BDA5   270 0001:0007BDD8   276 0001:0007BE00
   277 0001:0007BE1D   278 0001:0007BE29   279 0001:0007BE32   280 0001:0007BE40
   281 0001:0007BE53   280 0001:0007BE66   282 0001:0007BE8C   286 0001:0007BEB0
   287 0001:0007BEB7   288 0001:0007BEBC   292 0001:0007BEC0   293 0001:0007BEC7
   294 0001:0007BECC   298 0001:0007BED0   299 0001:0007BED5   302 0001:0007BED8
   303 0001:0007BEDF   304 0001:0007BEE9   305 0001:0007BEF4   311 0001:0007BF14
   312 0001:0007BF45   313 0001:0007BF89   314 0001:0007BF8C   317 0001:0007C042
   318 0001:0007C055   319 0001:0007C069   320 0001:0007C086   321 0001:0007C0A2
   322 0001:0007C0F0   319 0001:0007C0F3   327 0001:0007C0FD   328 0001:0007C10D
   329 0001:0007C118   330 0001:0007C16C   331 0001:0007C176   332 0001:0007C189
   334 0001:0007C1C8   340 0001:0007C1E7   341 0001:0007C1EB   346 0001:0007C1FE
   347 0001:0007C20A   352 0001:0007C21D   353 0001:0007C23D   358 0001:0007C261
   359 0001:0007C268   364 0001:0007C27B   365 0001:0007C2B3   366 0001:0007C2B7
   371 0001:0007C2CA   372 0001:0007C2F4   377 0001:0007C307   378 0001:0007C320
   379 0001:0007C327   384 0001:0007C33A   385 0001:0007C350   386 0001:0007C36A
   387 0001:0007C370   388 0001:0007C38A   389 0001:0007C3B4   394 0001:0007C3C7
   395 0001:0007C3DE   396 0001:0007C413   397 0001:0007C426   402 0001:0007C435
   403 0001:0007C45B   408 0001:0007C46E   409 0001:0007C497   414 0001:0007C4AA
   415 0001:0007C4BB   417 0001:0007C4CD   418 0001:0007C4EA   419 0001:0007C500
   418 0001:0007C532   421 0001:0007C537   422 0001:0007C566   425 0001:0007C576
   427 0001:0007C632   439 0001:0007C784   440 0001:0007C79D   441 0001:0007C7A2
   442 0001:0007C7F3   443 0001:0007C822   447 0001:0007C848   448 0001:0007C869
   449 0001:0007C87B   450 0001:0007C886   451 0001:0007C88D   452 0001:0007C8B7
   454 0001:0007C8EC   454 0001:0007C8F3

Line numbers for Adapter(Adapter.pas) segment .text

    81 0001:0007CCE8    82 0001:0007CD0D    83 0001:0007CD13    84 0001:0007CD24
    85 0001:0007CD26    86 0001:0007CD42    87 0001:0007CD4F    88 0001:0007CD5F
    90 0001:0007CD6F    92 0001:0007CD72    95 0001:0007CD88    96 0001:0007CD8F
   100 0001:0007CDA7   101 0001:0007CDAE   104 0001:0007CDC3   106 0001:0007CDC8
    84 0001:0007CDC9   107 0001:0007CDD2   108 0001:0007CDF5   112 0001:0007CDFC
   113 0001:0007CE18   119 0001:0007D129   123 0001:0007D138   124 0001:0007D140
   125 0001:0007D151   126 0001:0007D15B   127 0001:0007D168   128 0001:0007D17B
   131 0001:0007D198   132 0001:0007D1B0   133 0001:0007D1BB   134 0001:0007D1BF
   135 0001:0007D1C2   136 0001:0007D1DF   140 0001:0007D1E8   141 0001:0007D203
   145 0001:0007D204   146 0001:0007D21D   153 0001:0007D220   154 0001:0007D247
   155 0001:0007D251   156 0001:0007D254   157 0001:0007D257   158 0001:0007D266
   159 0001:0007D270   160 0001:0007D288   161 0001:0007D28E   162 0001:0007D2A0
   163 0001:0007D2A4   164 0001:0007D2A7   165 0001:0007D2B6   166 0001:0007D2CC
   167 0001:0007D2CF   168 0001:0007D2DE   169 0001:0007D2F3   170 0001:0007D30B
   171 0001:0007D319   172 0001:0007D31C   173 0001:0007D337   174 0001:0007D33F
   175 0001:0007D344   176 0001:0007D349   177 0001:0007D35D   178 0001:0007D363
   180 0001:0007D372   181 0001:0007D37B   182 0001:0007D381   184 0001:0007D389
   185 0001:0007D392   188 0001:0007D3BA   192 0001:0007D3C4   193 0001:0007D3CC
   194 0001:0007D3D4   195 0001:0007D3DC   200 0001:0007D3E0   201 0001:0007D3F9
   202 0001:0007D3FF   203 0001:0007D401   204 0001:0007D405   205 0001:0007D40B
   206 0001:0007D40F   207 0001:0007D415   208 0001:0007D420   210 0001:0007D425
   211 0001:0007D42E   212 0001:0007D439   215 0001:0007D441   216 0001:0007D443
   203 0001:0007D446   219 0001:0007D44A   220 0001:0007D45B   221 0001:0007D4A9
   224 0001:0007D4BC   225 0001:0007D4BF   226 0001:0007D4CD   230 0001:0007D4D0
   231 0001:0007D50E   232 0001:0007D538   233 0001:0007D552   234 0001:0007D55C
   235 0001:0007D56C   236 0001:0007D583   237 0001:0007D59B   238 0001:0007D5B3
   239 0001:0007D605   242 0001:0007D628   243 0001:0007D631   244 0001:0007D642
   245 0001:0007D650   247 0001:0007D6A4   247 0001:0007D6AB

Line numbers for DirectEthernet(M:\Projects\LabRAD\Direct Ethernet\DirectEthernet.dpr) segment .text

    13 0001:0007D9D4    14 0001:0007D9E4    15 0001:0007D9F0    16 0001:0007DA08
    17 0001:0007DA14

Bound resource files

c:\program files\borland\delphi7\Lib\Buttons.res
c:\program files\borland\delphi7\Lib\ExtDlgs.res
c:\program files\borland\delphi7\Lib\Controls.res
M:\Packages\Thread Message Queue\ThreadMessageQueue.res
M:\Packages\LabRAD\API\LabRADManagerDialog.dfm
M:\Packages\LabRAD\API\LabRADPasswordDialog.dfm
M:\Packages\LabRAD\API\LabRADIcons.res
M:\Packages\LabRAD\API\LabRADEnvironmentDialog.dfm
Main.dfm
Adapter.dfm
DirectEthernet.res
DirectEthernet.drf


Program entry point at 0001:0007D9D4
